Component: ARM Compiler 5.06 update 5 (build 528) Tool: armlink [4d35e2]

==============================================================================

Section Cross References

    startup_stm32f427xx.o(RESET) refers to startup_stm32f427xx.o(STACK) for __initial_sp
    startup_stm32f427xx.o(RESET) refers to startup_stm32f427xx.o(.text) for Reset_Handler
    startup_stm32f427xx.o(RESET) refers to stm32f4xx_it.o(i.NMI_Handler) for NMI_Handler
    startup_stm32f427xx.o(RESET) refers to stm32f4xx_it.o(i.HardFault_Handler) for HardFault_Handler
    startup_stm32f427xx.o(RESET) refers to stm32f4xx_it.o(i.MemManage_Handler) for MemManage_Handler
    startup_stm32f427xx.o(RESET) refers to stm32f4xx_it.o(i.BusFault_Handler) for BusFault_Handler
    startup_stm32f427xx.o(RESET) refers to stm32f4xx_it.o(i.UsageFault_Handler) for UsageFault_Handler
    startup_stm32f427xx.o(RESET) refers to port.o(.emb_text) for SVC_Handler
    startup_stm32f427xx.o(RESET) refers to stm32f4xx_it.o(i.DebugMon_Handler) for DebugMon_Handler
    startup_stm32f427xx.o(RESET) refers to port.o(i.SysTick_Handler) for SysTick_Handler
    startup_stm32f427xx.o(RESET) refers to stm32f4xx_it.o(i.DMA1_Stream1_IRQHandler) for DMA1_Stream1_IRQHandler
    startup_stm32f427xx.o(RESET) refers to stm32f4xx_it.o(i.DMA1_Stream3_IRQHandler) for DMA1_Stream3_IRQHandler
    startup_stm32f427xx.o(RESET) refers to stm32f4xx_it.o(i.DMA1_Stream6_IRQHandler) for DMA1_Stream6_IRQHandler
    startup_stm32f427xx.o(RESET) refers to stm32f4xx_it.o(i.CAN1_RX0_IRQHandler) for CAN1_RX0_IRQHandler
    startup_stm32f427xx.o(RESET) refers to stm32f4xx_it.o(i.TIM2_IRQHandler) for TIM2_IRQHandler
    startup_stm32f427xx.o(RESET) refers to stm32f4xx_it.o(i.USART1_IRQHandler) for USART1_IRQHandler
    startup_stm32f427xx.o(RESET) refers to stm32f4xx_it.o(i.DMA2_Stream1_IRQHandler) for DMA2_Stream1_IRQHandler
    startup_stm32f427xx.o(RESET) refers to stm32f4xx_it.o(i.DMA2_Stream2_IRQHandler) for DMA2_Stream2_IRQHandler
    startup_stm32f427xx.o(RESET) refers to stm32f4xx_it.o(i.CAN2_RX1_IRQHandler) for CAN2_RX1_IRQHandler
    startup_stm32f427xx.o(RESET) refers to stm32f4xx_it.o(i.DMA2_Stream6_IRQHandler) for DMA2_Stream6_IRQHandler
    startup_stm32f427xx.o(RESET) refers to stm32f4xx_it.o(i.USART6_IRQHandler) for USART6_IRQHandler
    startup_stm32f427xx.o(RESET) refers to stm32f4xx_it.o(i.UART7_IRQHandler) for UART7_IRQHandler
    startup_stm32f427xx.o(RESET) refers to stm32f4xx_it.o(i.UART8_IRQHandler) for UART8_IRQHandler
    startup_stm32f427xx.o(.text) refers to system_stm32f4xx.o(i.SystemInit) for SystemInit
    startup_stm32f427xx.o(.text) refers to entry.o(.ARM.Collect$$$$00000000) for __main
    main.o(i.HAL_TIM_PeriodElapsedCallback) refers to stm32f4xx_hal.o(i.HAL_IncTick) for HAL_IncTick
    main.o(i.SystemClock_Config) refers to memseta.o(.text) for __aeabi_memclr4
    main.o(i.SystemClock_Config) refers to stm32f4xx_hal_rcc.o(i.HAL_RCC_OscConfig) for HAL_RCC_OscConfig
    main.o(i.SystemClock_Config) refers to stm32f4xx_hal_rcc.o(i.HAL_RCC_ClockConfig) for HAL_RCC_ClockConfig
    main.o(i.main) refers to stm32f4xx_hal.o(i.HAL_Init) for HAL_Init
    main.o(i.main) refers to main.o(i.SystemClock_Config) for SystemClock_Config
    main.o(i.main) refers to gpio.o(i.MX_GPIO_Init) for MX_GPIO_Init
    main.o(i.main) refers to dma.o(i.MX_DMA_Init) for MX_DMA_Init
    main.o(i.main) refers to can.o(i.MX_CAN1_Init) for MX_CAN1_Init
    main.o(i.main) refers to usart.o(i.MX_USART6_UART_Init) for MX_USART6_UART_Init
    main.o(i.main) refers to can.o(i.MX_CAN2_Init) for MX_CAN2_Init
    main.o(i.main) refers to usart.o(i.MX_UART8_Init) for MX_UART8_Init
    main.o(i.main) refers to spi.o(i.MX_SPI5_Init) for MX_SPI5_Init
    main.o(i.main) refers to tim.o(i.MX_TIM3_Init) for MX_TIM3_Init
    main.o(i.main) refers to usart.o(i.MX_UART7_Init) for MX_UART7_Init
    main.o(i.main) refers to usart.o(i.MX_USART1_UART_Init) for MX_USART1_UART_Init
    main.o(i.main) refers to freertos.o(i.MX_FREERTOS_Init) for MX_FREERTOS_Init
    main.o(i.main) refers to cmsis_os.o(i.osKernelStart) for osKernelStart
    gpio.o(i.MX_GPIO_Init) refers to memseta.o(.text) for __aeabi_memclr4
    gpio.o(i.MX_GPIO_Init) refers to stm32f4xx_hal_gpio.o(i.HAL_GPIO_WritePin) for HAL_GPIO_WritePin
    gpio.o(i.MX_GPIO_Init) refers to stm32f4xx_hal_gpio.o(i.HAL_GPIO_Init) for HAL_GPIO_Init
    freertos.o(i.MX_FREERTOS_Init) refers to memcpya.o(.text) for __aeabi_memcpy4
    freertos.o(i.MX_FREERTOS_Init) refers to cmsis_os.o(i.osThreadCreate) for osThreadCreate
    freertos.o(i.MX_FREERTOS_Init) refers to freertos.o(.constdata) for .constdata
    freertos.o(i.MX_FREERTOS_Init) refers to freertos.o(.data) for .data
    freertos.o(i.Task_Init) refers to cmsis_os.o(i.osDelay) for osDelay
    freertos.o(i.vApplicationGetIdleTaskMemory) refers to freertos.o(.bss) for .bss
    freertos.o(.constdata) refers to freertos.o(.conststring) for .conststring
[...]
    __aeabi_dsub                             0x08000595   Thumb Code     6  dadd.o(.text)
    __aeabi_drsub                            0x0800059b   Thumb Code     6  dadd.o(.text)
    __aeabi_dmul                             0x080005a1   Thumb Code   228  dmul.o(.text)
    __aeabi_ddiv                             0x08000685   Thumb Code   222  ddiv.o(.text)
    __aeabi_i2d                              0x08000763   Thumb Code    34  dflti.o(.text)
    __aeabi_d2iz                             0x08000785   Thumb Code    62  dfixi.o(.text)
    __aeabi_f2d                              0x080007c3   Thumb Code    38  f2d.o(.text)
    __aeabi_cdrcmple                         0x080007e9   Thumb Code    48  cdrcmple.o(.text)
    __aeabi_d2f                              0x08000819   Thumb Code    56  d2f.o(.text)
    __aeabi_llsl                             0x08000851   Thumb Code    30  llshl.o(.text)
    _ll_shift_l                              0x08000851   Thumb Code     0  llshl.o(.text)
    __aeabi_llsr                             0x0800086f   Thumb Code    32  llushr.o(.text)
    _ll_ushift_r                             0x0800086f   Thumb Code     0  llushr.o(.text)
    __aeabi_lasr                             0x0800088f   Thumb Code    36  llsshr.o(.text)
    _ll_sshift_r                             0x0800088f   Thumb Code     0  llsshr.o(.text)
    __I$use$fp                               0x080008b3   Thumb Code     0  iusefp.o(.text)
    _float_round                             0x080008b3   Thumb Code    18  fepilogue.o(.text)
    _float_epilogue                          0x080008c5   Thumb Code    92  fepilogue.o(.text)
    _double_round                            0x08000921   Thumb Code    30  depilogue.o(.text)
    _double_epilogue                         0x0800093f   Thumb Code   156  depilogue.o(.text)
    _dsqrt                                   0x080009db   Thumb Code   162  dsqrt.o(.text)
    __scatterload                            0x08000a7d   Thumb Code    28  init.o(.text)
    __scatterload_rt2                        0x08000a7d   Thumb Code     0  init.o(.text)
    __aeabi_ui2d                             0x08000aa1   Thumb Code    26  dfltui.o(.text)
    __decompress                             0x08000abb   Thumb Code     0  __dczerorl.o(.text)
    __decompress0                            0x08000abb   Thumb Code    58  __dczerorl.o(.text)
    BusFault_Handler                         0x08000af5   Thumb Code     2  stm32f4xx_it.o(i.BusFault_Handler)
    CAN1_RX0_IRQHandler                      0x08000af9   Thumb Code     6  stm32f4xx_it.o(i.CAN1_RX0_IRQHandler)
    CAN2_RX1_IRQHandler                      0x08000b05   Thumb Code     6  stm32f4xx_it.o(i.CAN2_RX1_IRQHandler)
    CANTransmit                              0x08000b11   Thumb Code    44  task_can.o(i.CANTransmit)
    CAN_Init                                 0x08000b45   Thumb Code    72  task_init.o(i.CAN_Init)
    CAN_Recieve                              0x08000b95   Thumb Code    24  task_init.o(i.CAN_Recieve)
    Chassis_CAN_Send                         0x08000bb5   Thumb Code    46  task_chassis.o(i.Chassis_CAN_Send)
    Chassis_Ctrl_Init                        0x08000bed   Thumb Code    38  task_chassis.o(i.Chassis_Ctrl_Init)
    Chassis_PID_Ctrl                         0x08000c1d   Thumb Code   140  task_chassis.o(i.Chassis_PID_Ctrl)
    Chassis_Speed_Set                        0x08000cbd   Thumb Code   226  task_chassis.o(i.Chassis_Speed_Set)
    DMA1_Stream1_IRQHandler                  0x08000db9   Thumb Code     6  stm32f4xx_it.o(i.DMA1_Stream1_IRQHandler)
    DMA1_Stream3_IRQHandler                  0x08000dc5   Thumb Code     6  stm32f4xx_it.o(i.DMA1_Stream3_IRQHandler)
    DMA1_Stream6_IRQHandler                  0x08000dd1   Thumb Code     6  stm32f4xx_it.o(i.DMA1_Stream6_IRQHandler)
    DMA2_Stream1_IRQHandler                  0x08000ddd   Thumb Code     6  stm32f4xx_it.o(i.DMA2_Stream1_IRQHandler)
    DMA2_Stream2_IRQHandler                  0x08000de9   Thumb Code     6  stm32f4xx_it.o(i.DMA2_Stream2_IRQHandler)
    DMA2_Stream6_IRQHandler                  0x08000df5   Thumb Code     6  stm32f4xx_it.o(i.DMA2_Stream6_IRQHandler)
    DebugMon_Handler                         0x08000ea5   Thumb Code     2  stm32f4xx_it.o(i.DebugMon_Handler)
    Error_Handler                            0x08000ea7   Thumb Code     2  main.o(i.Error_Handler)
    Fric_3508_Motor_Speed_Set                0x08000ea9   Thumb Code    38  task_shoot.o(i.Fric_3508_Motor_Speed_Set)
    Get_CRC16_Check_Sum                      0x08000ed9   Thumb Code    38  task_judgereceive .o(i.Get_CRC16_Check_Sum)
    Get_CRC8_Check_Sum                       0x08000f05   Thumb Code    24  task_judgereceive .o(i.Get_CRC8_Check_Sum)
    GimbalMotor_AngleSet                     0x08000f21   Thumb Code   864  task_gimbal.o(i.GimbalMotor_AngleSet)
    GimbalMotor_PID                          0x080012f5   Thumb Code   842  task_gimbal.o(i.GimbalMotor_PID)
    Gimbal_CAN_Pitch_Send                    0x080016c5   Thumb Code    52  task_gimbal.o(i.Gimbal_CAN_Pitch_Send)
    Gimbal_CAN_Send                          0x080016fd   Thumb Code    52  task_gimbal.o(i.Gimbal_CAN_Send)
    Gimbal_Init                              0x08001735   Thumb Code    66  task_gimbal.o(i.Gimbal_Init)
    HAL_CAN_ActivateNotification             0x08001781   Thumb Code    36  stm32f4xx_hal_can.o(i.HAL_CAN_ActivateNotification)
    HAL_CAN_AddTxMessage                     0x080017a5   Thumb Code   200  stm32f4xx_hal_can.o(i.HAL_CAN_AddTxMessage)
    HAL_CAN_ConfigFilter                     0x0800186d   Thumb Code   262  stm32f4xx_hal_can.o(i.HAL_CAN_ConfigFilter)
    HAL_CAN_ErrorCallback                    0x08001979   Thumb Code     2  stm32f4xx_hal_can.o(i.HAL_CAN_ErrorCallback)
    HAL_CAN_GetRxMessage                     0x0800197b   Thumb Code   232  stm32f4xx_hal_can.o(i.HAL_CAN_GetRxMessage)
    HAL_CAN_IRQHandler                       0x08001a63   Thumb Code   508  stm32f4xx_hal_can.o(i.HAL_CAN_IRQHandler)
    HAL_CAN_Init                             0x08001c5f   Thumb Code   282  stm32f4xx_hal_can.o(i.HAL_CAN_Init)
    HAL_CAN_MspInit                          0x08001d79   Thumb Code   228  can.o(i.HAL_CAN_MspInit)
    HAL_CAN_RxFifo0FullCallback              0x08001e75   Thumb Code     2  stm32f4xx_hal_can.o(i.HAL_CAN_RxFifo0FullCallback)
    HAL_CAN_RxFifo0MsgPendingCallback        0x08001e79   Thumb Code   218  task_can.o(i.HAL_CAN_RxFifo0MsgPendingCallback)
    HAL_CAN_RxFifo1FullCallback              0x08001f69   Thumb Code     2  stm32f4xx_hal_can.o(i.HAL_CAN_RxFifo1FullCallback)
    HAL_CAN_RxFifo1MsgPendingCallback        0x08001f6d   Thumb Code   164  task_can.o(i.HAL_CAN_RxFifo1MsgPendingCallback)
    HAL_CAN_SleepCallback                    0x08002021   Thumb Code     2  stm32f4xx_hal_can.o(i.HAL_CAN_SleepCallback)
    HAL_CAN_Start                            0x08002025   Thumb Code    88  stm32f4xx_hal_can.o(i.HAL_CAN_Start)
    HAL_CAN_TxMailbox0AbortCallback          0x0800207d   Thumb Code     2  stm32f4xx_hal_can.o(i.HAL_CAN_TxMailbox0AbortCallback)
    HAL_CAN_TxMailbox0CompleteCallback       0x0800207f   Thumb Code     2  stm32f4xx_hal_can.o(i.HAL_CAN_TxMailbox0CompleteCallback)
    HAL_CAN_TxMailbox1AbortCallback          0x08002081   Thumb Code     2  stm32f4xx_hal_can.o(i.HAL_CAN_TxMailbox1AbortCallback)
    HAL_CAN_TxMailbox1CompleteCallback       0x08002083   Thumb Code     2  stm32f4xx_hal_can.o(i.HAL_CAN_TxMailbox1CompleteCallback)
    HAL_CAN_TxMailbox2AbortCallback          0x08002085   Thumb Code     2  stm32f4xx_hal_can.o(i.HAL_CAN_TxMailbox2AbortCallback)
    HAL_CAN_TxMailbox2CompleteCallback       0x08002087   Thumb Code     2  stm32f4xx_hal_can.o(i.HAL_CAN_TxMailbox2CompleteCallback)
    HAL_CAN_WakeUpFromRxMsgCallback          0x08002089   Thumb Code     2  stm32f4xx_hal_can.o(i.HAL_CAN_WakeUpFromRxMsgCallback)
    HAL_DMA_Abort_IT                         0x0800208b   Thumb Code    36  stm32f4xx_hal_dma.o(i.HAL_DMA_Abort_IT)
    HAL_DMA_IRQHandler                       0x080020b1   Thumb Code   412  stm32f4xx_hal_dma.o(i.HAL_DMA_IRQHandler)
    HAL_DMA_Init                             0x08002251   Thumb Code   206  stm32f4xx_hal_dma.o(i.HAL_DMA_Init)
    HAL_DMA_Start_IT                         0x08002325   Thumb Code   120  stm32f4xx_hal_dma.o(i.HAL_DMA_Start_IT)
    HAL_Delay                                0x0800239d   Thumb Code    32  stm32f4xx_hal.o(i.HAL_Delay)
    HAL_GPIO_Init                            0x080023c1   Thumb Code   408  stm32f4xx_hal_gpio.o(i.HAL_GPIO_Init)
    HAL_GPIO_ReadPin                         0x0800258d   Thumb Code    10  stm32f4xx_hal_gpio.o(i.HAL_GPIO_ReadPin)
    HAL_GPIO_TogglePin                       0x08002597   Thumb Code    14  stm32f4xx_hal_gpio.o(i.HAL_GPIO_TogglePin)
    HAL_GPIO_WritePin                        0x080025a5   Thumb Code    10  stm32f4xx_hal_gpio.o(i.HAL_GPIO_WritePin)
    HAL_GetTick                              0x080025b1   Thumb Code     6  stm32f4xx_hal.o(i.HAL_GetTick)
    HAL_IncTick                              0x080025bd   Thumb Code    12  stm32f4xx_hal.o(i.HAL_IncTick)
    HAL_Init                                 0x080025cd   Thumb Code    48  stm32f4xx_hal.o(i.HAL_Init)
    HAL_InitTick                             0x08002601   Thumb Code   102  stm32f4xx_hal_timebase_tim.o(i.HAL_InitTick)
    HAL_MspInit                              0x08002675   Thumb Code    52  stm32f4xx_hal_msp.o(i.HAL_MspInit)
    HAL_NVIC_EnableIRQ                       0x080026ad   Thumb Code    26  stm32f4xx_hal_cortex.o(i.HAL_NVIC_EnableIRQ)
    HAL_NVIC_SetPriority                     0x080026c9   Thumb Code    60  stm32f4xx_hal_cortex.o(i.HAL_NVIC_SetPriority)
    HAL_NVIC_SetPriorityGrouping             0x08002709   Thumb Code    26  stm32f4xx_hal_cortex.o(i.HAL_NVIC_SetPriorityGrouping)
    HAL_RCC_ClockConfig                      0x0800272d   Thumb Code   286  stm32f4xx_hal_rcc.o(i.HAL_RCC_ClockConfig)
    HAL_RCC_GetClockConfig                   0x0800285d   Thumb Code    54  stm32f4xx_hal_rcc.o(i.HAL_RCC_GetClockConfig)
    HAL_RCC_GetPCLK1Freq                     0x0800289d   Thumb Code    20  stm32f4xx_hal_rcc.o(i.HAL_RCC_GetPCLK1Freq)
    HAL_RCC_GetPCLK2Freq                     0x080028bd   Thumb Code    20  stm32f4xx_hal_rcc.o(i.HAL_RCC_GetPCLK2Freq)
    HAL_RCC_GetSysClockFreq                  0x080028dd   Thumb Code    88  stm32f4xx_hal_rcc.o(i.HAL_RCC_GetSysClockFreq)
    HAL_RCC_OscConfig                        0x08002941   Thumb Code   770  stm32f4xx_hal_rcc.o(i.HAL_RCC_OscConfig)
    HAL_SPI_Init                             0x08002c5d   Thumb Code   128  stm32f4xx_hal_spi.o(i.HAL_SPI_Init)
    HAL_SPI_MspInit                          0x08002cdd   Thumb Code    94  spi.o(i.HAL_SPI_MspInit)
    HAL_SPI_TransmitReceive                  0x08002d49   Thumb Code   482  stm32f4xx_hal_spi.o(i.HAL_SPI_TransmitReceive)
    HAL_TIMEx_BreakCallback                  0x08002f2b   Thumb Code     2  stm32f4xx_hal_tim_ex.o(i.HAL_TIMEx_BreakCallback)
    HAL_TIMEx_CommutCallback                 0x08002f2d   Thumb Code     2  stm32f4xx_hal_tim_ex.o(i.HAL_TIMEx_CommutCallback)
    HAL_TIMEx_MasterConfigSynchronization    0x08002f2f   Thumb Code    66  stm32f4xx_hal_tim_ex.o(i.HAL_TIMEx_MasterConfigSynchronization)
    HAL_TIM_Base_Init                        0x08002f71   Thumb Code    54  stm32f4xx_hal_tim.o(i.HAL_TIM_Base_Init)
    HAL_TIM_Base_MspInit                     0x08002fa7   Thumb Code     2  stm32f4xx_hal_tim.o(i.HAL_TIM_Base_MspInit)
    HAL_TIM_Base_Start_IT                    0x08002fa9   Thumb Code    34  stm32f4xx_hal_tim.o(i.HAL_TIM_Base_Start_IT)
    HAL_TIM_IC_CaptureCallback               0x08002fcb   Thumb Code     2  stm32f4xx_hal_tim.o(i.HAL_TIM_IC_CaptureCallback)
    HAL_TIM_IRQHandler                       0x08002fcd   Thumb Code   358  stm32f4xx_hal_tim.o(i.HAL_TIM_IRQHandler)
    HAL_TIM_MspPostInit                      0x08003135   Thumb Code    68  tim.o(i.HAL_TIM_MspPostInit)
    HAL_TIM_OC_DelayElapsedCallback          0x08003185   Thumb Code     2  stm32f4xx_hal_tim.o(i.HAL_TIM_OC_DelayElapsedCallback)
    HAL_TIM_PWM_ConfigChannel                0x08003187   Thumb Code   208  stm32f4xx_hal_tim.o(i.HAL_TIM_PWM_ConfigChannel)
    HAL_TIM_PWM_Init                         0x08003257   Thumb Code    54  stm32f4xx_hal_tim.o(i.HAL_TIM_PWM_Init)
    HAL_TIM_PWM_MspInit                      0x0800328d   Thumb Code    30  tim.o(i.HAL_TIM_PWM_MspInit)
    HAL_TIM_PWM_PulseFinishedCallback        0x080032b5   Thumb Code     2  stm32f4xx_hal_tim.o(i.HAL_TIM_PWM_PulseFinishedCallback)
    HAL_TIM_PWM_Start                        0x080032b9   Thumb Code    58  stm32f4xx_hal_tim.o(i.HAL_TIM_PWM_Start)
    HAL_TIM_PeriodElapsedCallback            0x080032fd   Thumb Code    14  main.o(i.HAL_TIM_PeriodElapsedCallback)
    HAL_TIM_TriggerCallback                  0x0800330b   Thumb Code     2  stm32f4xx_hal_tim.o(i.HAL_TIM_TriggerCallback)
    HAL_UART_ErrorCallback                   0x0800330d   Thumb Code     2  stm32f4xx_hal_uart.o(i.HAL_UART_ErrorCallback)
    HAL_UART_IRQHandler                      0x08003311   Thumb Code   266  stm32f4xx_hal_uart.o(i.HAL_UART_IRQHandler)
    HAL_UART_Init                            0x08003421   Thumb Code    98  stm32f4xx_hal_uart.o(i.HAL_UART_Init)
    HAL_UART_MspInit                         0x08003485   Thumb Code   698  usart.o(i.HAL_UART_MspInit)
    HAL_UART_RxCpltCallback                  0x08003771   Thumb Code     2  stm32f4xx_hal_uart.o(i.HAL_UART_RxCpltCallback)
    HAL_UART_Transmit_DMA                    0x08003775   Thumb Code   114  stm32f4xx_hal_uart.o(i.HAL_UART_Transmit_DMA)
    HAL_UART_TxCpltCallback                  0x080037f5   Thumb Code     2  stm32f4xx_hal_uart.o(i.HAL_UART_TxCpltCallback)
    HAL_UART_TxHalfCpltCallback              0x080037f7   Thumb Code     2  stm32f4xx_hal_uart.o(i.HAL_UART_TxHalfCpltCallback)
    HardFault_Handler                        0x080037f9   Thumb Code     2  stm32f4xx_it.o(i.HardFault_Handler)
    JetsonCommUart_Config                    0x080037fd   Thumb Code    40  task_jetsoncomm.o(i.JetsonCommUart_Config)
    JetsonCommUart_ReConfig_In_IRQHandler    0x08003829   Thumb Code   114  task_jetsoncomm.o(i.JetsonCommUart_ReConfig_In_IRQHandler)
    JetsonComm_Control                       0x080038a9   Thumb Code   552  task_jetsoncomm.o(i.JetsonComm_Control)
    JudgeConnection_Init                     0x08003b11   Thumb Code    40  task_judgereceive .o(i.JudgeConnection_Init)
    JudgeReceive                             0x08003b3d   Thumb Code    88  task_judgereceive .o(i.JudgeReceive)
    Judge_IDLECallback                       0x08003b9d   Thumb Code   112  task_judgereceive .o(i.Judge_IDLECallback)
    Judge_Receive_Data_Processing            0x08003c1d   Thumb Code   260  task_judgereceive .o(i.Judge_Receive_Data_Processing)
    KF_Init                                  0x08003d2d   Thumb Code   274  task_jetsoncomm.o(i.KF_Init)
    L1_Measure_Callback                      0x08003e71   Thumb Code   120  task_measure.o(i.L1_Measure_Callback)
    L1_Measure_Init                          0x08003efd   Thumb Code    40  task_measure.o(i.L1_Measure_Init)
    L1_Measure_Update                        0x08003f29   Thumb Code   146  task_measure.o(i.L1_Measure_Update)
    MX_CAN1_Init                             0x08003fdd   Thumb Code    60  can.o(i.MX_CAN1_Init)
    MX_CAN2_Init                             0x08004021   Thumb Code    60  can.o(i.MX_CAN2_Init)
    MX_DMA_Init                              0x08004065   Thumb Code   136  dma.o(i.MX_DMA_Init)
    MX_FREERTOS_Init                         0x080040f1   Thumb Code    30  freertos.o(i.MX_FREERTOS_Init)
    MX_GPIO_Init                             0x08004119   Thumb Code   272  gpio.o(i.MX_GPIO_Init)
    MX_SPI5_Init                             0x08004239   Thumb Code    60  spi.o(i.MX_SPI5_Init)
    MX_TIM3_Init                             0x0800427d   Thumb Code   104  tim.o(i.MX_TIM3_Init)
    MX_UART7_Init                            0x080042ed   Thumb Code    48  usart.o(i.MX_UART7_Init)
    MX_UART8_Init                            0x08004325   Thumb Code    48  usart.o(i.MX_UART8_Init)
    MX_USART1_UART_Init                      0x0800435d   Thumb Code    54  usart.o(i.MX_USART1_UART_Init)
    MX_USART6_UART_Init                      0x080043a1   Thumb Code    48  usart.o(i.MX_USART6_UART_Init)
    MemManage_Handler                        0x080043d9   Thumb Code     2  stm32f4xx_it.o(i.MemManage_Handler)
    Motor_3508_PID_Calculate                 0x080043dd   Thumb Code   140  task_shoot.o(i.Motor_3508_PID_Calculate)
    Motor_3508_PID_Init                      0x0800447d   Thumb Code    30  task_shoot.o(i.Motor_3508_PID_Init)
    NMI_Handler                              0x080044a9   Thumb Code     2  stm32f4xx_it.o(i.NMI_Handler)
    PitchGravityCompensation                 0x080044ad   Thumb Code    90  task_gimbal.o(i.PitchGravityCompensation)
    RC_UART_IRQHandler                       0x08004515   Thumb Code   144  task_rc.o(i.RC_UART_IRQHandler)
    Shoot_CAN_Send                           0x08004671   Thumb Code    52  task_shoot.o(i.Shoot_CAN_Send)
    SmoothFilter                             0x080046ad   Thumb Code    24  task_gimbal.o(i.SmoothFilter)
    StatusMachine_Init                       0x080046c9   Thumb Code    18  task_statusmachine.o(i.StatusMachine_Init)
    StatusMachine_Update                     0x080046e1   Thumb Code    38  task_statusmachine.o(i.StatusMachine_Update)
    StirMotor_Blocked_Detect                 0x08004711   Thumb Code    62  task_shoot.o(i.StirMotor_Blocked_Detect)
    StirMotor_Control                        0x08004755   Thumb Code   144  task_shoot.o(i.StirMotor_Control)
    StirMotor_Init                           0x080047fd   Thumb Code    32  task_shoot.o(i.StirMotor_Init)
    Stir_Motor_Speed_Control                 0x08004829   Thumb Code   140  task_shoot.o(i.Stir_Motor_Speed_Control)
    SysTick_Handler                          0x080048c9   Thumb Code    38  port.o(i.SysTick_Handler)
    SystemClock_Config                       0x080048f5   Thumb Code   124  main.o(i.SystemClock_Config)
    SystemInit                               0x08004979   Thumb Code    66  system_stm32f4xx.o(i.SystemInit)
    TIM2_IRQHandler                          0x080049cd   Thumb Code     6  stm32f4xx_it.o(i.TIM2_IRQHandler)
    TIM_Base_SetConfig                       0x080049d9   Thumb Code   156  stm32f4xx_hal_tim.o(i.TIM_Base_SetConfig)
    TIM_CCxChannelCmd                        0x08004aa1   Thumb Code    26  stm32f4xx_hal_tim.o(i.TIM_CCxChannelCmd)
    TIM_OC2_SetConfig                        0x08004b1d   Thumb Code    98  stm32f4xx_hal_tim.o(i.TIM_OC2_SetConfig)
    Task_CAN                                 0x08004c41   Thumb Code    54  task_can.o(i.Task_CAN)
    Task_Chassis                             0x08004c89   Thumb Code    60  task_chassis.o(i.Task_Chassis)
    Task_Communication                       0x08004cc9   Thumb Code    86  task_communication.o(i.Task_Communication)
    Task_Detect                              0x08004d39   Thumb Code    48  task_measure.o(i.Task_Detect)
    Task_Gimbal                              0x08004d71   Thumb Code    82  task_gimbal.o(i.Task_Gimbal)
    Task_IMU                                 0x08004dcd   Thumb Code    34  task_imu.o(i.Task_IMU)
    Task_Init                                0x08004df1   Thumb Code   376  task_init.o(i.Task_Init)
    Task_JetsonComm                          0x08005071   Thumb Code    20  task_jetsoncomm.o(i.Task_JetsonComm)
    Task_JudgeReceive                        0x08005089   Thumb Code    18  task_judgereceive .o(i.Task_JudgeReceive)
    Task_LEDBlink                            0x0800509d   Thumb Code    32  task_ledblink.o(i.Task_LEDBlink)
    Task_Measure                             0x080050c1   Thumb Code    18  task_measure.o(i.Task_Measure)
    Task_Shoot                               0x080050d5   Thumb Code   132  task_shoot.o(i.Task_Shoot)
    Task_StatusMachine                       0x08005175   Thumb Code    26  task_statusmachine.o(i.Task_StatusMachine)
    UART7_IRQHandler                         0x08005191   Thumb Code    18  stm32f4xx_it.o(i.UART7_IRQHandler)
    UART8_IRQHandler                         0x080051a9   Thumb Code    18  stm32f4xx_it.o(i.UART8_IRQHandler)
    USART1_IRQHandler                        0x08005629   Thumb Code    18  stm32f4xx_it.o(i.USART1_IRQHandler)
    USART6_IRQHandler                        0x08005641   Thumb Code    18  stm32f4xx_it.o(i.USART6_IRQHandler)
    UsageFault_Handler                       0x08005659   Thumb Code     2  stm32f4xx_it.o(i.UsageFault_Handler)
    Verify_CRC16_Check_Sum                   0x0800565d   Thumb Code    54  task_judgereceive .o(i.Verify_CRC16_Check_Sum)
    Verify_CRC8_Check_Sum                    0x08005699   Thumb Code    38  task_judgereceive .o(i.Verify_CRC8_Check_Sum)
    Version_Init                             0x080056c1   Thumb Code   132  task_jetsoncomm.o(i.Version_Init)
    __ARM_fpclassify                         0x08005761   Thumb Code    48  fpclassify.o(i.__ARM_fpclassify)
    __hardfp_asin                            0x080057b1   Thumb Code   770  asin.o(i.__hardfp_asin)
    __hardfp_atan                            0x08005b11   Thumb Code   622  atan.o(i.__hardfp_atan)
    __hardfp_atan2                           0x08005de9   Thumb Code   432  atan2.o(i.__hardfp_atan2)
    __hardfp_fabs                            0x08005fd9   Thumb Code    20  fabs.o(i.__hardfp_fabs)
    __hardfp_sin                             0x08005ff1   Thumb Code   180  sin.o(i.__hardfp_sin)
    __hardfp_sqrt                            0x080060b9   Thumb Code   122  sqrt.o(i.__hardfp_sqrt)
    __ieee754_rem_pio2                       0x08006139   Thumb Code   938  rred.o(i.__ieee754_rem_pio2)
    __kernel_cos                             0x08006571   Thumb Code   322  cos_i.o(i.__kernel_cos)
    __kernel_poly                            0x080066e1   Thumb Code   248  poly.o(i.__kernel_poly)
    __kernel_sin                             0x080067d9   Thumb Code   280  sin_i.o(i.__kernel_sin)
    __mathlib_dbl_infnan                     0x08006909   Thumb Code    20  dunder.o(i.__mathlib_dbl_infnan)
    __mathlib_dbl_infnan2                    0x0800691d   Thumb Code    20  dunder.o(i.__mathlib_dbl_infnan2)
    __mathlib_dbl_invalid                    0x08006931   Thumb Code    24  dunder.o(i.__mathlib_dbl_invalid)
    __mathlib_dbl_underflow                  0x08006951   Thumb Code    24  dunder.o(i.__mathlib_dbl_underflow)
    __scatterload_copy                       0x08006971   Thumb Code    14  handlers.o(i.__scatterload_copy)
    __scatterload_null                       0x0800697f   Thumb Code     2  handlers.o(i.__scatterload_null)
    __scatterload_zeroinit                   0x08006981   Thumb Code    14  handlers.o(i.__scatterload_zeroinit)
    __set_errno                              0x08006991   Thumb Code     6  errno.o(i.__set_errno)
    atan                                     0x0800699d   Thumb Code    16  atan.o(i.atan)
    fabs                                     0x080069ad   Thumb Code    24  fabs.o(i.fabs)
    imu_ahrs_update                          0x080069c5   Thumb Code  1134  func_imu_ob.o(i.imu_ahrs_update)
    imu_attitude_update                      0x08006e35   Thumb Code   348  func_imu_ob.o(i.imu_attitude_update)
    imu_temp_ctrl                            0x08006fa5   Thumb Code    62  func_imu_ob.o(i.imu_temp_ctrl)
    init_quaternion                          0x08006fed   Thumb Code   362  func_imu_ob.o(i.init_quaternion)
    inv_sqrt                                 0x080071b9   Thumb Code    40  func_imu_ob.o(i.inv_sqrt)
    ist8310_get_data                         0x080071e5   Thumb Code    10  func_imu_ob.o(i.ist8310_get_data)
    ist8310_init                             0x080071ef   Thumb Code   256  func_imu_ob.o(i.ist8310_init)
    kalman_filter_init                       0x08007369   Thumb Code   258  task_jetsoncomm.o(i.kalman_filter_init)
    main                                     0x0800746b   Thumb Code    58  main.o(i.main)
    mpu_device_init                          0x080074b1   Thumb Code    90  func_imu_ob.o(i.mpu_device_init)
    mpu_get_data                             0x08007515   Thumb Code   226  func_imu_ob.o(i.mpu_get_data)
    mpu_offset_call                          0x0800769d   Thumb Code   160  func_imu_ob.o(i.mpu_offset_call)
    mpu_read_byte                            0x08007741   Thumb Code    68  func_imu_ob.o(i.mpu_read_byte)
    mpu_read_bytes                           0x08007791   Thumb Code    80  func_imu_ob.o(i.mpu_read_bytes)
    mpu_set_accel_fsr                        0x080077ed   Thumb Code    10  func_imu_ob.o(i.mpu_set_accel_fsr)
    mpu_set_gyro_fsr                         0x080077f7   Thumb Code    10  func_imu_ob.o(i.mpu_set_gyro_fsr)
    mpu_write_byte                           0x08007801   Thumb Code    72  func_imu_ob.o(i.mpu_write_byte)
    osKernelStart                            0x08007855   Thumb Code    10  cmsis_os.o(i.osKernelStart)
    osThreadCreate                           0x0800785f   Thumb Code    84  cmsis_os.o(i.osThreadCreate)
    pvPortMalloc                             0x08007d39   Thumb Code   210  heap_4.o(i.pvPortMalloc)
    pxPortInitialiseStack                    0x08007e11   Thumb Code    40  port.o(i.pxPortInitialiseStack)
    send                                     0x08007e3d   Thumb Code    60  task_communication.o(i.send)
    sqrt                                     0x08007e81   Thumb Code   110  sqrt.o(i.sqrt)
    ulTaskNotifyTake                         0x08007ef1   Thumb Code    96  tasks.o(i.ulTaskNotifyTake)
    uxListRemove                             0x08007f59   Thumb Code    38  list.o(i.uxListRemove)
    vApplicationGetIdleTaskMemory            0x08007f81   Thumb Code    16  freertos.o(i.vApplicationGetIdleTaskMemory)
    vListInitialise                          0x08007f95   Thumb Code    22  list.o(i.vListInitialise)
    vListInitialiseItem                      0x08007fab   Thumb Code     6  list.o(i.vListInitialiseItem)
    vListInsert                              0x08007fb1   Thumb Code    48  list.o(i.vListInsert)
    vListInsertEnd                           0x08007fe1   Thumb Code    24  list.o(i.vListInsertEnd)
    vPortEnterCritical                       0x08007ff9   Thumb Code    54  port.o(i.vPortEnterCritical)
    vPortExitCritical                        0x08008039   Thumb Code    34  port.o(i.vPortExitCritical)
    vPortFree                                0x08008061   Thumb Code    88  heap_4.o(i.vPortFree)
    vPortSetupTimerInterrupt                 0x080080bd   Thumb Code    32  port.o(i.vPortSetupTimerInterrupt)
    vPortValidateInterruptPriority           0x080080e1   Thumb Code    74  port.o(i.vPortValidateInterruptPriority)
    vTaskDelay                               0x08008135   Thumb Code    66  tasks.o(i.vTaskDelay)
    vTaskDelayUntil                          0x08008181   Thumb Code   132  tasks.o(i.vTaskDelayUntil)
    vTaskDelete                              0x0800820d   Thumb Code   158  tasks.o(i.vTaskDelete)
    vTaskInternalSetTimeOutState             0x080082b9   Thumb Code    12  tasks.o(i.vTaskInternalSetTimeOutState)
    vTaskMissedYield                         0x080082c9   Thumb Code     8  tasks.o(i.vTaskMissedYield)
    vTaskNotifyGiveFromISR                   0x080082d5   Thumb Code   174  tasks.o(i.vTaskNotifyGiveFromISR)
    vTaskPlaceOnEventList                    0x0800838d   Thumb Code    44  tasks.o(i.vTaskPlaceOnEventList)
    vTaskStartScheduler                      0x080083bd   Thumb Code    90  tasks.o(i.vTaskStartScheduler)
    vTaskSuspendAll                          0x08008429   Thumb Code    10  tasks.o(i.vTaskSuspendAll)
    vTaskSwitchContext                       0x08008439   Thumb Code    82  tasks.o(i.vTaskSwitchContext)
    xPortStartScheduler                      0x08008495   Thumb Code   222  port.o(i.xPortStartScheduler)
    xQueueGenericCreate                      0x08008589   Thumb Code    72  queue.o(i.xQueueGenericCreate)
    xQueueGenericReset                       0x080085d1   Thumb Code   132  queue.o(i.xQueueGenericReset)
    xQueueGenericSend                        0x08008659   Thumb Code   346  queue.o(i.xQueueGenericSend)
    xQueueReceive                            0x080087b9   Thumb Code   308  queue.o(i.xQueueReceive)
    xTaskCheckForTimeOut                     0x080088f1   Thumb Code   112  tasks.o(i.xTaskCheckForTimeOut)
    xTaskCreate                              0x08008965   Thumb Code    90  tasks.o(i.xTaskCreate)
    xTaskCreateStatic                        0x080089bf   Thumb Code    86  tasks.o(i.xTaskCreateStatic)
    xTaskGetSchedulerState                   0x08008a15   Thumb Code    22  tasks.o(i.xTaskGetSchedulerState)
    xTaskGetTickCount                        0x08008a31   Thumb Code     6  tasks.o(i.xTaskGetTickCount)
    xTaskIncrementTick                       0x08008a3d   Thumb Code   192  tasks.o(i.xTaskIncrementTick)
    xTaskPriorityDisinherit                  0x08008b05   Thumb Code   144  tasks.o(i.xTaskPriorityDisinherit)
    xTaskRemoveFromEventList                 0x08008b9d   Thumb Code   108  tasks.o(i.xTaskRemoveFromEventList)
    xTaskResumeAll                           0x08008c11   Thumb Code   182  tasks.o(i.xTaskResumeAll)
    AHBPrescTable                            0x08008cf0   Data          16  system_stm32f4xx.o(.constdata)
    APBPrescTable                            0x08008d00   Data           8  system_stm32f4xx.o(.constdata)
    CRC8_TAB                                 0x08008d08   Data         256  task_judgereceive .o(.constdata)
    wCRC_Table                               0x08008e08   Data         512  task_judgereceive .o(.constdata)
    __mathlib_zero                           0x08009140   Data           8  qnan.o(.constdata)
    Region$$Table$$Base                      0x08009244   Number         0  anon$$obj.o(Region$$Table)
    Region$$Table$$Limit                     0x08009264   Number         0  anon$$obj.o(Region$$Table)
    defaultTaskHandle                        0x20000000   Data           4  freertos.o(.data)
    SystemCoreClock                          0x20000008   Data           4  system_stm32f4xx.o(.data)
    left_detected                            0x2000000c   Data           1  task_chassis.o(.data)
    right_detected                           0x2000000d   Data           1  task_chassis.o(.data)
    time_cnt                                 0x2000000e   Data           2  task_chassis.o(.data)
    tim_cnt                                  0x20000010   Data           2  task_chassis.o(.data)
    Target_speed                             0x20000014   Data           4  task_chassis.o(.data)
    Target_speed_auto                        0x20000018   Data           4  task_chassis.o(.data)
    TaskHandle_Communication                 0x2000001c   Data           4  task_init.o(.data)
    TaskHandle_Shoot                         0x20000020   Data           4  task_init.o(.data)
    TaskHandle_CAN                           0x20000024   Data           4  task_init.o(.data)
    TaskHandle_LEDBlink                      0x20000028   Data           4  task_init.o(.data)
    TaskHandle_Chassis                       0x2000002c   Data           4  task_init.o(.data)
    TaskHandle_Measure                       0x20000030   Data           4  task_init.o(.data)
    TaskHandle_StatusMachine                 0x20000034   Data           4  task_init.o(.data)
    TaskHandle_JudgeReceive                  0x20000038   Data           4  task_init.o(.data)
    TaskHandle_JetsonComm                    0x2000003c   Data           4  task_init.o(.data)
    TaskHandle_Gimbal                        0x20000040   Data           4  task_init.o(.data)
    TaskHandle_IMU                           0x20000044   Data           4  task_init.o(.data)
    TaskHandle_Detect                        0x20000048   Data           4  task_init.o(.data)
    Queue_CANSend                            0x2000004c   Data           4  task_init.o(.data)
    TaskHandle_RC                            0x20000050   Data           4  task_init.o(.data)
    RC_Rx_Mem                                0x20000055   Data           1  task_rc.o(.data)
    HeatFlag                                 0x20000056   Data           1  task_shoot.o(.data)
    ShootCounter                             0x20000057   Data           1  task_shoot.o(.data)
    targetspeed                              0x2000005a   Data           2  task_shoot.o(.data)
    LeftSwitch                               0x2000005c   Data           4  task_measure.o(.data)
    RightSwitch                              0x20000060   Data           4  task_measure.o(.data)
    Distance                                 0x20000064   Data           4  task_measure.o(.data)
    L1_Measure_counter                       0x20000068   Data           4  task_measure.o(.data)
    ControlMode                              0x2000006c   Data           1  task_statusmachine.o(.data)
    FricStatus                               0x2000006d   Data           1  task_statusmachine.o(.data)
    StirMotorStatus                          0x2000006e   Data           1  task_statusmachine.o(.data)
    ShootStatus                              0x2000006f   Data           1  task_statusmachine.o(.data)
    RxMessage                                0x20000070   Data          10  task_communication.o(.data)
    Jetson_Seq                               0x2000007c   Data           1  task_jetsoncomm.o(.data)
    Jetson_AnglePitch                        0x20000080   Data           4  task_jetsoncomm.o(.data)
    Jetson_AngleYaw                          0x20000084   Data           4  task_jetsoncomm.o(.data)
    Jetson_VelocityPitch                     0x20000088   Data           4  task_jetsoncomm.o(.data)
    Jetson_VelocityYaw                       0x2000008c   Data           4  task_jetsoncomm.o(.data)
    Jetson_AccelerationPitch                 0x20000090   Data           4  task_jetsoncomm.o(.data)
    Jetson_AccelerationYaw                   0x20000094   Data           4  task_jetsoncomm.o(.data)
    Last_YAW_Desire                          0x20000098   Data           4  task_jetsoncomm.o(.data)
    CommStatus                               0x2000009c   Data           4  task_jetsoncomm.o(.data)
    Pitch_Desire                             0x200000ac   Data           4  task_jetsoncomm.o(.data)
    Yaw_Desire                               0x200000b0   Data           4  task_jetsoncomm.o(.data)
    DataSendToJetson_gyro                    0x200000b4   Data           8  task_jetsoncomm.o(.data)
    DataSendToJetson                         0x200000bc   Data          20  task_jetsoncomm.o(.data)
    get_hurted                               0x200000d0   Data           1  task_judgereceive .o(.data)
    ext_game_result                          0x200000d1   Data           1  task_judgereceive .o(.data)
    ext_dart_remaining_time                  0x200000d2   Data           1  task_judgereceive .o(.data)
    ext_buff_musk                            0x200000d3   Data           1  task_judgereceive .o(.data)
    ext_robot_hurt                           0x200000d4   Data           1  task_judgereceive .o(.data)
    CRC_INIT                                 0x200000d6   Data           2  task_judgereceive .o(.data)
    ext_referee_warning                      0x200000d8   Data           2  task_judgereceive .o(.data)
    aerial_robot_energy                      0x200000da   Data           2  task_judgereceive .o(.data)
    ext_bullet_remaining                     0x200000dc   Data           2  task_judgereceive .o(.data)
    testcmdid                                0x200000de   Data           2  task_judgereceive .o(.data)
    ext_game_state                           0x200000e0   Data           3  task_judgereceive .o(.data)
    ext_dart_status                          0x200000e3   Data           3  task_judgereceive .o(.data)
    ext_event_data                           0x200000e6   Data           4  task_judgereceive .o(.data)
    ext_supply_projectile_action             0x200000ea   Data           4  task_judgereceive .o(.data)
    ext_rfid_status                          0x200000ee   Data           4  task_judgereceive .o(.data)
    JudgeReceive_Counter                     0x200000f4   Data           4  task_judgereceive .o(.data)
    ext_shoot_data                           0x200000f8   Data           6  task_judgereceive .o(.data)
    Aimbot_RotatinPatrol_pitchmode           0x20000102   Data           1  task_gimbal.o(.data)
    Aimbot_RotatinPatrol_yawmode             0x20000103   Data           1  task_gimbal.o(.data)
    P_Angle                                  0x20000104   Data           2  task_gimbal.o(.data)
    Y_Angle                                  0x20000106   Data           2  task_gimbal.o(.data)
    P_DeltaAngle                             0x20000108   Data           2  task_gimbal.o(.data)
    Y_DeltaAngle                             0x2000010a   Data           2  task_gimbal.o(.data)
    P_KFoutput                               0x2000010c   Data           2  task_gimbal.o(.data)
    Y_KFoutput                               0x2000010e   Data           2  task_gimbal.o(.data)
    KF_Versioninit                           0x20000110   Data           4  task_gimbal.o(.data)
    Gravity                                  0x20000114   Data           4  task_gimbal.o(.data)
    Angle_t                                  0x20000118   Data           4  task_gimbal.o(.data)
    Gravity_Angle                            0x2000011c   Data           4  task_gimbal.o(.data)
    temp_p                                   0x20000124   Data           8  task_gimbal.o(.data)
    temp_y                                   0x2000012c   Data           8  task_gimbal.o(.data)
    uwTickFreq                               0x20000134   Data           1  stm32f4xx_hal.o(.data)
    uwTickPrio                               0x20000138   Data           4  stm32f4xx_hal.o(.data)
    uwTick                                   0x2000013c   Data           4  stm32f4xx_hal.o(.data)
    pxCurrentTCB                             0x20000140   Data           4  tasks.o(.data)
    id                                       0x200001a2   Data           1  func_imu_ob.o(.data)
    q0                                       0x200001a4   Data           4  func_imu_ob.o(.data)
    q1                                       0x200001a8   Data           4  func_imu_ob.o(.data)
    q2                                       0x200001ac   Data           4  func_imu_ob.o(.data)
    q3                                       0x200001b0   Data           4  func_imu_ob.o(.data)
    exInt                                    0x200001b4   Data           4  func_imu_ob.o(.data)
    eyInt                                    0x200001b8   Data           4  func_imu_ob.o(.data)
    ezInt                                    0x200001bc   Data           4  func_imu_ob.o(.data)
    last_update                              0x200001e4   Data           4  func_imu_ob.o(.data)
    now_update                               0x200001e8   Data           4  func_imu_ob.o(.data)
    ist_buff                                 0x200001ec   Data           6  func_imu_ob.o(.data)
    imu                                      0x20000200   Data          56  func_imu_ob.o(.data)
    hcan1                                    0x20000490   Data          40  can.o(.bss)
    hcan2                                    0x200004b8   Data          40  can.o(.bss)
    hspi5                                    0x200004e0   Data          88  spi.o(.bss)
    htim3                                    0x20000538   Data          64  tim.o(.bss)
    huart7                                   0x20000578   Data          64  usart.o(.bss)
    huart8                                   0x200005b8   Data          64  usart.o(.bss)
    huart1                                   0x200005f8   Data          64  usart.o(.bss)
    huart6                                   0x20000638   Data          64  usart.o(.bss)
    hdma_uart7_rx                            0x20000678   Data          96  usart.o(.bss)
    hdma_uart7_tx                            0x200006d8   Data          96  usart.o(.bss)
    hdma_uart8_rx                            0x20000738   Data          96  usart.o(.bss)
    hdma_usart1_rx                           0x20000798   Data          96  usart.o(.bss)
    hdma_usart6_rx                           0x200007f8   Data          96  usart.o(.bss)
    hdma_usart6_tx                           0x20000858   Data          96  usart.o(.bss)
    htim2                                    0x200008b8   Data          64  stm32f4xx_hal_timebase_tim.o(.bss)
    CAN_Tx_Msg                               0x200008f8   Data          16  task_can.o(.bss)
    Chassis_Motor                            0x20000918   Data          80  task_chassis.o(.bss)
    Fric_3508_Motor                          0x20000978   Data          80  task_shoot.o(.bss)
    StirMotor                                0x200009c8   Data          40  task_shoot.o(.bss)
    L1_Measure_Struct                        0x200009f0   Data          10  task_measure.o(.bss)
    L1_Measure_Struct_Temp                   0x200009fa   Data          10  task_measure.o(.bss)
    TxMessage                                0x20000a14   Data          10  task_communication.o(.bss)
    KF_Gimbal_Pitch                          0x20000a20   Data         124  task_jetsoncomm.o(.bss)
    KF_Gimbal_Yaw                            0x20000a9c   Data         124  task_jetsoncomm.o(.bss)
    KF_Gimbal_Pitch_init                     0x20000b18   Data         192  task_jetsoncomm.o(.bss)
    KF_Gimbal_Yaw_init                       0x20000bd8   Data         192  task_jetsoncomm.o(.bss)
    JetsonFlag                               0x20000c98   Data         400  task_jetsoncomm.o(.bss)
    DataRecFromJetson_Temp                   0x20000e28   Data          20  task_jetsoncomm.o(.bss)
    DataRecFromJetson                        0x20000e3c   Data          20  task_jetsoncomm.o(.bss)
    Judge_Receive_Buffer                     0x20000e50   Data         130  task_judgereceive .o(.bss)
    ext_game_robot_HP                        0x20000ed2   Data          32  task_judgereceive .o(.bss)
    ext_game_robot_state                     0x20000ef2   Data          18  task_judgereceive .o(.bss)
    ext_power_heat_data                      0x20000f04   Data          16  task_judgereceive .o(.bss)
    ext_game_robot_pos                       0x20000f14   Data          16  task_judgereceive .o(.bss)
    Pitch                                    0x20000f24   Data          84  task_gimbal.o(.bss)
    Yaw                                      0x20000f78   Data          84  task_gimbal.o(.bss)
    mpu_buff                                 0x20004cbc   Data          14  func_imu_ob.o(.bss)
    mpu_data                                 0x20004cca   Data          32  func_imu_ob.o(.bss)
    __initial_sp                             0x200050f0   Data           0  startup_stm32f427xx.o(STACK)



==============================================================================

Memory Map of the image

  Image Entry point : 0x080001ad

  Load Region LR_IROM1 (Base: 0x08000000, Size: 0x000094a0, Max: 0x00200000, ABSOLUTE, COMPRESSED[0x000092a0])

    Execution Region ER_IROM1 (Exec base: 0x08000000, Load base: 0x08000000, Size: 0x00009264, Max: 0x00200000, ABSOLUTE)

    Exec Addr    Load Addr    Size         Type   Attr      Idx    E Section Name        Object

    0x08000000   0x08000000   0x000001ac   Data   RO            3    RESET               startup_stm32f427xx.o
    0x080001ac   0x080001ac   0x00000000   Code   RO         6257  * .ARM.Collect$$$$00000000  mc_w.l(entry.o)
    0x080001ac   0x080001ac   0x00000004   Code   RO         6343    .ARM.Collect$$$$00000001  mc_w.l(entry2.o)
    0x080001b0   0x080001b0   0x00000004   Code   RO         6346    .ARM.Collect$$$$00000004  mc_w.l(entry5.o)
    0x080001b4   0x080001b4   0x00000000   Code   RO         6348    .ARM.Collect$$$$00000008  mc_w.l(entry7b.o)
    0x080001b4   0x080001b4   0x00000000   Code   RO         6350    .ARM.Collect$$$$0000000A  mc_w.l(entry8b.o)
    0x080001b4   0x080001b4   0x00000008   Code   RO         6351    .ARM.Collect$$$$0000000B  mc_w.l(entry9a.o)
    0x080001bc   0x080001bc   0x00000000   Code   RO         6353    .ARM.Collect$$$$0000000D  mc_w.l(entry10a.o)
    0x080001bc   0x080001bc   0x00000000   Code   RO         6355    .ARM.Collect$$$$0000000F  mc_w.l(entry11a.o)
    0x080001bc   0x080001bc   0x00000004   Code   RO         6344    .ARM.Collect$$$$00002712  mc_w.l(entry2.o)
    0x080001c0   0x080001c0   0x000000be   Code   RO         5817    .emb_text           port.o
    0x0800027e   0x0800027e   0x00000002   PAD
    0x08000280   0x08000280   0x00000024   Code   RO            4    .text               startup_stm32f427xx.o
    0x080002a4   0x080002a4   0x00000008   Code   RO         6084    .text               arm_cortexM4l_math.lib(arm_mat_init_f32.o)
    0x080002ac   0x080002ac   0x000000fc   Code   RO         6180    .text               arm_cortexM4l_math.lib(arm_mat_trans_f32.o)
    0x080003a8   0x080003a8   0x00000062   Code   RO         6260    .text               mc_w.l(uldiv.o)
    0x0800040a   0x0800040a   0x00000024   Code   RO         6262    .text               mc_w.l(memcpya.o)
    0x0800042e   0x0800042e   0x00000024   Code   RO         6266    .text               mc_w.l(memseta.o)
    0x08000452   0x08000452   0x0000014e   Code   RO         6276    .text               mf_w.l(dadd.o)
    0x080005a0   0x080005a0   0x000000e4   Code   RO         6278    .text               mf_w.l(dmul.o)
    0x08000684   0x08000684   0x000000de   Code   RO         6280    .text               mf_w.l(ddiv.o)
    0x08000762   0x08000762   0x00000022   Code   RO         6282    .text               mf_w.l(dflti.o)
    0x08000784   0x08000784   0x0000003e   Code   RO         6284    .text               mf_w.l(dfixi.o)
    0x080007c2   0x080007c2   0x00000026   Code   RO         6286    .text               mf_w.l(f2d.o)
    0x080007e8   0x080007e8   0x00000030   Code   RO         6288    .text               mf_w.l(cdrcmple.o)
    0x08000818   0x08000818   0x00000038   Code   RO         6290    .text               mf_w.l(d2f.o)
    0x08000850   0x08000850   0x0000001e   Code   RO         6357    .text               mc_w.l(llshl.o)
    0x0800086e   0x0800086e   0x00000020   Code   RO         6359    .text               mc_w.l(llushr.o)
    0x0800088e   0x0800088e   0x00000024   Code   RO         6361    .text               mc_w.l(llsshr.o)
    0x080008b2   0x080008b2   0x00000000   Code   RO         6370    .text               mc_w.l(iusefp.o)
    0x080008b2   0x080008b2   0x0000006e   Code   RO         6371    .text               mf_w.l(fepilogue.o)
    0x08000920   0x08000920   0x000000ba   Code   RO         6373    .text               mf_w.l(depilogue.o)
    0x080009da   0x080009da   0x000000a2   Code   RO         6377    .text               mf_w.l(dsqrt.o)
    0x08000a7c   0x08000a7c   0x00000024   Code   RO         6381    .text               mc_w.l(init.o)
    0x08000aa0   0x08000aa0   0x0000001a   Code   RO         6383    .text               mf_w.l(dfltui.o)
    0x08000aba   0x08000aba   0x0000003a   Code   RO         6393    .text               mc_w.l(__dczerorl.o)
    0x08000af4   0x08000af4   0x00000002   Code   RO          518    i.BusFault_Handler  stm32f4xx_it.o
    0x08000af6   0x08000af6   0x00000002   PAD
    0x08000af8   0x08000af8   0x0000000c   Code   RO          519    i.CAN1_RX0_IRQHandler  stm32f4xx_it.o
    0x08000b04   0x08000b04   0x0000000c   Code   RO          520    i.CAN2_RX1_IRQHandler  stm32f4xx_it.o
    0x08000b10   0x08000b10   0x00000034   Code   RO          791    i.CANTransmit       task_can.o
    0x08000b44   0x08000b44   0x00000050   Code   RO          956    i.CAN_Init          task_init.o
    0x08000b94   0x08000b94   0x00000020   Code   RO          957    i.CAN_Recieve       task_init.o
    0x08000bb4   0x08000bb4   0x00000038   Code   RO          882    i.Chassis_CAN_Send  task_chassis.o
    0x08000bec   0x08000bec   0x00000030   Code   RO          883    i.Chassis_Ctrl_Init  task_chassis.o
    0x08000c1c   0x08000c1c   0x000000a0   Code   RO          884    i.Chassis_PID_Ctrl  task_chassis.o
    0x08000cbc   0x08000cbc   0x000000fc   Code   RO          885    i.Chassis_Speed_Set  task_chassis.o
    0x08000db8   0x08000db8   0x0000000c   Code   RO          521    i.DMA1_Stream1_IRQHandler  stm32f4xx_it.o
    0x08000dc4   0x08000dc4   0x0000000c   Code   RO          522    i.DMA1_Stream3_IRQHandler  stm32f4xx_it.o
    0x08000dd0   0x08000dd0   0x0000000c   Code   RO          523    i.DMA1_Stream6_IRQHandler  stm32f4xx_it.o
    0x08000ddc   0x08000ddc   0x0000000c   Code   RO          524    i.DMA2_Stream1_IRQHandler  stm32f4xx_it.o
    0x08000de8   0x08000de8   0x0000000c   Code   RO          525    i.DMA2_Stream2_IRQHandler  stm32f4xx_it.o
    0x08000df4   0x08000df4   0x0000000c   Code   RO          526    i.DMA2_Stream6_IRQHandler  stm32f4xx_it.o
    0x08000e00   0x08000e00   0x00000028   Code   RO         2357    i.DMA_CalcBaseAndBitshift  stm32f4xx_hal_dma.o
    0x08000e28   0x08000e28   0x00000054   Code   RO         2358    i.DMA_CheckFifoParam  stm32f4xx_hal_dma.o
    0x08000e7c   0x08000e7c   0x00000028   Code   RO         2359    i.DMA_SetConfig     stm32f4xx_hal_dma.o
    0x08000ea4   0x08000ea4   0x00000002   Code   RO          527    i.DebugMon_Handler  stm32f4xx_it.o
    0x08000ea6   0x08000ea6   0x00000002   Code   RO           13    i.Error_Handler     main.o
    0x08000ea8   0x08000ea8   0x00000030   Code   RO         1098    i.Fric_3508_Motor_Speed_Set  task_shoot.o
    0x08000ed8   0x08000ed8   0x0000002c   Code   RO         1441    i.Get_CRC16_Check_Sum  task_judgereceive .o
    0x08000f04   0x08000f04   0x0000001c   Code   RO         1442    i.Get_CRC8_Check_Sum  task_judgereceive .o
    0x08000f20   0x08000f20   0x000003d4   Code   RO         1533    i.GimbalMotor_AngleSet  task_gimbal.o
    0x080012f4   0x080012f4   0x000003d0   Code   RO         1534    i.GimbalMotor_PID   task_gimbal.o
    0x080016c4   0x080016c4   0x00000038   Code   RO         1535    i.Gimbal_CAN_Pitch_Send  task_gimbal.o
    0x080016fc   0x080016fc   0x00000038   Code   RO         1536    i.Gimbal_CAN_Send   task_gimbal.o
    0x08001734   0x08001734   0x0000004c   Code   RO         1537    i.Gimbal_Init       task_gimbal.o
    0x08001780   0x08001780   0x00000024   Code   RO         1613    i.HAL_CAN_ActivateNotification  stm32f4xx_hal_can.o
    0x080017a4   0x080017a4   0x000000c8   Code   RO         1614    i.HAL_CAN_AddTxMessage  stm32f4xx_hal_can.o
    0x0800186c   0x0800186c   0x0000010c   Code   RO         1615    i.HAL_CAN_ConfigFilter  stm32f4xx_hal_can.o
    0x08001978   0x08001978   0x00000002   Code   RO         1618    i.HAL_CAN_ErrorCallback  stm32f4xx_hal_can.o
    0x0800197a   0x0800197a   0x000000e8   Code   RO         1621    i.HAL_CAN_GetRxMessage  stm32f4xx_hal_can.o
    0x08001a62   0x08001a62   0x000001fc   Code   RO         1625    i.HAL_CAN_IRQHandler  stm32f4xx_hal_can.o
    0x08001c5e   0x08001c5e   0x0000011a   Code   RO         1626    i.HAL_CAN_Init      stm32f4xx_hal_can.o
    0x08001d78   0x08001d78   0x000000fc   Code   RO          296    i.HAL_CAN_MspInit   can.o
    0x08001e74   0x08001e74   0x00000002   Code   RO         1633    i.HAL_CAN_RxFifo0FullCallback  stm32f4xx_hal_can.o
    0x08001e76   0x08001e76   0x00000002   PAD
    0x08001e78   0x08001e78   0x000000f0   Code   RO          792    i.HAL_CAN_RxFifo0MsgPendingCallback  task_can.o
    0x08001f68   0x08001f68   0x00000002   Code   RO         1635    i.HAL_CAN_RxFifo1FullCallback  stm32f4xx_hal_can.o
    0x08001f6a   0x08001f6a   0x00000002   PAD
    0x08001f6c   0x08001f6c   0x000000b4   Code   RO          793    i.HAL_CAN_RxFifo1MsgPendingCallback  task_can.o
    0x08002020   0x08002020   0x00000002   Code   RO         1637    i.HAL_CAN_SleepCallback  stm32f4xx_hal_can.o
    0x08002022   0x08002022   0x00000002   PAD
    0x08002024   0x08002024   0x00000058   Code   RO         1638    i.HAL_CAN_Start     stm32f4xx_hal_can.o
    0x0800207c   0x0800207c   0x00000002   Code   RO         1640    i.HAL_CAN_TxMailbox0AbortCallback  stm32f4xx_hal_can.o
    0x0800207e   0x0800207e   0x00000002   Code   RO         1641    i.HAL_CAN_TxMailbox0CompleteCallback  stm32f4xx_hal_can.o
    0x08002080   0x08002080   0x00000002   Code   RO         1642    i.HAL_CAN_TxMailbox1AbortCallback  stm32f4xx_hal_can.o
    0x08002082   0x08002082   0x00000002   Code   RO         1643    i.HAL_CAN_TxMailbox1CompleteCallback  stm32f4xx_hal_can.o
    0x08002084   0x08002084   0x00000002   Code   RO         1644    i.HAL_CAN_TxMailbox2AbortCallback  stm32f4xx_hal_can.o
    0x08002086   0x08002086   0x00000002   Code   RO         1645    i.HAL_CAN_TxMailbox2CompleteCallback  stm32f4xx_hal_can.o
    0x08002088   0x08002088   0x00000002   Code   RO         1647    i.HAL_CAN_WakeUpFromRxMsgCallback  stm32f4xx_hal_can.o
    0x0800208a   0x0800208a   0x00000024   Code   RO         2361    i.HAL_DMA_Abort_IT  stm32f4xx_hal_dma.o
    0x080020ae   0x080020ae   0x00000002   PAD
    0x080020b0   0x080020b0   0x000001a0   Code   RO         2365    i.HAL_DMA_IRQHandler  stm32f4xx_hal_dma.o
    0x08002250   0x08002250   0x000000d4   Code   RO         2366    i.HAL_DMA_Init      stm32f4xx_hal_dma.o
    0x08002324   0x08002324   0x00000078   Code   RO         2370    i.HAL_DMA_Start_IT  stm32f4xx_hal_dma.o
    0x0800239c   0x0800239c   0x00000024   Code   RO         2797    i.HAL_Delay         stm32f4xx_hal.o
    0x080023c0   0x080023c0   0x000001cc   Code   RO         2253    i.HAL_GPIO_Init     stm32f4xx_hal_gpio.o
    0x0800258c   0x0800258c   0x0000000a   Code   RO         2255    i.HAL_GPIO_ReadPin  stm32f4xx_hal_gpio.o
    0x08002596   0x08002596   0x0000000e   Code   RO         2256    i.HAL_GPIO_TogglePin  stm32f4xx_hal_gpio.o
    0x080025a4   0x080025a4   0x0000000a   Code   RO         2257    i.HAL_GPIO_WritePin  stm32f4xx_hal_gpio.o
    0x080025ae   0x080025ae   0x00000002   PAD
    0x080025b0   0x080025b0   0x0000000c   Code   RO         2805    i.HAL_GetTick       stm32f4xx_hal.o
    0x080025bc   0x080025bc   0x00000010   Code   RO         2811    i.HAL_IncTick       stm32f4xx_hal.o
    0x080025cc   0x080025cc   0x00000034   Code   RO         2812    i.HAL_Init          stm32f4xx_hal.o
    0x08002600   0x08002600   0x00000074   Code   RO          714    i.HAL_InitTick      stm32f4xx_hal_timebase_tim.o
    0x08002674   0x08002674   0x00000038   Code   RO          690    i.HAL_MspInit       stm32f4xx_hal_msp.o
    0x080026ac   0x080026ac   0x0000001a   Code   RO         2660    i.HAL_NVIC_EnableIRQ  stm32f4xx_hal_cortex.o
    0x080026c6   0x080026c6   0x00000002   PAD
    0x080026c8   0x080026c8   0x00000040   Code   RO         2666    i.HAL_NVIC_SetPriority  stm32f4xx_hal_cortex.o
    0x08002708   0x08002708   0x00000024   Code   RO         2667    i.HAL_NVIC_SetPriorityGrouping  stm32f4xx_hal_cortex.o
    0x0800272c   0x0800272c   0x00000130   Code   RO         1847    i.HAL_RCC_ClockConfig  stm32f4xx_hal_rcc.o
    0x0800285c   0x0800285c   0x00000040   Code   RO         1851    i.HAL_RCC_GetClockConfig  stm32f4xx_hal_rcc.o
    0x0800289c   0x0800289c   0x00000020   Code   RO         1854    i.HAL_RCC_GetPCLK1Freq  stm32f4xx_hal_rcc.o
    0x080028bc   0x080028bc   0x00000020   Code   RO         1855    i.HAL_RCC_GetPCLK2Freq  stm32f4xx_hal_rcc.o
    0x080028dc   0x080028dc   0x00000064   Code   RO         1856    i.HAL_RCC_GetSysClockFreq  stm32f4xx_hal_rcc.o
    0x08002940   0x08002940   0x0000031c   Code   RO         1859    i.HAL_RCC_OscConfig  stm32f4xx_hal_rcc.o
    0x08002c5c   0x08002c5c   0x00000080   Code   RO         3068    i.HAL_SPI_Init      stm32f4xx_hal_spi.o
    0x08002cdc   0x08002cdc   0x0000006c   Code   RO          369    i.HAL_SPI_MspInit   spi.o
    0x08002d48   0x08002d48   0x000001e2   Code   RO         3077    i.HAL_SPI_TransmitReceive  stm32f4xx_hal_spi.o
    0x08002f2a   0x08002f2a   0x00000002   Code   RO         4056    i.HAL_TIMEx_BreakCallback  stm32f4xx_hal_tim_ex.o
    0x08002f2c   0x08002f2c   0x00000002   Code   RO         4057    i.HAL_TIMEx_CommutCallback  stm32f4xx_hal_tim_ex.o
    0x08002f2e   0x08002f2e   0x00000042   Code   RO         4074    i.HAL_TIMEx_MasterConfigSynchronization  stm32f4xx_hal_tim_ex.o
    0x08002f70   0x08002f70   0x00000036   Code   RO         3381    i.HAL_TIM_Base_Init  stm32f4xx_hal_tim.o
    0x08002fa6   0x08002fa6   0x00000002   Code   RO         3383    i.HAL_TIM_Base_MspInit  stm32f4xx_hal_tim.o
    0x08002fa8   0x08002fa8   0x00000022   Code   RO         3386    i.HAL_TIM_Base_Start_IT  stm32f4xx_hal_tim.o
    0x08002fca   0x08002fca   0x00000002   Code   RO         3410    i.HAL_TIM_IC_CaptureCallback  stm32f4xx_hal_tim.o
    0x08002fcc   0x08002fcc   0x00000166   Code   RO         3424    i.HAL_TIM_IRQHandler  stm32f4xx_hal_tim.o
    0x08003132   0x08003132   0x00000002   PAD
    0x08003134   0x08003134   0x00000050   Code   RO          410    i.HAL_TIM_MspPostInit  tim.o
    0x08003184   0x08003184   0x00000002   Code   RO         3427    i.HAL_TIM_OC_DelayElapsedCallback  stm32f4xx_hal_tim.o
    0x08003186   0x08003186   0x000000d0   Code   RO         3448    i.HAL_TIM_PWM_ConfigChannel  stm32f4xx_hal_tim.o
    0x08003256   0x08003256   0x00000036   Code   RO         3451    i.HAL_TIM_PWM_Init  stm32f4xx_hal_tim.o
    0x0800328c   0x0800328c   0x00000028   Code   RO          412    i.HAL_TIM_PWM_MspInit  tim.o
    0x080032b4   0x080032b4   0x00000002   Code   RO         3454    i.HAL_TIM_PWM_PulseFinishedCallback  stm32f4xx_hal_tim.o
    0x080032b6   0x080032b6   0x00000002   PAD
    0x080032b8   0x080032b8   0x00000044   Code   RO         3456    i.HAL_TIM_PWM_Start  stm32f4xx_hal_tim.o
    0x080032fc   0x080032fc   0x0000000e   Code   RO           14    i.HAL_TIM_PeriodElapsedCallback  main.o
    0x0800330a   0x0800330a   0x00000002   Code   RO         3467    i.HAL_TIM_TriggerCallback  stm32f4xx_hal_tim.o
    0x0800330c   0x0800330c   0x00000002   Code   RO         4328    i.HAL_UART_ErrorCallback  stm32f4xx_hal_uart.o
    0x0800330e   0x0800330e   0x00000002   PAD
    0x08003310   0x08003310   0x00000110   Code   RO         4331    i.HAL_UART_IRQHandler  stm32f4xx_hal_uart.o
    0x08003420   0x08003420   0x00000062   Code   RO         4332    i.HAL_UART_Init     stm32f4xx_hal_uart.o
    0x08003482   0x08003482   0x00000002   PAD
    0x08003484   0x08003484   0x000002ec   Code   RO          459    i.HAL_UART_MspInit  usart.o
    0x08003770   0x08003770   0x00000002   Code   RO         4338    i.HAL_UART_RxCpltCallback  stm32f4xx_hal_uart.o
    0x08003772   0x08003772   0x00000002   PAD
    0x08003774   0x08003774   0x00000080   Code   RO         4341    i.HAL_UART_Transmit_DMA  stm32f4xx_hal_uart.o
    0x080037f4   0x080037f4   0x00000002   Code   RO         4343    i.HAL_UART_TxCpltCallback  stm32f4xx_hal_uart.o
    0x080037f6   0x080037f6   0x00000002   Code   RO         4344    i.HAL_UART_TxHalfCpltCallback  stm32f4xx_hal_uart.o
    0x080037f8   0x080037f8   0x00000002   Code   RO          528    i.HardFault_Handler  stm32f4xx_it.o
    0x080037fa   0x080037fa   0x00000002   PAD
    0x080037fc   0x080037fc   0x0000002c   Code   RO         1348    i.JetsonCommUart_Config  task_jetsoncomm.o
    0x08003828   0x08003828   0x00000080   Code   RO         1349    i.JetsonCommUart_ReConfig_In_IRQHandler  task_jetsoncomm.o
    0x080038a8   0x080038a8   0x00000268   Code   RO         1350    i.JetsonComm_Control  task_jetsoncomm.o
    0x08003b10   0x08003b10   0x0000002c   Code   RO         1443    i.JudgeConnection_Init  task_judgereceive .o
    0x08003b3c   0x08003b3c   0x00000060   Code   RO         1444    i.JudgeReceive      task_judgereceive .o
    0x08003b9c   0x08003b9c   0x00000080   Code   RO         1445    i.Judge_IDLECallback  task_judgereceive .o
    0x08003c1c   0x08003c1c   0x00000110   Code   RO         1446    i.Judge_Receive_Data_Processing  task_judgereceive .o
    0x08003d2c   0x08003d2c   0x00000144   Code   RO         1352    i.KF_Init           task_jetsoncomm.o
    0x08003e70   0x08003e70   0x0000008c   Code   RO         1178    i.L1_Measure_Callback  task_measure.o
    0x08003efc   0x08003efc   0x0000002c   Code   RO         1179    i.L1_Measure_Init   task_measure.o
    0x08003f28   0x08003f28   0x000000b4   Code   RO         1180    i.L1_Measure_Update  task_measure.o
    0x08003fdc   0x08003fdc   0x00000044   Code   RO          297    i.MX_CAN1_Init      can.o
    0x08004020   0x08004020   0x00000044   Code   RO          298    i.MX_CAN2_Init      can.o
    0x08004064   0x08004064   0x0000008c   Code   RO          344    i.MX_DMA_Init       dma.o
    0x080040f0   0x080040f0   0x00000028   Code   RO          245    i.MX_FREERTOS_Init  freertos.o
    0x08004118   0x08004118   0x00000120   Code   RO          221    i.MX_GPIO_Init      gpio.o
    0x08004238   0x08004238   0x00000044   Code   RO          370    i.MX_SPI5_Init      spi.o
    0x0800427c   0x0800427c   0x00000070   Code   RO          413    i.MX_TIM3_Init      tim.o
    0x080042ec   0x080042ec   0x00000038   Code   RO          460    i.MX_UART7_Init     usart.o
    0x08004324   0x08004324   0x00000038   Code   RO          461    i.MX_UART8_Init     usart.o
    0x0800435c   0x0800435c   0x00000044   Code   RO          462    i.MX_USART1_UART_Init  usart.o
    0x080043a0   0x080043a0   0x00000038   Code   RO          463    i.MX_USART6_UART_Init  usart.o
    0x080043d8   0x080043d8   0x00000002   Code   RO          529    i.MemManage_Handler  stm32f4xx_it.o
    0x080043da   0x080043da   0x00000002   PAD
    0x080043dc   0x080043dc   0x000000a0   Code   RO         1099    i.Motor_3508_PID_Calculate  task_shoot.o
    0x0800447c   0x0800447c   0x0000002c   Code   RO         1100    i.Motor_3508_PID_Init  task_shoot.o
    0x080044a8   0x080044a8   0x00000002   Code   RO          530    i.NMI_Handler       stm32f4xx_it.o
    0x080044aa   0x080044aa   0x00000002   PAD
    0x080044ac   0x080044ac   0x00000068   Code   RO         1538    i.PitchGravityCompensation  task_gimbal.o
    0x08004514   0x08004514   0x000000a8   Code   RO         1035    i.RC_UART_IRQHandler  task_rc.o
    0x080045bc   0x080045bc   0x00000020   Code   RO         3106    i.SPI_EndRxTxTransaction  stm32f4xx_hal_spi.o
    0x080045dc   0x080045dc   0x00000094   Code   RO         3111    i.SPI_WaitFlagStateUntilTimeout  stm32f4xx_hal_spi.o
    0x08004670   0x08004670   0x0000003c   Code   RO         1101    i.Shoot_CAN_Send    task_shoot.o
    0x080046ac   0x080046ac   0x0000001c   Code   RO         1539    i.SmoothFilter      task_gimbal.o
    0x080046c8   0x080046c8   0x00000018   Code   RO         1234    i.StatusMachine_Init  task_statusmachine.o
    0x080046e0   0x080046e0   0x00000030   Code   RO         1235    i.StatusMachine_Update  task_statusmachine.o
    0x08004710   0x08004710   0x00000044   Code   RO         1102    i.StirMotor_Blocked_Detect  task_shoot.o
    0x08004754   0x08004754   0x000000a8   Code   RO         1103    i.StirMotor_Control  task_shoot.o
    0x080047fc   0x080047fc   0x0000002c   Code   RO         1104    i.StirMotor_Init    task_shoot.o
    0x08004828   0x08004828   0x000000a0   Code   RO         1105    i.Stir_Motor_Speed_Control  task_shoot.o
    0x080048c8   0x080048c8   0x0000002c   Code   RO         5818    i.SysTick_Handler   port.o
    0x080048f4   0x080048f4   0x00000084   Code   RO           15    i.SystemClock_Config  main.o
    0x08004978   0x08004978   0x00000054   Code   RO          754    i.SystemInit        system_stm32f4xx.o
    0x080049cc   0x080049cc   0x0000000c   Code   RO          531    i.TIM2_IRQHandler   stm32f4xx_it.o
    0x080049d8   0x080049d8   0x000000c8   Code   RO         3469    i.TIM_Base_SetConfig  stm32f4xx_hal_tim.o
    0x08004aa0   0x08004aa0   0x0000001a   Code   RO         3470    i.TIM_CCxChannelCmd  stm32f4xx_hal_tim.o
    0x08004aba   0x08004aba   0x00000002   PAD
    0x08004abc   0x08004abc   0x00000060   Code   RO         3482    i.TIM_OC1_SetConfig  stm32f4xx_hal_tim.o
    0x08004b1c   0x08004b1c   0x0000006c   Code   RO         3483    i.TIM_OC2_SetConfig  stm32f4xx_hal_tim.o
    0x08004b88   0x08004b88   0x00000068   Code   RO         3484    i.TIM_OC3_SetConfig  stm32f4xx_hal_tim.o
    0x08004bf0   0x08004bf0   0x00000050   Code   RO         3485    i.TIM_OC4_SetConfig  stm32f4xx_hal_tim.o
    0x08004c40   0x08004c40   0x00000048   Code   RO          794    i.Task_CAN          task_can.o
    0x08004c88   0x08004c88   0x00000040   Code   RO          886    i.Task_Chassis      task_chassis.o
    0x08004cc8   0x08004cc8   0x00000070   Code   RO         1281    i.Task_Communication  task_communication.o
    0x08004d38   0x08004d38   0x00000038   Code   RO         1181    i.Task_Detect       task_measure.o
    0x08004d70   0x08004d70   0x0000005c   Code   RO         1540    i.Task_Gimbal       task_gimbal.o
    0x08004dcc   0x08004dcc   0x00000022   Code   RO         1324    i.Task_IMU          task_imu.o
    0x08004dee   0x08004dee   0x00000002   PAD
    0x08004df0   0x08004df0   0x00000280   Code   RO          958    i.Task_Init         task_init.o
    0x08005070   0x08005070   0x00000018   Code   RO         1353    i.Task_JetsonComm   task_jetsoncomm.o
    0x08005088   0x08005088   0x00000012   Code   RO         1447    i.Task_JudgeReceive  task_judgereceive .o
    0x0800509a   0x0800509a   0x00000002   PAD
    0x0800509c   0x0800509c   0x00000024   Code   RO         1006    i.Task_LEDBlink     task_ledblink.o
    0x080050c0   0x080050c0   0x00000012   Code   RO         1182    i.Task_Measure      task_measure.o
    0x080050d2   0x080050d2   0x00000002   PAD
    0x080050d4   0x080050d4   0x000000a0   Code   RO         1106    i.Task_Shoot        task_shoot.o
    0x08005174   0x08005174   0x0000001a   Code   RO         1236    i.Task_StatusMachine  task_statusmachine.o
    0x0800518e   0x0800518e   0x00000002   PAD
    0x08005190   0x08005190   0x00000018   Code   RO          532    i.UART7_IRQHandler  stm32f4xx_it.o
    0x080051a8   0x080051a8   0x00000018   Code   RO          533    i.UART8_IRQHandler  stm32f4xx_it.o
    0x080051c0   0x080051c0   0x00000010   Code   RO         4345    i.UART_DMAAbortOnError  stm32f4xx_hal_uart.o
    0x080051d0   0x080051d0   0x0000004a   Code   RO         4346    i.UART_DMAError     stm32f4xx_hal_uart.o
    0x0800521a   0x0800521a   0x0000002e   Code   RO         4351    i.UART_DMATransmitCplt  stm32f4xx_hal_uart.o
    0x08005248   0x08005248   0x0000000a   Code   RO         4353    i.UART_DMATxHalfCplt  stm32f4xx_hal_uart.o
    0x08005252   0x08005252   0x0000001c   Code   RO         4355    i.UART_EndRxTransfer  stm32f4xx_hal_uart.o
    0x0800526e   0x0800526e   0x00000012   Code   RO         4356    i.UART_EndTxTransfer  stm32f4xx_hal_uart.o
    0x08005280   0x08005280   0x00000096   Code   RO         4357    i.UART_Receive_IT   stm32f4xx_hal_uart.o
    0x08005316   0x08005316   0x00000002   PAD
    0x08005318   0x08005318   0x000002ac   Code   RO         4358    i.UART_SetConfig    stm32f4xx_hal_uart.o
    0x080055c4   0x080055c4   0x00000062   Code   RO         4359    i.UART_Transmit_IT  stm32f4xx_hal_uart.o
    0x08005626   0x08005626   0x00000002   PAD
    0x08005628   0x08005628   0x00000018   Code   RO          534    i.USART1_IRQHandler  stm32f4xx_it.o
    0x08005640   0x08005640   0x00000018   Code   RO          535    i.USART6_IRQHandler  stm32f4xx_it.o
    0x08005658   0x08005658   0x00000002   Code   RO          536    i.UsageFault_Handler  stm32f4xx_it.o
    0x0800565a   0x0800565a   0x00000002   PAD
    0x0800565c   0x0800565c   0x0000003c   Code   RO         1448    i.Verify_CRC16_Check_Sum  task_judgereceive .o
    0x08005698   0x08005698   0x00000026   Code   RO         1449    i.Verify_CRC8_Check_Sum  task_judgereceive .o
    0x080056be   0x080056be   0x00000002   PAD
    0x080056c0   0x080056c0   0x000000a0   Code   RO         1354    i.Version_Init      task_jetsoncomm.o
    0x08005760   0x08005760   0x00000030   Code   RO         6327    i.__ARM_fpclassify  m_wm.l(fpclassify.o)
    0x08005790   0x08005790   0x00000020   Code   RO         2673    i.__NVIC_SetPriority  stm32f4xx_hal_cortex.o
    0x080057b0   0x080057b0   0x00000360   Code   RO         6201    i.__hardfp_asin     m_wm.l(asin.o)
    0x08005b10   0x08005b10   0x000002d8   Code   RO         6296    i.__hardfp_atan     m_wm.l(atan.o)
    0x08005de8   0x08005de8   0x000001f0   Code   RO         6215    i.__hardfp_atan2    m_wm.l(atan2.o)
    0x08005fd8   0x08005fd8   0x00000014   Code   RO         6227    i.__hardfp_fabs     m_wm.l(fabs.o)
    0x08005fec   0x08005fec   0x00000004   PAD
    0x08005ff0   0x08005ff0   0x000000c8   Code   RO         6233    i.__hardfp_sin      m_wm.l(sin.o)
    0x080060b8   0x080060b8   0x0000007a   Code   RO         6245    i.__hardfp_sqrt     m_wm.l(sqrt.o)
    0x08006132   0x08006132   0x00000006   PAD
    0x08006138   0x08006138   0x00000438   Code   RO         6332    i.__ieee754_rem_pio2  m_wm.l(rred.o)
    0x08006570   0x08006570   0x00000170   Code   RO         6310    i.__kernel_cos      m_wm.l(cos_i.o)
    0x080066e0   0x080066e0   0x000000f8   Code   RO         6329    i.__kernel_poly     m_wm.l(poly.o)
    0x080067d8   0x080067d8   0x00000130   Code   RO         6337    i.__kernel_sin      m_wm.l(sin_i.o)
    0x08006908   0x08006908   0x00000014   Code   RO         6314    i.__mathlib_dbl_infnan  m_wm.l(dunder.o)
    0x0800691c   0x0800691c   0x00000014   Code   RO         6315    i.__mathlib_dbl_infnan2  m_wm.l(dunder.o)
    0x08006930   0x08006930   0x00000020   Code   RO         6316    i.__mathlib_dbl_invalid  m_wm.l(dunder.o)
    0x08006950   0x08006950   0x00000020   Code   RO         6319    i.__mathlib_dbl_underflow  m_wm.l(dunder.o)
    0x08006970   0x08006970   0x0000000e   Code   RO         6387    i.__scatterload_copy  mc_w.l(handlers.o)
    0x0800697e   0x0800697e   0x00000002   Code   RO         6388    i.__scatterload_null  mc_w.l(handlers.o)
    0x08006980   0x08006980   0x0000000e   Code   RO         6389    i.__scatterload_zeroinit  mc_w.l(handlers.o)
    0x0800698e   0x0800698e   0x00000002   PAD
    0x08006990   0x08006990   0x0000000c   Code   RO         6365    i.__set_errno       mc_w.l(errno.o)
    0x0800699c   0x0800699c   0x00000010   Code   RO         6298    i.atan              m_wm.l(atan.o)
    0x080069ac   0x080069ac   0x00000018   Code   RO         6229    i.fabs              m_wm.l(fabs.o)
    0x080069c4   0x080069c4   0x0000046e   Code   RO         5897    i.imu_ahrs_update   func_imu_ob.o
    0x08006e32   0x08006e32   0x00000002   PAD
    0x08006e34   0x08006e34   0x00000170   Code   RO         5898    i.imu_attitude_update  func_imu_ob.o
    0x08006fa4   0x08006fa4   0x00000048   Code   RO         5899    i.imu_temp_ctrl     func_imu_ob.o
    0x08006fec   0x08006fec   0x000001cc   Code   RO         5900    i.init_quaternion   func_imu_ob.o
    0x080071b8   0x080071b8   0x0000002c   Code   RO         5901    i.inv_sqrt          func_imu_ob.o
    0x080071e4   0x080071e4   0x0000000a   Code   RO         5902    i.ist8310_get_data  func_imu_ob.o
    0x080071ee   0x080071ee   0x00000100   Code   RO         5903    i.ist8310_init      func_imu_ob.o
    0x080072ee   0x080072ee   0x00000038   Code   RO         5904    i.ist_reg_read_by_mpu  func_imu_ob.o
    0x08007326   0x08007326   0x00000042   Code   RO         5905    i.ist_reg_write_by_mpu  func_imu_ob.o
    0x08007368   0x08007368   0x00000102   Code   RO         1357    i.kalman_filter_init  task_jetsoncomm.o
    0x0800746a   0x0800746a   0x0000003a   Code   RO           16    i.main              main.o
    0x080074a4   0x080074a4   0x0000000c   Code   RO         5389    i.makeFreeRtosPriority  cmsis_os.o
    0x080074b0   0x080074b0   0x00000064   Code   RO         5906    i.mpu_device_init   func_imu_ob.o
    0x08007514   0x08007514   0x000000f8   Code   RO         5907    i.mpu_get_data      func_imu_ob.o
    0x0800760c   0x0800760c   0x0000008e   Code   RO         5908    i.mpu_master_i2c_auto_read_config  func_imu_ob.o
    0x0800769a   0x0800769a   0x00000002   PAD
    0x0800769c   0x0800769c   0x000000a4   Code   RO         5909    i.mpu_offset_call   func_imu_ob.o
    0x08007740   0x08007740   0x00000050   Code   RO         5910    i.mpu_read_byte     func_imu_ob.o
    0x08007790   0x08007790   0x0000005c   Code   RO         5911    i.mpu_read_bytes    func_imu_ob.o
    0x080077ec   0x080077ec   0x0000000a   Code   RO         5912    i.mpu_set_accel_fsr  func_imu_ob.o
    0x080077f6   0x080077f6   0x0000000a   Code   RO         5913    i.mpu_set_gyro_fsr  func_imu_ob.o
    0x08007800   0x08007800   0x00000054   Code   RO         5914    i.mpu_write_byte    func_imu_ob.o
    0x08007854   0x08007854   0x0000000a   Code   RO         5394    i.osKernelStart     cmsis_os.o
    0x0800785e   0x0800785e   0x00000054   Code   RO         5428    i.osThreadCreate    cmsis_os.o
    0x080078b2   0x080078b2   0x00000002   PAD
    0x080078b4   0x080078b4   0x00000070   Code   RO         5074    i.prvAddCurrentTaskToDelayedList  tasks.o
    0x08007924   0x08007924   0x000000d0   Code   RO         5075    i.prvAddNewTaskToReadyList  tasks.o
    0x080079f4   0x080079f4   0x00000026   Code   RO         4762    i.prvCopyDataFromQueue  queue.o
    0x08007a1a   0x08007a1a   0x0000006c   Code   RO         4763    i.prvCopyDataToQueue  queue.o
    0x08007a86   0x08007a86   0x00000034   Code   RO         5076    i.prvDeleteTCB      tasks.o
    0x08007aba   0x08007aba   0x00000002   PAD
    0x08007abc   0x08007abc   0x0000004c   Code   RO         5756    i.prvHeapInit       heap_4.o
    0x08007b08   0x08007b08   0x00000060   Code   RO         5077    i.prvIdleTask       tasks.o
    0x08007b68   0x08007b68   0x00000016   Code   RO         4765    i.prvInitialiseNewQueue  queue.o
    0x08007b7e   0x08007b7e   0x0000009c   Code   RO         5078    i.prvInitialiseNewTask  tasks.o
    0x08007c1a   0x08007c1a   0x00000002   PAD
    0x08007c1c   0x08007c1c   0x0000004c   Code   RO         5757    i.prvInsertBlockIntoFreeList  heap_4.o
    0x08007c68   0x08007c68   0x0000001c   Code   RO         4766    i.prvIsQueueEmpty   queue.o
    0x08007c84   0x08007c84   0x00000020   Code   RO         5079    i.prvResetNextTaskUnblockTime  tasks.o
    0x08007ca4   0x08007ca4   0x00000028   Code   RO         5819    i.prvTaskExitError  port.o
    0x08007ccc   0x08007ccc   0x0000006a   Code   RO         4767    i.prvUnlockQueue    queue.o
    0x08007d36   0x08007d36   0x00000002   PAD
    0x08007d38   0x08007d38   0x000000d8   Code   RO         5758    i.pvPortMalloc      heap_4.o
    0x08007e10   0x08007e10   0x0000002c   Code   RO         5820    i.pxPortInitialiseStack  port.o
    0x08007e3c   0x08007e3c   0x00000044   Code   RO         1282    i.send              task_communication.o
    0x08007e80   0x08007e80   0x0000006e   Code   RO         6247    i.sqrt              m_wm.l(sqrt.o)
    0x08007eee   0x08007eee   0x00000002   PAD
    0x08007ef0   0x08007ef0   0x00000068   Code   RO         5082    i.ulTaskNotifyTake  tasks.o
    0x08007f58   0x08007f58   0x00000026   Code   RO         4725    i.uxListRemove      list.o
    0x08007f7e   0x08007f7e   0x00000002   PAD
    0x08007f80   0x08007f80   0x00000014   Code   RO          247    i.vApplicationGetIdleTaskMemory  freertos.o
    0x08007f94   0x08007f94   0x00000016   Code   RO         4726    i.vListInitialise   list.o
    0x08007faa   0x08007faa   0x00000006   Code   RO         4727    i.vListInitialiseItem  list.o
    0x08007fb0   0x08007fb0   0x00000030   Code   RO         4728    i.vListInsert       list.o
    0x08007fe0   0x08007fe0   0x00000018   Code   RO         4729    i.vListInsertEnd    list.o
    0x08007ff8   0x08007ff8   0x00000040   Code   RO         5822    i.vPortEnterCritical  port.o
    0x08008038   0x08008038   0x00000028   Code   RO         5823    i.vPortExitCritical  port.o
    0x08008060   0x08008060   0x0000005c   Code   RO         5759    i.vPortFree         heap_4.o
    0x080080bc   0x080080bc   0x00000024   Code   RO         5824    i.vPortSetupTimerInterrupt  port.o
    0x080080e0   0x080080e0   0x00000054   Code   RO         5825    i.vPortValidateInterruptPriority  port.o
    0x08008134   0x08008134   0x0000004c   Code   RO         5088    i.vTaskDelay        tasks.o
    0x08008180   0x08008180   0x0000008c   Code   RO         5089    i.vTaskDelayUntil   tasks.o
    0x0800820c   0x0800820c   0x000000ac   Code   RO         5090    i.vTaskDelete       tasks.o
    0x080082b8   0x080082b8   0x00000010   Code   RO         5092    i.vTaskInternalSetTimeOutState  tasks.o
    0x080082c8   0x080082c8   0x0000000c   Code   RO         5093    i.vTaskMissedYield  tasks.o
    0x080082d4   0x080082d4   0x000000b8   Code   RO         5094    i.vTaskNotifyGiveFromISR  tasks.o
    0x0800838c   0x0800838c   0x00000030   Code   RO         5095    i.vTaskPlaceOnEventList  tasks.o
    0x080083bc   0x080083bc   0x0000006c   Code   RO         5102    i.vTaskStartScheduler  tasks.o
    0x08008428   0x08008428   0x00000010   Code   RO         5104    i.vTaskSuspendAll   tasks.o
    0x08008438   0x08008438   0x0000005c   Code   RO         5105    i.vTaskSwitchContext  tasks.o
    0x08008494   0x08008494   0x000000f4   Code   RO         5826    i.xPortStartScheduler  port.o
    0x08008588   0x08008588   0x00000048   Code   RO         4776    i.xQueueGenericCreate  queue.o
    0x080085d0   0x080085d0   0x00000088   Code   RO         4778    i.xQueueGenericReset  queue.o
    0x08008658   0x08008658   0x00000160   Code   RO         4779    i.xQueueGenericSend  queue.o
    0x080087b8   0x080087b8   0x00000138   Code   RO         4786    i.xQueueReceive     queue.o
    0x080088f0   0x080088f0   0x00000074   Code   RO         5106    i.xTaskCheckForTimeOut  tasks.o
    0x08008964   0x08008964   0x0000005a   Code   RO         5107    i.xTaskCreate       tasks.o
    0x080089be   0x080089be   0x00000056   Code   RO         5108    i.xTaskCreateStatic  tasks.o
    0x08008a14   0x08008a14   0x0000001c   Code   RO         5112    i.xTaskGetSchedulerState  tasks.o
    0x08008a30   0x08008a30   0x0000000c   Code   RO         5113    i.xTaskGetTickCount  tasks.o
    0x08008a3c   0x08008a3c   0x000000c8   Code   RO         5115    i.xTaskIncrementTick  tasks.o
    0x08008b04   0x08008b04   0x00000098   Code   RO         5118    i.xTaskPriorityDisinherit  tasks.o
    0x08008b9c   0x08008b9c   0x00000074   Code   RO         5120    i.xTaskRemoveFromEventList  tasks.o
    0x08008c10   0x08008c10   0x000000c4   Code   RO         5121    i.xTaskResumeAll    tasks.o
    0x08008cd4   0x08008cd4   0x0000001c   Data   RO          249    .constdata          freertos.o
    0x08008cf0   0x08008cf0   0x00000010   Data   RO          755    .constdata          system_stm32f4xx.o
    0x08008d00   0x08008d00   0x00000008   Data   RO          756    .constdata          system_stm32f4xx.o
    0x08008d08   0x08008d08   0x00000300   Data   RO         1452    .constdata          task_judgereceive .o
    0x08009008   0x08009008   0x00000008   Data   RO         2372    .constdata          stm32f4xx_hal_dma.o
    0x08009010   0x08009010   0x00000014   Data   RO         5916    .constdata          func_imu_ob.o
    0x08009024   0x08009024   0x00000004   PAD
    0x08009028   0x08009028   0x00000050   Data   RO         6204    .constdata          m_wm.l(asin.o)
    0x08009078   0x08009078   0x00000098   Data   RO         6299    .constdata          m_wm.l(atan.o)
    0x08009110   0x08009110   0x00000030   Data   RO         6311    .constdata          m_wm.l(cos_i.o)
    0x08009140   0x08009140   0x00000008   Data   RO         6331    .constdata          m_wm.l(qnan.o)
    0x08009148   0x08009148   0x000000c8   Data   RO         6334    .constdata          m_wm.l(rred.o)
    0x08009210   0x08009210   0x00000028   Data   RO         6338    .constdata          m_wm.l(sin_i.o)
    0x08009238   0x08009238   0x0000000c   Data   RO          250    .conststring        freertos.o
    0x08009244   0x08009244   0x00000020   Data   RO         6385    Region$$Table       anon$$obj.o


    Execution Region RW_IRAM1 (Exec base: 0x20000000, Load base: 0x08009264, Size: 0x000050f0, Max: 0x00030000, ABSOLUTE, COMPRESSED[0x0000003c])

    Exec Addr    Load Addr    Size         Type   Attr      Idx    E Section Name        Object

    0x20000000   COMPRESSED   0x00000004   Data   RW          251    .data               freertos.o
    0x20000004   COMPRESSED   0x00000004   Data   RW          300    .data               can.o
    0x20000008   COMPRESSED   0x00000004   Data   RW          757    .data               system_stm32f4xx.o
    0x2000000c   COMPRESSED   0x00000010   Data   RW          889    .data               task_chassis.o
    0x2000001c   COMPRESSED   0x00000034   Data   RW          959    .data               task_init.o
    0x20000050   COMPRESSED   0x00000004   Data   RW          960    .data               task_init.o
    0x20000054   COMPRESSED   0x00000002   Data   RW         1038    .data               task_rc.o
    0x20000056   COMPRESSED   0x00000006   Data   RW         1109    .data               task_shoot.o
    0x2000005c   COMPRESSED   0x00000010   Data   RW         1184    .data               task_measure.o
    0x2000006c   COMPRESSED   0x00000004   Data   RW         1238    .data               task_statusmachine.o
    0x20000070   COMPRESSED   0x0000000a   Data   RW         1284    .data               task_communication.o
    0x2000007a   COMPRESSED   0x00000002   PAD
    0x2000007c   COMPRESSED   0x00000054   Data   RW         1359    .data               task_jetsoncomm.o
    0x200000d0   COMPRESSED   0x0000002e   Data   RW         1455    .data               task_judgereceive .o
    0x200000fe   COMPRESSED   0x00000002   PAD
    0x20000100   COMPRESSED   0x00000034   Data   RW         1544    .data               task_gimbal.o
    0x20000134   COMPRESSED   0x0000000c   Data   RW         2819    .data               stm32f4xx_hal.o
    0x20000140   COMPRESSED   0x0000003c   Data   RW         5124    .data               tasks.o
    0x2000017c   COMPRESSED   0x00000018   Data   RW         5764    .data               heap_4.o
    0x20000194   COMPRESSED   0x0000000c   Data   RW         5827    .data               port.o
    0x200001a0   COMPRESSED   0x00000098   Data   RW         5917    .data               func_imu_ob.o
    0x20000238   COMPRESSED   0x00000004   Data   RW         6366    .data               mc_w.l(errno.o)
    0x2000023c        -       0x00000254   Zero   RW          248    .bss                freertos.o
    0x20000490        -       0x00000050   Zero   RW          299    .bss                can.o
    0x200004e0        -       0x00000058   Zero   RW          371    .bss                spi.o
    0x20000538        -       0x00000040   Zero   RW          414    .bss                tim.o
    0x20000578        -       0x00000340   Zero   RW          464    .bss                usart.o
    0x200008b8        -       0x00000040   Zero   RW          717    .bss                stm32f4xx_hal_timebase_tim.o
    0x200008f8        -       0x00000010   Zero   RW          795    .bss                task_can.o
    0x20000908        -       0x00000060   Zero   RW          887    .bss                task_chassis.o
    0x20000968        -       0x00000088   Zero   RW         1107    .bss                task_shoot.o
    0x200009f0        -       0x00000014   Zero   RW         1183    .bss                task_measure.o
    0x20000a04        -       0x0000001a   Zero   RW         1283    .bss                task_communication.o
    0x20000a1e   COMPRESSED   0x00000002   PAD
    0x20000a20        -       0x00000430   Zero   RW         1358    .bss                task_jetsoncomm.o
    0x20000e50        -       0x000000d4   Zero   RW         1450    .bss                task_judgereceive .o
    0x20000f24        -       0x000000a8   Zero   RW         1541    .bss                task_gimbal.o
    0x20000fcc        -       0x000000f0   Zero   RW         5123    .bss                tasks.o
    0x200010bc        -       0x00003c00   Zero   RW         5763    .bss                heap_4.o
    0x20004cbc        -       0x0000002e   Zero   RW         5915    .bss                func_imu_ob.o
    0x20004cea   COMPRESSED   0x00000006   PAD
    0x20004cf0        -       0x00000400   Zero   RW            1    STACK               startup_stm32f427xx.o


==============================================================================

Image component sizes


      Code (inc. data)   RO Data    RW Data    ZI Data      Debug   Object Name

       388         40          0          4         80       2454   can.o
       106          0          0          0          0      21759   cmsis_os.o
       140          4          0          0          0        842   dma.o
         0          0          0          0          0      16632   event_groups.o
        60         14         40          4        596       1947   freertos.o
      3396        220         20        152         46      14344   func_imu_ob.o
       288         16          0          0          0       1099   gpio.o
       460         24          0         24      15360       7359   heap_4.o
       138          0          0          0          0       3578   list.o
       206          8          0          0          0     790008   main.o
       786         82          0         12          0      12009   port.o
      1174         14          0          0          0      11211   queue.o
       176         22          0          0         88       1669   spi.o
        36          8        428          0       1024        840   startup_stm32f427xx.o
       116         18          0         12          0       3914   stm32f4xx_hal.o
      1636          6          0          0          0      13811   stm32f4xx_hal_can.o
       158         14          0          0          0      33182   stm32f4xx_hal_cortex.o
       948         16          8          0          0       6514   stm32f4xx_hal_dma.o
       494         52          0          0          0       3752   stm32f4xx_hal_gpio.o
        56          4          0          0          0        850   stm32f4xx_hal_msp.o
      1328         90          0          0          0       5849   stm32f4xx_hal_rcc.o
       790          0          0          0          0       4669   stm32f4xx_hal_spi.o
      1400         90          0          0          0      13327   stm32f4xx_hal_tim.o
        70          0          0          0          0       2461   stm32f4xx_hal_tim_ex.o
       116         14          0          0         64       1415   stm32f4xx_hal_timebase_tim.o
      1630         28          0          0          0      11281   stm32f4xx_hal_uart.o
       216         78          0          0          0      24161   stm32f4xx_it.o
         0          0          0          0          0        384   stream_buffer.o
        84         18         24          4          0       1171   system_stm32f4xx.o
       544         64          0          0         16       6083   task_can.o
       580         70          0         16         96       4791   task_chassis.o
       180         34          0         10         26       2656   task_communication.o
      2368        296          0         52        168       9195   task_gimbal.o
        34          0          0          0          0        555   task_imu.o
       752        280          0         56          0       3392   task_init.o
      1554        164          0         84       1072       9881   task_jetsoncomm.o
       728         66        768         46        212      12689   task_judgereceive .o
        36          4          0          0          0        556   task_ledblink.o
       438         66          0         16         20       4338   task_measure.o
       168         24          0          2          0       2293   task_rc.o
       912        142          0          6        136       6305   task_shoot.o
        98         16          0          4          0       3160   task_statusmachine.o
      2620        194          0         60        240      27102   tasks.o
       232         30          0          0         64       2271   tim.o
       984         88          0          0        832       4328   usart.o

    ----------------------------------------------------------------------
     28688       2418       1324        568      20148    1112087   Object Totals
         0          0         32          0          0          0   (incl. Generated)
        64          0          4          4          8          0   (incl. Padding)

    ----------------------------------------------------------------------

      Code (inc. data)   RO Data    RW Data    ZI Data      Debug   Library Member Name

         0          0          0          0          0      16312   arm_mat_add_f32.o
         8          0          0          0          0        883   arm_mat_init_f32.o
       252          0          0          0          0       2116   arm_mat_trans_f32.o
       864         94         80          0          0        280   asin.o
       744        106        152          0          0        352   atan.o
       496         64          0          0          0        192   atan2.o
       368         46         48          0          0        200   cos_i.o
       104         16          0          0          0        496   dunder.o
        44          0          0          0          0        248   fabs.o
        48          0          0          0          0        124   fpclassify.o
       248          0          0          0          0        152   poly.o
         0          0          8          0          0          0   qnan.o
      1080        142        200          0          0        188   rred.o
       200         20          0          0          0        164   sin.o
       304         24         40          0          0        208   sin_i.o
       232          0          0          0          0        296   sqrt.o
        58          0          0          0          0          0   __dczerorl.o
         0          0          0          0          0          0   entry.o
         0          0          0          0          0          0   entry10a.o
         0          0          0          0          0          0   entry11a.o
         8          4          0          0          0          0   entry2.o
         4          0          0          0          0          0   entry5.o
         0          0          0          0          0          0   entry7b.o
         0          0          0          0          0          0   entry8b.o
         8          4          0          0          0          0   entry9a.o
        12          6          0          4          0         68   errno.o
        30          0          0          0          0          0   handlers.o
        36          8          0          0          0         68   init.o
         0          0          0          0          0          0   iusefp.o
        30          0          0          0          0         68   llshl.o
        36          0          0          0          0         68   llsshr.o
        32          0          0          0          0         68   llushr.o
        36          0          0          0          0         68   memcpya.o
        36          0          0          0          0        108   memseta.o
        98          0          0          0          0         92   uldiv.o
        48          0          0          0          0         68   cdrcmple.o
        56          0          0          0          0         88   d2f.o
       334          0          0          0          0        148   dadd.o
       222          0          0          0          0        100   ddiv.o
       186          0          0          0          0        176   depilogue.o
        62          0          0          0          0         80   dfixi.o
        34          0          0          0          0         76   dflti.o
        26          0          0          0          0         76   dfltui.o
       228          0          0          0          0         96   dmul.o
       162          0          0          0          0        100   dsqrt.o
        38          0          0          0          0         68   f2d.o
       110          0          0          0          0        168   fepilogue.o

    ----------------------------------------------------------------------
      6936        534        528          4          0      24063   Library Totals
        14          0          0          0          0          0   (incl. Padding)

    ----------------------------------------------------------------------

      Code (inc. data)   RO Data    RW Data    ZI Data      Debug   Library Name

       260          0          0          0          0      19311   arm_cortexM4l_math.lib
      4732        512        528          0          0       2900   m_wm.l
       424         22          0          4          0        608   mc_w.l
      1506          0          0          0          0       1244   mf_w.l

    ----------------------------------------------------------------------
      6936        534        528          4          0      24063   Library Totals

    ----------------------------------------------------------------------

==============================================================================


      Code (inc. data)   RO Data    RW Data    ZI Data      Debug   

     35624       2952       1852        572      20148    1109346   Grand Totals
     35624       2952       1852         60      20148    1109346   ELF Image Totals (compressed)
     35624       2952       1852         60          0          0   ROM Totals

==============================================================================

    Total RO  Size (Code + RO Data)                37476 (  36.60kB)
    Total RW  Size (RW Data + ZI Data)             20720 (  20.23kB)
    Total ROM Size (Code + RO Data + RW Data)      37536 (  36.66kB)

==============================================================================

