Component: ARM Compiler 5.06 update 5 (build 528) Tool: armlink [4d35e2]

==============================================================================

Section Cross References

    startup_stm32f427xx.o(RESET) refers to startup_stm32f427xx.o(STACK) for __initial_sp
    startup_stm32f427xx.o(RESET) refers to startup_stm32f427xx.o(.text) for Reset_Handler
    startup_stm32f427xx.o(RESET) refers to stm32f4xx_it.o(i.NMI_Handler) for NMI_Handler
    startup_stm32f427xx.o(RESET) refers to stm32f4xx_it.o(i.HardFault_Handler) for HardFault_Handler
    startup_stm32f427xx.o(RESET) refers to stm32f4xx_it.o(i.MemManage_Handler) for MemManage_Handler
    startup_stm32f427xx.o(RESET) refers to stm32f4xx_it.o(i.BusFault_Handler) for BusFault_Handler
    startup_stm32f427xx.o(RESET) refers to stm32f4xx_it.o(i.UsageFault_Handler) for UsageFault_Handler
    startup_stm32f427xx.o(RESET) refers to port.o(.emb_text) for SVC_Handler
    startup_stm32f427xx.o(RESET) refers to stm32f4xx_it.o(i.DebugMon_Handler) for DebugMon_Handler
    startup_stm32f427xx.o(RESET) refers to port.o(i.SysTick_Handler) for SysTick_Handler
    startup_stm32f427xx.o(RESET) refers to stm32f4xx_it.o(i.DMA1_Stream0_IRQHandler) for DMA1_Stream0_IRQHandler
    startup_stm32f427xx.o(RESET) refers to stm32f4xx_it.o(i.DMA1_Stream1_IRQHandler) for DMA1_Stream1_IRQHandler
    startup_stm32f427xx.o(RESET) refers to stm32f4xx_it.o(i.DMA1_Stream3_IRQHandler) for DMA1_Stream3_IRQHandler
    startup_stm32f427xx.o(RESET) refers to stm32f4xx_it.o(i.DMA1_Stream6_IRQHandler) for DMA1_Stream6_IRQHandler
    startup_stm32f427xx.o(RESET) refers to stm32f4xx_it.o(i.CAN1_RX0_IRQHandler) for CAN1_RX0_IRQHandler
    startup_stm32f427xx.o(RESET) refers to stm32f4xx_it.o(i.TIM2_IRQHandler) for TIM2_IRQHandler
    startup_stm32f427xx.o(RESET) refers to stm32f4xx_it.o(i.USART1_IRQHandler) for USART1_IRQHandler
    startup_stm32f427xx.o(RESET) refers to stm32f4xx_it.o(i.DMA2_Stream1_IRQHandler) for DMA2_Stream1_IRQHandler
    startup_stm32f427xx.o(RESET) refers to stm32f4xx_it.o(i.DMA2_Stream2_IRQHandler) for DMA2_Stream2_IRQHandler
    startup_stm32f427xx.o(RESET) refers to stm32f4xx_it.o(i.CAN2_RX1_IRQHandler) for CAN2_RX1_IRQHandler
    startup_stm32f427xx.o(RESET) refers to stm32f4xx_it.o(i.DMA2_Stream6_IRQHandler) for DMA2_Stream6_IRQHandler
    startup_stm32f427xx.o(RESET) refers to stm32f4xx_it.o(i.USART6_IRQHandler) for USART6_IRQHandler
    startup_stm32f427xx.o(RESET) refers to stm32f4xx_it.o(i.UART7_IRQHandler) for UART7_IRQHandler
    startup_stm32f427xx.o(RESET) refers to stm32f4xx_it.o(i.UART8_IRQHandler) for UART8_IRQHandler
    startup_stm32f427xx.o(.text) refers to system_stm32f4xx.o(i.SystemInit) for SystemInit
    startup_stm32f427xx.o(.text) refers to entry.o(.ARM.Collect$$$$00000000) for __main
    task_communication.o(i.Task_Communication) refers to tasks.o(i.xTaskGetTickCount) for xTaskGetTickCount
    task_communication.o(i.Task_Communication) refers to task_communication.o(i.send) for send
    task_communication.o(i.Task_Communication) refers to tasks.o(i.vTaskDelayUntil) for vTaskDelayUntil
    task_communication.o(i.Task_Communication) refers to task_judgereceive .o(.bss) for ext_game_state
    task_communication.o(i.Task_Communication) refers to task_communication.o(.bss) for TxMessage
    task_communication.o(i.Task_Communication) refers to task_judgereceive .o(.data) for get_hurted
    task_communication.o(i.send) refers to queue.o(i.xQueueGenericSend) for xQueueGenericSend
    task_communication.o(i.send) refers to task_communication.o(.bss) for CANSend
    task_communication.o(i.send) refers to task_init.o(.data) for Queue_CANSend
    task_gimbal.o(i.GimbalMotor_AngleSet) refers to dflti.o(.text) for __aeabi_i2d
    task_gimbal.o(i.GimbalMotor_AngleSet) refers to dmul.o(.text) for __aeabi_dmul
    task_gimbal.o(i.GimbalMotor_AngleSet) refers to ddiv.o(.text) for __aeabi_ddiv
    task_gimbal.o(i.GimbalMotor_AngleSet) refers to d2f.o(.text) for __aeabi_d2f
    task_gimbal.o(i.GimbalMotor_AngleSet) refers to task_gimbal.o(i.SmoothFilter) for SmoothFilter
    task_gimbal.o(i.GimbalMotor_AngleSet) refers to tasks.o(i.xTaskGetTickCount) for xTaskGetTickCount
    task_gimbal.o(i.GimbalMotor_AngleSet) refers to task_gimbal.o(.data) for i
    task_gimbal.o(i.GimbalMotor_AngleSet) refers to task_gimbal.o(.bss) for Yaw
    task_gimbal.o(i.GimbalMotor_AngleSet) refers to task_statusmachine.o(.data) for ControlMode
    task_gimbal.o(i.GimbalMotor_AngleSet) refers to task_communication.o(.data) for RxMessage
    task_gimbal.o(i.GimbalMotor_AngleSet) refers to task_jetsoncomm.o(.bss) for DataRecFromJetson
    task_gimbal.o(i.GimbalMotor_AngleSet) refers to task_jetsoncomm.o(.data) for Yaw_Desire
    task_gimbal.o(i.GimbalMotor_PID) refers to task_gimbal.o(i.PitchGravityCompensation) for PitchGravityCompensation
    task_gimbal.o(i.GimbalMotor_PID) refers to task_gimbal.o(.bss) for Pitch
    task_gimbal.o(i.GimbalMotor_PID) refers to func_imu_ob.o(.data) for imu
[...]
    CAN_Recieve                              0x08000ae9   Thumb Code    38  task_init.o(i.CAN_Recieve)
    ChassisPowerControl                      0x08000b19   Thumb Code   158  task_chassis.o(i.ChassisPowerControl)
    Chassis_CAN_Send                         0x08000bc9   Thumb Code    56  task_chassis.o(i.Chassis_CAN_Send)
    Chassis_Ctrl_Init                        0x08000c09   Thumb Code    62  task_chassis.o(i.Chassis_Ctrl_Init)
    Chassis_PID_Ctrl                         0x08000c51   Thumb Code   198  task_chassis.o(i.Chassis_PID_Ctrl)
    Chassis_Speed_Set                        0x08000d25   Thumb Code   676  task_chassis.o(i.Chassis_Speed_Set)
    DMA1_Stream0_IRQHandler                  0x08001005   Thumb Code    10  stm32f4xx_it.o(i.DMA1_Stream0_IRQHandler)
    DMA1_Stream1_IRQHandler                  0x08001015   Thumb Code    10  stm32f4xx_it.o(i.DMA1_Stream1_IRQHandler)
    DMA1_Stream3_IRQHandler                  0x08001025   Thumb Code    10  stm32f4xx_it.o(i.DMA1_Stream3_IRQHandler)
    DMA1_Stream6_IRQHandler                  0x08001035   Thumb Code    10  stm32f4xx_it.o(i.DMA1_Stream6_IRQHandler)
    DMA2_Stream1_IRQHandler                  0x08001045   Thumb Code    10  stm32f4xx_it.o(i.DMA2_Stream1_IRQHandler)
    DMA2_Stream2_IRQHandler                  0x08001055   Thumb Code    10  stm32f4xx_it.o(i.DMA2_Stream2_IRQHandler)
    DMA2_Stream6_IRQHandler                  0x08001065   Thumb Code    10  stm32f4xx_it.o(i.DMA2_Stream6_IRQHandler)
    DebugMon_Handler                         0x0800117f   Thumb Code     2  stm32f4xx_it.o(i.DebugMon_Handler)
    Error_Handler                            0x08001181   Thumb Code     2  main.o(i.Error_Handler)
    Fric_3508_Motor_Speed_Set                0x08001185   Thumb Code   134  task_shoot.o(i.Fric_3508_Motor_Speed_Set)
    Get_CRC16_Check_Sum                      0x08001225   Thumb Code    46  task_judgereceive .o(i.Get_CRC16_Check_Sum)
    Get_CRC8_Check_Sum                       0x08001259   Thumb Code    30  task_judgereceive .o(i.Get_CRC8_Check_Sum)
    GimbalMotor_AngleSet                     0x0800127d   Thumb Code  2718  task_gimbal.o(i.GimbalMotor_AngleSet)
    GimbalMotor_PID                          0x08001d4d   Thumb Code  1502  task_gimbal.o(i.GimbalMotor_PID)
    Gimbal_CAN_Pitch_Send                    0x08002351   Thumb Code    74  task_gimbal.o(i.Gimbal_CAN_Pitch_Send)
    Gimbal_CAN_Yaw_Send                      0x080023a1   Thumb Code    70  task_gimbal.o(i.Gimbal_CAN_Yaw_Send)
    Gimbal_Init                              0x080023ed   Thumb Code   122  task_gimbal.o(i.Gimbal_Init)
    HAL_CAN_ActivateNotification             0x08002489   Thumb Code    42  stm32f4xx_hal_can.o(i.HAL_CAN_ActivateNotification)
    HAL_CAN_AddTxMessage                     0x080024b3   Thumb Code   342  stm32f4xx_hal_can.o(i.HAL_CAN_AddTxMessage)
    HAL_CAN_ConfigFilter                     0x08002609   Thumb Code   286  stm32f4xx_hal_can.o(i.HAL_CAN_ConfigFilter)
    HAL_CAN_ErrorCallback                    0x0800272d   Thumb Code     2  stm32f4xx_hal_can.o(i.HAL_CAN_ErrorCallback)
    HAL_CAN_GetRxMessage                     0x0800272f   Thumb Code   380  stm32f4xx_hal_can.o(i.HAL_CAN_GetRxMessage)
    HAL_CAN_IRQHandler                       0x080028ab   Thumb Code   590  stm32f4xx_hal_can.o(i.HAL_CAN_IRQHandler)
    HAL_CAN_Init                             0x08002af9   Thumb Code   372  stm32f4xx_hal_can.o(i.HAL_CAN_Init)
    HAL_CAN_MspInit                          0x08002c6d   Thumb Code   330  can.o(i.HAL_CAN_MspInit)
    HAL_CAN_RxFifo0FullCallback              0x08002dd1   Thumb Code     2  stm32f4xx_hal_can.o(i.HAL_CAN_RxFifo0FullCallback)
    HAL_CAN_RxFifo0MsgPendingCallback        0x08002dd5   Thumb Code   386  task_can.o(i.HAL_CAN_RxFifo0MsgPendingCallback)
    HAL_CAN_RxFifo1FullCallback              0x08002f6d   Thumb Code     2  stm32f4xx_hal_can.o(i.HAL_CAN_RxFifo1FullCallback)
    HAL_CAN_RxFifo1MsgPendingCallback        0x08002f71   Thumb Code   282  task_can.o(i.HAL_CAN_RxFifo1MsgPendingCallback)
    HAL_CAN_SleepCallback                    0x0800309d   Thumb Code     2  stm32f4xx_hal_can.o(i.HAL_CAN_SleepCallback)
    HAL_CAN_Start                            0x0800309f   Thumb Code    94  stm32f4xx_hal_can.o(i.HAL_CAN_Start)
    HAL_CAN_TxMailbox0AbortCallback          0x080030fd   Thumb Code     2  stm32f4xx_hal_can.o(i.HAL_CAN_TxMailbox0AbortCallback)
    HAL_CAN_TxMailbox0CompleteCallback       0x080030ff   Thumb Code     2  stm32f4xx_hal_can.o(i.HAL_CAN_TxMailbox0CompleteCallback)
    HAL_CAN_TxMailbox1AbortCallback          0x08003101   Thumb Code     2  stm32f4xx_hal_can.o(i.HAL_CAN_TxMailbox1AbortCallback)
    HAL_CAN_TxMailbox1CompleteCallback       0x08003103   Thumb Code     2  stm32f4xx_hal_can.o(i.HAL_CAN_TxMailbox1CompleteCallback)
    HAL_CAN_TxMailbox2AbortCallback          0x08003105   Thumb Code     2  stm32f4xx_hal_can.o(i.HAL_CAN_TxMailbox2AbortCallback)
    HAL_CAN_TxMailbox2CompleteCallback       0x08003107   Thumb Code     2  stm32f4xx_hal_can.o(i.HAL_CAN_TxMailbox2CompleteCallback)
    HAL_CAN_WakeUpFromRxMsgCallback          0x08003109   Thumb Code     2  stm32f4xx_hal_can.o(i.HAL_CAN_WakeUpFromRxMsgCallback)
    HAL_DMA_Abort_IT                         0x0800310b   Thumb Code    40  stm32f4xx_hal_dma.o(i.HAL_DMA_Abort_IT)
    HAL_DMA_IRQHandler                       0x08003135   Thumb Code   570  stm32f4xx_hal_dma.o(i.HAL_DMA_IRQHandler)
    HAL_DMA_Init                             0x08003375   Thumb Code   232  stm32f4xx_hal_dma.o(i.HAL_DMA_Init)
    HAL_DMA_Start_IT                         0x08003461   Thumb Code   158  stm32f4xx_hal_dma.o(i.HAL_DMA_Start_IT)
    HAL_Delay                                0x08003501   Thumb Code    36  stm32f4xx_hal.o(i.HAL_Delay)
    HAL_GPIO_Init                            0x08003529   Thumb Code   486  stm32f4xx_hal_gpio.o(i.HAL_GPIO_Init)
    HAL_GPIO_ReadPin                         0x08003745   Thumb Code    16  stm32f4xx_hal_gpio.o(i.HAL_GPIO_ReadPin)
    HAL_GPIO_TogglePin                       0x08003755   Thumb Code    18  stm32f4xx_hal_gpio.o(i.HAL_GPIO_TogglePin)
    HAL_GPIO_WritePin                        0x08003767   Thumb Code    12  stm32f4xx_hal_gpio.o(i.HAL_GPIO_WritePin)
    HAL_GetTick                              0x08003775   Thumb Code     6  stm32f4xx_hal.o(i.HAL_GetTick)
    HAL_IncTick                              0x08003781   Thumb Code    16  stm32f4xx_hal.o(i.HAL_IncTick)
    HAL_Init                                 0x08003799   Thumb Code    54  stm32f4xx_hal.o(i.HAL_Init)
    HAL_InitTick                             0x080037d5   Thumb Code   124  stm32f4xx_hal_timebase_tim.o(i.HAL_InitTick)
    HAL_MspInit                              0x0800385d   Thumb Code    78  stm32f4xx_hal_msp.o(i.HAL_MspInit)
    HAL_NVIC_EnableIRQ                       0x080038b1   Thumb Code    32  stm32f4xx_hal_cortex.o(i.HAL_NVIC_EnableIRQ)
    HAL_NVIC_SetPriority                     0x080038d1   Thumb Code   124  stm32f4xx_hal_cortex.o(i.HAL_NVIC_SetPriority)
    HAL_NVIC_SetPriorityGrouping             0x0800394d   Thumb Code    32  stm32f4xx_hal_cortex.o(i.HAL_NVIC_SetPriorityGrouping)
    HAL_RCC_ClockConfig                      0x08003975   Thumb Code   366  stm32f4xx_hal_rcc.o(i.HAL_RCC_ClockConfig)
    HAL_RCC_GetClockConfig                   0x08003af5   Thumb Code    58  stm32f4xx_hal_rcc.o(i.HAL_RCC_GetClockConfig)
    HAL_RCC_GetHCLKFreq                      0x08003b39   Thumb Code     6  stm32f4xx_hal_rcc.o(i.HAL_RCC_GetHCLKFreq)
    HAL_RCC_GetPCLK1Freq                     0x08003b45   Thumb Code    22  stm32f4xx_hal_rcc.o(i.HAL_RCC_GetPCLK1Freq)
    HAL_RCC_GetPCLK2Freq                     0x08003b65   Thumb Code    22  stm32f4xx_hal_rcc.o(i.HAL_RCC_GetPCLK2Freq)
    HAL_RCC_GetSysClockFreq                  0x08003b85   Thumb Code   162  stm32f4xx_hal_rcc.o(i.HAL_RCC_GetSysClockFreq)
    HAL_RCC_OscConfig                        0x08003c35   Thumb Code  1086  stm32f4xx_hal_rcc.o(i.HAL_RCC_OscConfig)
    HAL_SPI_Init                             0x0800407d   Thumb Code   140  stm32f4xx_hal_spi.o(i.HAL_SPI_Init)
    HAL_SPI_MspInit                          0x08004109   Thumb Code   124  spi.o(i.HAL_SPI_MspInit)
    HAL_SPI_TransmitReceive                  0x08004191   Thumb Code   554  stm32f4xx_hal_spi.o(i.HAL_SPI_TransmitReceive)
    HAL_TIMEx_BreakCallback                  0x080043bb   Thumb Code     2  stm32f4xx_hal_tim_ex.o(i.HAL_TIMEx_BreakCallback)
    HAL_TIMEx_CommutCallback                 0x080043bd   Thumb Code     2  stm32f4xx_hal_tim_ex.o(i.HAL_TIMEx_CommutCallback)
    HAL_TIMEx_MasterConfigSynchronization    0x080043bf   Thumb Code    84  stm32f4xx_hal_tim_ex.o(i.HAL_TIMEx_MasterConfigSynchronization)
    HAL_TIM_Base_Init                        0x08004413   Thumb Code    52  stm32f4xx_hal_tim.o(i.HAL_TIM_Base_Init)
    HAL_TIM_Base_MspInit                     0x08004447   Thumb Code     2  stm32f4xx_hal_tim.o(i.HAL_TIM_Base_MspInit)
    HAL_TIM_Base_Start_IT                    0x08004449   Thumb Code    42  stm32f4xx_hal_tim.o(i.HAL_TIM_Base_Start_IT)
    HAL_TIM_IC_CaptureCallback               0x08004473   Thumb Code     2  stm32f4xx_hal_tim.o(i.HAL_TIM_IC_CaptureCallback)
    HAL_TIM_IRQHandler                       0x08004475   Thumb Code   406  stm32f4xx_hal_tim.o(i.HAL_TIM_IRQHandler)
    HAL_TIM_MspPostInit                      0x0800460d   Thumb Code    84  tim.o(i.HAL_TIM_MspPostInit)
    HAL_TIM_OC_DelayElapsedCallback          0x0800466d   Thumb Code     2  stm32f4xx_hal_tim.o(i.HAL_TIM_OC_DelayElapsedCallback)
    HAL_TIM_PWM_ConfigChannel                0x0800466f   Thumb Code   264  stm32f4xx_hal_tim.o(i.HAL_TIM_PWM_ConfigChannel)
    HAL_TIM_PWM_Init                         0x08004777   Thumb Code    52  stm32f4xx_hal_tim.o(i.HAL_TIM_PWM_Init)
    HAL_TIM_PWM_MspInit                      0x080047ad   Thumb Code    44  tim.o(i.HAL_TIM_PWM_MspInit)
    HAL_TIM_PWM_PulseFinishedCallback        0x080047e1   Thumb Code     2  stm32f4xx_hal_tim.o(i.HAL_TIM_PWM_PulseFinishedCallback)
    HAL_TIM_PWM_Start                        0x080047e5   Thumb Code    80  stm32f4xx_hal_tim.o(i.HAL_TIM_PWM_Start)
    HAL_TIM_PeriodElapsedCallback            0x0800483d   Thumb Code    18  main.o(i.HAL_TIM_PeriodElapsedCallback)
    HAL_TIM_TriggerCallback                  0x0800484f   Thumb Code     2  stm32f4xx_hal_tim.o(i.HAL_TIM_TriggerCallback)
    HAL_UART_ErrorCallback                   0x08004851   Thumb Code     2  stm32f4xx_hal_uart.o(i.HAL_UART_ErrorCallback)
    HAL_UART_IRQHandler                      0x08004855   Thumb Code   328  stm32f4xx_hal_uart.o(i.HAL_UART_IRQHandler)
    HAL_UART_Init                            0x080049a1   Thumb Code   114  stm32f4xx_hal_uart.o(i.HAL_UART_Init)
    HAL_UART_MspInit                         0x08004a15   Thumb Code   960  usart.o(i.HAL_UART_MspInit)
    HAL_UART_RxCpltCallback                  0x08004e19   Thumb Code     2  stm32f4xx_hal_uart.o(i.HAL_UART_RxCpltCallback)
    HAL_UART_Transmit_DMA                    0x08004e1d   Thumb Code   142  stm32f4xx_hal_uart.o(i.HAL_UART_Transmit_DMA)
    HAL_UART_TxCpltCallback                  0x08004eb9   Thumb Code     2  stm32f4xx_hal_uart.o(i.HAL_UART_TxCpltCallback)
    HAL_UART_TxHalfCpltCallback              0x08004ebb   Thumb Code     2  stm32f4xx_hal_uart.o(i.HAL_UART_TxHalfCpltCallback)
    HardFault_Handler                        0x08004ebd   Thumb Code     4  stm32f4xx_it.o(i.HardFault_Handler)
    JetsonCommUart_Config                    0x08004ec1   Thumb Code    44  task_jetsoncomm.o(i.JetsonCommUart_Config)
    JetsonCommUart_ReConfig_In_IRQHandler    0x08004ef1   Thumb Code   146  task_jetsoncomm.o(i.JetsonCommUart_ReConfig_In_IRQHandler)
    JetsonComm_Control                       0x08004f91   Thumb Code   940  task_jetsoncomm.o(i.JetsonComm_Control)
    JudgeConnection_Init                     0x080053b5   Thumb Code    44  task_judgereceive .o(i.JudgeConnection_Init)
    JudgeReceive                             0x080053e5   Thumb Code   114  task_judgereceive .o(i.JudgeReceive)
    Judge_IDLECallback                       0x08005465   Thumb Code   140  task_judgereceive .o(i.Judge_IDLECallback)
    Judge_Receive_Data_Processing            0x08005501   Thumb Code   536  task_judgereceive .o(i.Judge_Receive_Data_Processing)
    MX_CAN1_Init                             0x08005779   Thumb Code    58  can.o(i.MX_CAN1_Init)
    MX_CAN2_Init                             0x080057bd   Thumb Code    58  can.o(i.MX_CAN2_Init)
    MX_DMA_Init                              0x08005801   Thumb Code   178  dma.o(i.MX_DMA_Init)
    MX_FREERTOS_Init                         0x080058b9   Thumb Code    30  freertos.o(i.MX_FREERTOS_Init)
    MX_GPIO_Init                             0x080058e1   Thumb Code   388  gpio.o(i.MX_GPIO_Init)
    MX_SPI5_Init                             0x08005a79   Thumb Code    58  spi.o(i.MX_SPI5_Init)
    MX_TIM3_Init                             0x08005abd   Thumb Code   114  tim.o(i.MX_TIM3_Init)
    MX_UART7_Init                            0x08005b39   Thumb Code    46  usart.o(i.MX_UART7_Init)
    MX_UART8_Init                            0x08005b71   Thumb Code    46  usart.o(i.MX_UART8_Init)
    MX_USART1_UART_Init                      0x08005ba9   Thumb Code    52  usart.o(i.MX_USART1_UART_Init)
    MX_USART6_UART_Init                      0x08005be9   Thumb Code    46  usart.o(i.MX_USART6_UART_Init)
    MemManage_Handler                        0x08005c21   Thumb Code     4  stm32f4xx_it.o(i.MemManage_Handler)
    Motor_3508_PID_Calculate                 0x08005c25   Thumb Code   198  task_shoot.o(i.Motor_3508_PID_Calculate)
    Motor_3508_PID_Init                      0x08005cf9   Thumb Code    52  task_shoot.o(i.Motor_3508_PID_Init)
    NMI_Handler                              0x08005d3d   Thumb Code     2  stm32f4xx_it.o(i.NMI_Handler)
    PitchGravityCompensation                 0x08005d41   Thumb Code   104  task_gimbal.o(i.PitchGravityCompensation)
    RC_UART_IRQHandler                       0x08005db9   Thumb Code   210  task_rc.o(i.RC_UART_IRQHandler)
    Shoot_CAN_Send                           0x08005f79   Thumb Code    60  task_shoot.o(i.Shoot_CAN_Send)
    Shoot_Status_with_Heat                   0x08005fbd   Thumb Code   264  task_shoot.o(i.Shoot_Status_with_Heat)
    SmoothFilter                             0x080060e1   Thumb Code    36  task_gimbal.o(i.SmoothFilter)
    StatusMachine_Init                       0x08006109   Thumb Code    24  task_statusmachine.o(i.StatusMachine_Init)
    StatusMachine_Update                     0x08006131   Thumb Code    84  task_statusmachine.o(i.StatusMachine_Update)
    StirMotor_Blocked_Detect                 0x0800619d   Thumb Code    86  task_shoot.o(i.StirMotor_Blocked_Detect)
    StirMotor_Control                        0x080061f9   Thumb Code   354  task_shoot.o(i.StirMotor_Control)
    StirMotor_Init                           0x08006395   Thumb Code    34  task_shoot.o(i.StirMotor_Init)
    Stir_Motor_Speed_Control                 0x080063c5   Thumb Code   198  task_shoot.o(i.Stir_Motor_Speed_Control)
    SysTick_Handler                          0x08006499   Thumb Code    46  port.o(i.SysTick_Handler)
    SystemClock_Config                       0x080064cd   Thumb Code   170  main.o(i.SystemClock_Config)
    SystemInit                               0x08006581   Thumb Code    82  system_stm32f4xx.o(i.SystemInit)
    TIM2_IRQHandler                          0x080065e5   Thumb Code    10  stm32f4xx_it.o(i.TIM2_IRQHandler)
    TIM_Base_SetConfig                       0x080065f5   Thumb Code   170  stm32f4xx_hal_tim.o(i.TIM_Base_SetConfig)
    TIM_CCxChannelCmd                        0x080066cd   Thumb Code    34  stm32f4xx_hal_tim.o(i.TIM_CCxChannelCmd)
    TIM_OC2_SetConfig                        0x08006761   Thumb Code   114  stm32f4xx_hal_tim.o(i.TIM_OC2_SetConfig)
    Task_CAN                                 0x080068a9   Thumb Code    68  task_can.o(i.Task_CAN)
    Task_Chassis                             0x080068fd   Thumb Code   150  task_chassis.o(i.Task_Chassis)
    Task_Communication                       0x080069b5   Thumb Code   186  task_communication.o(i.Task_Communication)
    Task_Detect                              0x08006a91   Thumb Code    48  task_measure.o(i.Task_Detect)
    Task_Gimbal                              0x08006acd   Thumb Code    60  task_gimbal.o(i.Task_Gimbal)
    Task_IMU                                 0x08006b11   Thumb Code    36  task_imu.o(i.Task_IMU)
    Task_Init                                0x08006b35   Thumb Code   344  task_init.o(i.Task_Init)
    Task_JetsonComm                          0x08006da9   Thumb Code    20  task_jetsoncomm.o(i.Task_JetsonComm)
    Task_JudgeReceive                        0x08006dc1   Thumb Code    18  task_judgereceive .o(i.Task_JudgeReceive)
    Task_LEDBlink                            0x08006dd5   Thumb Code    52  task_ledblink.o(i.Task_LEDBlink)
    Task_Shoot                               0x08006e19   Thumb Code   116  task_shoot.o(i.Task_Shoot)
    Task_StatusMachine                       0x08006ea5   Thumb Code    28  task_statusmachine.o(i.Task_StatusMachine)
    UART7_IRQHandler                         0x08006ec1   Thumb Code    16  stm32f4xx_it.o(i.UART7_IRQHandler)
    UART8_IRQHandler                         0x08006ed5   Thumb Code    16  stm32f4xx_it.o(i.UART8_IRQHandler)
    USART1_IRQHandler                        0x0800745d   Thumb Code    16  stm32f4xx_it.o(i.USART1_IRQHandler)
    USART6_IRQHandler                        0x08007471   Thumb Code    10  stm32f4xx_it.o(i.USART6_IRQHandler)
    UsageFault_Handler                       0x08007481   Thumb Code     4  stm32f4xx_it.o(i.UsageFault_Handler)
    Verify_CRC16_Check_Sum                   0x08007485   Thumb Code    60  task_judgereceive .o(i.Verify_CRC16_Check_Sum)
    Verify_CRC8_Check_Sum                    0x080074c5   Thumb Code    46  task_judgereceive .o(i.Verify_CRC8_Check_Sum)
    __ARM_fpclassify                         0x080074f3   Thumb Code    48  fpclassify.o(i.__ARM_fpclassify)
    __hardfp_asin                            0x08007561   Thumb Code   770  asin.o(i.__hardfp_asin)
    __hardfp_atan                            0x080078c1   Thumb Code   622  atan.o(i.__hardfp_atan)
    __hardfp_atan2                           0x08007b99   Thumb Code   432  atan2.o(i.__hardfp_atan2)
    __hardfp_fabs                            0x08007d89   Thumb Code    20  fabs.o(i.__hardfp_fabs)
    __hardfp_sin                             0x08007da1   Thumb Code   180  sin.o(i.__hardfp_sin)
    __hardfp_sqrt                            0x08007e69   Thumb Code   122  sqrt.o(i.__hardfp_sqrt)
    __ieee754_rem_pio2                       0x08007ee9   Thumb Code   938  rred.o(i.__ieee754_rem_pio2)
    __kernel_cos                             0x08008321   Thumb Code   322  cos_i.o(i.__kernel_cos)
    __kernel_poly                            0x08008491   Thumb Code   248  poly.o(i.__kernel_poly)
    __kernel_sin                             0x08008589   Thumb Code   280  sin_i.o(i.__kernel_sin)
    __mathlib_dbl_infnan                     0x080086b9   Thumb Code    20  dunder.o(i.__mathlib_dbl_infnan)
    __mathlib_dbl_infnan2                    0x080086cd   Thumb Code    20  dunder.o(i.__mathlib_dbl_infnan2)
    __mathlib_dbl_invalid                    0x080086e1   Thumb Code    24  dunder.o(i.__mathlib_dbl_invalid)
    __mathlib_dbl_underflow                  0x08008701   Thumb Code    24  dunder.o(i.__mathlib_dbl_underflow)
    __scatterload_copy                       0x08008721   Thumb Code    14  handlers.o(i.__scatterload_copy)
    __scatterload_null                       0x0800872f   Thumb Code     2  handlers.o(i.__scatterload_null)
    __scatterload_zeroinit                   0x08008731   Thumb Code    14  handlers.o(i.__scatterload_zeroinit)
    __set_errno                              0x08008741   Thumb Code     6  errno.o(i.__set_errno)
    atan                                     0x0800874d   Thumb Code    16  atan.o(i.atan)
    fabs                                     0x0800875d   Thumb Code    24  fabs.o(i.fabs)
    imu_ahrs_update                          0x08008775   Thumb Code  1830  func_imu_ob.o(i.imu_ahrs_update)
    imu_attitude_update                      0x08008ee1   Thumb Code   506  func_imu_ob.o(i.imu_attitude_update)
    imu_temp_ctrl                            0x080090f9   Thumb Code    76  func_imu_ob.o(i.imu_temp_ctrl)
    init_quaternion                          0x0800914d   Thumb Code   596  func_imu_ob.o(i.init_quaternion)
    inv_sqrt                                 0x08009411   Thumb Code    56  func_imu_ob.o(i.inv_sqrt)
    ist8310_get_data                         0x0800944d   Thumb Code    16  func_imu_ob.o(i.ist8310_get_data)
    ist8310_init                             0x0800945d   Thumb Code   256  func_imu_ob.o(i.ist8310_init)
    main                                     0x080095d7   Thumb Code    60  main.o(i.main)
    mpu_device_init                          0x08009621   Thumb Code    94  func_imu_ob.o(i.mpu_device_init)
    mpu_get_data                             0x08009689   Thumb Code   338  func_imu_ob.o(i.mpu_get_data)
    mpu_offset_call                          0x08009885   Thumb Code   296  func_imu_ob.o(i.mpu_offset_call)
    mpu_read_byte                            0x080099b5   Thumb Code    68  func_imu_ob.o(i.mpu_read_byte)
    mpu_read_bytes                           0x08009a09   Thumb Code    80  func_imu_ob.o(i.mpu_read_bytes)
    mpu_set_accel_fsr                        0x08009a6d   Thumb Code    16  func_imu_ob.o(i.mpu_set_accel_fsr)
    mpu_set_gyro_fsr                         0x08009a7d   Thumb Code    16  func_imu_ob.o(i.mpu_set_gyro_fsr)
    mpu_write_byte                           0x08009a8d   Thumb Code    72  func_imu_ob.o(i.mpu_write_byte)
    osKernelStart                            0x08009ae5   Thumb Code    10  cmsis_os.o(i.osKernelStart)
    osThreadCreate                           0x08009aef   Thumb Code    94  cmsis_os.o(i.osThreadCreate)
    pvPortMalloc                             0x0800a155   Thumb Code   296  heap_4.o(i.pvPortMalloc)
    pxPortInitialiseStack                    0x0800a291   Thumb Code    38  port.o(i.pxPortInitialiseStack)
    send                                     0x0800a2bd   Thumb Code    92  task_communication.o(i.send)
    sqrt                                     0x0800a325   Thumb Code   110  sqrt.o(i.sqrt)
    ulTaskNotifyTake                         0x0800a395   Thumb Code   108  tasks.o(i.ulTaskNotifyTake)
    uxListRemove                             0x0800a409   Thumb Code    40  list.o(i.uxListRemove)
    vApplicationGetIdleTaskMemory            0x0800a431   Thumb Code    14  freertos.o(i.vApplicationGetIdleTaskMemory)
    vListInitialise                          0x0800a449   Thumb Code    26  list.o(i.vListInitialise)
    vListInitialiseItem                      0x0800a463   Thumb Code     6  list.o(i.vListInitialiseItem)
    vListInsert                              0x0800a469   Thumb Code    52  list.o(i.vListInsert)
    vListInsertEnd                           0x0800a49d   Thumb Code    24  list.o(i.vListInsertEnd)
    vPortEnterCritical                       0x0800a4b5   Thumb Code    76  port.o(i.vPortEnterCritical)
    vPortExitCritical                        0x0800a509   Thumb Code    56  port.o(i.vPortExitCritical)
    vPortFree                                0x0800a545   Thumb Code   140  heap_4.o(i.vPortFree)
    vPortSetupTimerInterrupt                 0x0800a5d9   Thumb Code    36  port.o(i.vPortSetupTimerInterrupt)
    vPortValidateInterruptPriority           0x0800a601   Thumb Code   106  port.o(i.vPortValidateInterruptPriority)
    vTaskDelay                               0x0800a679   Thumb Code    82  tasks.o(i.vTaskDelay)
    vTaskDelayUntil                          0x0800a6d5   Thumb Code   200  tasks.o(i.vTaskDelayUntil)
    vTaskDelete                              0x0800a7a9   Thumb Code   202  tasks.o(i.vTaskDelete)
    vTaskInternalSetTimeOutState             0x0800a89d   Thumb Code    14  tasks.o(i.vTaskInternalSetTimeOutState)
    vTaskMissedYield                         0x0800a8b5   Thumb Code     8  tasks.o(i.vTaskMissedYield)
    vTaskNotifyGiveFromISR                   0x0800a8c1   Thumb Code   216  tasks.o(i.vTaskNotifyGiveFromISR)
    vTaskPlaceOnEventList                    0x0800a9b1   Thumb Code    52  tasks.o(i.vTaskPlaceOnEventList)
    vTaskStartScheduler                      0x0800a9e9   Thumb Code   146  tasks.o(i.vTaskStartScheduler)
    vTaskSuspendAll                          0x0800aa99   Thumb Code    12  tasks.o(i.vTaskSuspendAll)
    vTaskSwitchContext                       0x0800aaa9   Thumb Code   118  tasks.o(i.vTaskSwitchContext)
    xPortStartScheduler                      0x0800ab35   Thumb Code   330  port.o(i.xPortStartScheduler)
    xQueueGenericCreate                      0x0800ac9d   Thumb Code    94  queue.o(i.xQueueGenericCreate)
    xQueueGenericReset                       0x0800acfd   Thumb Code   146  queue.o(i.xQueueGenericReset)
    xQueueGenericSend                        0x0800ad95   Thumb Code   420  queue.o(i.xQueueGenericSend)
    xQueueReceive                            0x0800af3d   Thumb Code   356  queue.o(i.xQueueReceive)
    xTaskCheckForTimeOut                     0x0800b0a5   Thumb Code   132  tasks.o(i.xTaskCheckForTimeOut)
    xTaskCreate                              0x0800b131   Thumb Code   100  tasks.o(i.xTaskCreate)
    xTaskCreateStatic                        0x0800b195   Thumb Code   184  tasks.o(i.xTaskCreateStatic)
    xTaskGetSchedulerState                   0x0800b24d   Thumb Code    24  tasks.o(i.xTaskGetSchedulerState)
    xTaskGetTickCount                        0x0800b26d   Thumb Code     6  tasks.o(i.xTaskGetTickCount)
    xTaskIncrementTick                       0x0800b279   Thumb Code   282  tasks.o(i.xTaskIncrementTick)
    xTaskPriorityDisinherit                  0x0800b3c1   Thumb Code   188  tasks.o(i.xTaskPriorityDisinherit)
    xTaskRemoveFromEventList                 0x0800b489   Thumb Code   128  tasks.o(i.xTaskRemoveFromEventList)
    xTaskResumeAll                           0x0800b521   Thumb Code   224  tasks.o(i.xTaskResumeAll)
    CRC8_INIT                                0x0800b624   Data           1  task_judgereceive .o(.constdata)
    CRC8_TAB                                 0x0800b625   Data         256  task_judgereceive .o(.constdata)
    wCRC_Table                               0x0800b726   Data         512  task_judgereceive .o(.constdata)
    AHBPrescTable                            0x0800b960   Data          16  system_stm32f4xx.o(.constdata)
    APBPrescTable                            0x0800b970   Data           8  system_stm32f4xx.o(.constdata)
    __mathlib_zero                           0x0800ba90   Data           8  qnan.o(.constdata)
    Region$$Table$$Base                      0x0800bb94   Number         0  anon$$obj.o(Region$$Table)
    Region$$Table$$Limit                     0x0800bbb4   Number         0  anon$$obj.o(Region$$Table)
    RxMessage                                0x20000000   Data          10  task_communication.o(.data)
    Aimbot_RotatinPatrol_pitchmode           0x2000000c   Data           1  task_gimbal.o(.data)
    Aimbot_RotatinPatrol_yawmode             0x2000000d   Data           1  task_gimbal.o(.data)
    KF_Versioninit                           0x20000010   Data           4  task_gimbal.o(.data)
    P_Angle                                  0x20000014   Data           2  task_gimbal.o(.data)
    Y_Angle                                  0x20000016   Data           2  task_gimbal.o(.data)
    P_DeltaAngle                             0x20000018   Data           2  task_gimbal.o(.data)
    Y_DeltaAngle                             0x2000001a   Data           2  task_gimbal.o(.data)
    P_KFoutput                               0x2000001c   Data           2  task_gimbal.o(.data)
    Y_KFoutput                               0x2000001e   Data           2  task_gimbal.o(.data)
    temp_p                                   0x20000020   Data           8  task_gimbal.o(.data)
    temp_y                                   0x20000028   Data           8  task_gimbal.o(.data)
    lastaimbotyaw                            0x20000030   Data           4  task_gimbal.o(.data)
    RotatinPatrol_Counter                    0x20000034   Data           2  task_gimbal.o(.data)
    Yaw_last_time                            0x20000038   Data           4  task_gimbal.o(.data)
    Gravity                                  0x2000003c   Data           4  task_gimbal.o(.data)
    Pitch_Desire                             0x20000048   Data           4  task_jetsoncomm.o(.data)
    Yaw_Desire                               0x2000004c   Data           4  task_jetsoncomm.o(.data)
    Jetson_AnglePitch                        0x20000050   Data           4  task_jetsoncomm.o(.data)
    Jetson_AngleYaw                          0x20000054   Data           4  task_jetsoncomm.o(.data)
    Jetson_VelocityPitch                     0x20000058   Data           4  task_jetsoncomm.o(.data)
    Jetson_VelocityYaw                       0x2000005c   Data           4  task_jetsoncomm.o(.data)
    Jetson_AccelerationPitch                 0x20000060   Data           4  task_jetsoncomm.o(.data)
    Jetson_AccelerationYaw                   0x20000064   Data           4  task_jetsoncomm.o(.data)
    Pre_Pitch_Velocity                       0x20000068   Data           4  task_jetsoncomm.o(.data)
    Pre_Yaw_Velocity                         0x2000006c   Data           4  task_jetsoncomm.o(.data)
    Last_YAW_Desire                          0x20000070   Data           4  task_jetsoncomm.o(.data)
    Jetson_Seq                               0x20000074   Data           1  task_jetsoncomm.o(.data)
    Cur_time                                 0x20000078   Data           4  task_jetsoncomm.o(.data)
    delta_time                               0x2000007c   Data           4  task_jetsoncomm.o(.data)
    temp_nuc_p                               0x20000080   Data           8  task_jetsoncomm.o(.data)
    temp_nuc_y                               0x20000088   Data           8  task_jetsoncomm.o(.data)
    ext_game_result                          0x2000009c   Data           1  task_judgereceive .o(.data)
    ext_dart_status                          0x2000009d   Data           3  task_judgereceive .o(.data)
    ext_event_data                           0x200000a0   Data           4  task_judgereceive .o(.data)
    ext_supply_projectile_action             0x200000a4   Data           4  task_judgereceive .o(.data)
    ext_referee_warning                      0x200000a8   Data           2  task_judgereceive .o(.data)
    ext_dart_remaining_time                  0x200000aa   Data           1  task_judgereceive .o(.data)
    ext_buff                                 0x200000ab   Data           1  task_judgereceive .o(.data)
    aerial_robot_energy                      0x200000ac   Data           1  task_judgereceive .o(.data)
    ext_robot_hurt                           0x200000ad   Data           1  task_judgereceive .o(.data)
    ext_shoot_data                           0x200000ae   Data           7  task_judgereceive .o(.data)
    ext_bullet_remaining                     0x200000b5   Data           6  task_judgereceive .o(.data)
    ext_rfid_status                          0x200000bb   Data           4  task_judgereceive .o(.data)
    currentSpeed                             0x200000c0   Data           4  task_judgereceive .o(.data)
    lastSpeed                                0x200000c4   Data           4  task_judgereceive .o(.data)
    time_cnt                                 0x200000c8   Data           2  task_judgereceive .o(.data)
    JudgeReceive_Counter                     0x200000cc   Data           4  task_judgereceive .o(.data)
    chassis_power                            0x200000d0   Data           1  task_judgereceive .o(.data)
    get_hurted                               0x200000d1   Data           1  task_judgereceive .o(.data)
    is_gaming                                0x200000d2   Data           1  task_judgereceive .o(.data)
    Turn_sign                                0x200000d3   Data           1  task_judgereceive .o(.data)
    HP_Remain                                0x200000d4   Data           2  task_judgereceive .o(.data)
    testcmdid                                0x200000d6   Data           2  task_judgereceive .o(.data)
    CRC_INIT                                 0x200000d8   Data           2  task_judgereceive .o(.data)
    clk                                      0x200000da   Data           2  task_ledblink.o(.data)
    detla                                    0x200000dc   Data           2  task_ledblink.o(.data)
    LeftSwitch                               0x200000e0   Data           4  task_measure.o(.data)
    RightSwitch                              0x200000e4   Data           4  task_measure.o(.data)
    Distance                                 0x200000e8   Data           4  task_measure.o(.data)
    L1_Measure_counter                       0x200000ec   Data           4  task_measure.o(.data)
    RC_Rx_Mem                                0x200000f0   Data           1  task_rc.o(.data)
    Shoot_Method                             0x200000f4   Data           1  task_shoot.o(.data)
    Heat_Limitation                          0x200000f6   Data           4  task_shoot.o(.data)
    fric_motor_debug                         0x200000fa   Data           2  task_shoot.o(.data)
    SPEEDMAX                                 0x200000fc   Data           4  task_shoot.o(.data)
    HeatControl                              0x20000100   Data           4  task_shoot.o(.data)
    Heat_limit_method                        0x20000104   Data           1  task_shoot.o(.data)
    HeatFlag                                 0x20000105   Data           1  task_shoot.o(.data)
    targetspeed                              0x20000106   Data           2  task_shoot.o(.data)
    ShootCounter                             0x20000108   Data           1  task_shoot.o(.data)
    ControlMode                              0x2000010a   Data           1  task_statusmachine.o(.data)
    FricStatus                               0x2000010b   Data           1  task_statusmachine.o(.data)
    StirMotorStatus                          0x2000010c   Data           1  task_statusmachine.o(.data)
    ShootStatus                              0x2000010d   Data           1  task_statusmachine.o(.data)
    chassis_servo                            0x2000010e   Data           1  task_statusmachine.o(.data)
    TaskHandle_Communication                 0x20000110   Data           4  task_init.o(.data)
    TaskHandle_Shoot                         0x20000114   Data           4  task_init.o(.data)
    TaskHandle_CAN                           0x20000118   Data           4  task_init.o(.data)
    TaskHandle_LEDBlink                      0x2000011c   Data           4  task_init.o(.data)
    TaskHandle_RC                            0x20000120   Data           4  task_init.o(.data)
    TaskHandle_Chassis                       0x20000124   Data           4  task_init.o(.data)
    TaskHandle_Measure                       0x20000128   Data           4  task_init.o(.data)
    TaskHandle_StatusMachine                 0x2000012c   Data           4  task_init.o(.data)
    TaskHandle_JudgeReceive                  0x20000130   Data           4  task_init.o(.data)
    TaskHandle_JetsonComm                    0x20000134   Data           4  task_init.o(.data)
    TaskHandle_Gimbal                        0x20000138   Data           4  task_init.o(.data)
    TaskHandle_IMU                           0x2000013c   Data           4  task_init.o(.data)
    TaskHandle_Detect                        0x20000140   Data           4  task_init.o(.data)
    Queue_CANSend                            0x20000144   Data           4  task_init.o(.data)
    HeartbeatCycleALL                        0x20000148   Data           4  task_init.o(.data)
    tim_cnt                                  0x2000014c   Data           2  task_chassis.o(.data)
    get_                                     0x2000014e   Data           1  task_chassis.o(.data)
    n                                        0x20000150   Data           4  task_chassis.o(.data)
    Rand_Walk                                0x20000154   Data           6  task_chassis.o(.data)
    SHEN_WEI                                 0x2000015a   Data          12  task_chassis.o(.data)
    iron                                     0x20000168   Data           4  task_chassis.o(.data)
    YUE_LU                                   0x2000016c   Data           2  task_chassis.o(.data)
    SHEN_WEI_Bullet                          0x2000016e   Data           1  task_chassis.o(.data)
    abnormaldetection                        0x20000170   Data           2  task_chassis.o(.data)
    LastTarget_speed                         0x20000172   Data           2  task_chassis.o(.data)
    q0                                       0x20000178   Data           4  func_imu_ob.o(.data)
    q1                                       0x2000017c   Data           4  func_imu_ob.o(.data)
    q2                                       0x20000180   Data           4  func_imu_ob.o(.data)
    q3                                       0x20000184   Data           4  func_imu_ob.o(.data)
    exInt                                    0x20000188   Data           4  func_imu_ob.o(.data)
    eyInt                                    0x2000018c   Data           4  func_imu_ob.o(.data)
    ezInt                                    0x20000190   Data           4  func_imu_ob.o(.data)
    last_update                              0x200001b8   Data           4  func_imu_ob.o(.data)
    now_update                               0x200001bc   Data           4  func_imu_ob.o(.data)
    ist_buff                                 0x200001d0   Data           6  func_imu_ob.o(.data)
    imu                                      0x200001d8   Data          56  func_imu_ob.o(.data)
    id                                       0x20000210   Data           1  func_imu_ob.o(.data)
    HeartbeatCycleIMUCount                   0x20000214   Data           4  func_imu_ob.o(.data)
    HeartbeatCycleIMUAbsolute                0x20000218   Data           4  func_imu_ob.o(.data)
    YawCompresatation                        0x2000021c   Data           4  func_imu_ob.o(.data)
    YawOffsetc                               0x20000220   Data           4  func_imu_ob.o(.data)
    YawOffsett                               0x20000224   Data           4  func_imu_ob.o(.data)
    YawOffseta                               0x20000228   Data           4  func_imu_ob.o(.data)
    Number                                   0x2000022c   Data           4  func_imu_ob.o(.data)
    StartFlag                                0x20000230   Data           4  func_imu_ob.o(.data)
    defaultTaskHandle                        0x2000023c   Data           4  freertos.o(.data)
    uwTick                                   0x20000244   Data           4  stm32f4xx_hal.o(.data)
    uwTickPrio                               0x20000248   Data           4  stm32f4xx_hal.o(.data)
    uwTickFreq                               0x2000024c   Data           1  stm32f4xx_hal.o(.data)
    SystemCoreClock                          0x20000250   Data           4  system_stm32f4xx.o(.data)
    pxCurrentTCB                             0x20000254   Data           4  tasks.o(.data)
    TxMessage                                0x200002bc   Data          10  task_communication.o(.bss)
    Pitch                                    0x200002d8   Data          84  task_gimbal.o(.bss)
    Yaw                                      0x2000032c   Data          84  task_gimbal.o(.bss)
    KF_Gimbal_Pitch                          0x20000380   Data         124  task_jetsoncomm.o(.bss)
    KF_Gimbal_Yaw                            0x200003fc   Data         124  task_jetsoncomm.o(.bss)
    KF_Gimbal_Pitch_init                     0x20000478   Data         192  task_jetsoncomm.o(.bss)
    KF_Gimbal_Yaw_init                       0x20000538   Data         192  task_jetsoncomm.o(.bss)
    JetsonFlag                               0x200005f8   Data         320  task_jetsoncomm.o(.bss)
    DataRecFromJetson_Temp                   0x20000738   Data          16  task_jetsoncomm.o(.bss)
    DataRecFromJetson                        0x20000748   Data          16  task_jetsoncomm.o(.bss)
    DataSendToJetson_gyro                    0x20000758   Data          12  task_jetsoncomm.o(.bss)
    Judge_Receive_Buffer                     0x20000764   Data         130  task_judgereceive .o(.bss)
    ext_game_state                           0x200007e6   Data          11  task_judgereceive .o(.bss)
    ext_game_robot_HP                        0x200007f1   Data          32  task_judgereceive .o(.bss)
    ext_game_robot_state                     0x20000811   Data          27  task_judgereceive .o(.bss)
    ext_power_heat_data                      0x2000082c   Data          16  task_judgereceive .o(.bss)
    ext_game_robot_pos                       0x2000083c   Data          16  task_judgereceive .o(.bss)
    ext_dart_client_cmd                      0x2000084c   Data          12  task_judgereceive .o(.bss)
    ext_video_transmitter                    0x20000858   Data          12  task_judgereceive .o(.bss)
    Fric_3508_Motor                          0x20000864   Data          80  task_shoot.o(.bss)
    StirMotor                                0x200008b4   Data          40  task_shoot.o(.bss)
    CAN_Tx_Msg                               0x200008ec   Data          16  task_can.o(.bss)
    Chassis_Motor                            0x200008fc   Data          80  task_chassis.o(.bss)
    mpu_buff                                 0x2000095c   Data          14  func_imu_ob.o(.bss)
    mpu_data                                 0x2000096a   Data          32  func_imu_ob.o(.bss)
    hcan1                                    0x20000be0   Data          40  can.o(.bss)
    hcan2                                    0x20000c08   Data          40  can.o(.bss)
    hspi5                                    0x20000c30   Data          88  spi.o(.bss)
    htim3                                    0x20000c88   Data          64  tim.o(.bss)
    huart7                                   0x20000cc8   Data          64  usart.o(.bss)
    huart8                                   0x20000d08   Data          64  usart.o(.bss)
    huart1                                   0x20000d48   Data          64  usart.o(.bss)
    huart6                                   0x20000d88   Data          64  usart.o(.bss)
    hdma_uart7_rx                            0x20000dc8   Data          96  usart.o(.bss)
    hdma_uart7_tx                            0x20000e28   Data          96  usart.o(.bss)
    hdma_uart8_rx                            0x20000e88   Data          96  usart.o(.bss)
    hdma_uart8_tx                            0x20000ee8   Data          96  usart.o(.bss)
    hdma_usart1_rx                           0x20000f48   Data          96  usart.o(.bss)
    hdma_usart6_rx                           0x20000fa8   Data          96  usart.o(.bss)
    hdma_usart6_tx                           0x20001008   Data          96  usart.o(.bss)
    htim2                                    0x20001068   Data          64  stm32f4xx_hal_timebase_tim.o(.bss)
    __initial_sp                             0x20005198   Data           0  startup_stm32f427xx.o(STACK)



==============================================================================

Memory Map of the image

  Image Entry point : 0x080001ad

  Load Region LR_IROM1 (Base: 0x08000000, Size: 0x0000be70, Max: 0x00200000, ABSOLUTE, COMPRESSED[0x0000bc0c])

    Execution Region ER_IROM1 (Exec base: 0x08000000, Load base: 0x08000000, Size: 0x0000bbb4, Max: 0x00200000, ABSOLUTE)

    Exec Addr    Load Addr    Size         Type   Attr      Idx    E Section Name        Object

    0x08000000   0x08000000   0x000001ac   Data   RO            3    RESET               startup_stm32f427xx.o
    0x080001ac   0x080001ac   0x00000000   Code   RO         6389  * .ARM.Collect$$$$00000000  mc_w.l(entry.o)
    0x080001ac   0x080001ac   0x00000004   Code   RO         6480    .ARM.Collect$$$$00000001  mc_w.l(entry2.o)
    0x080001b0   0x080001b0   0x00000004   Code   RO         6483    .ARM.Collect$$$$00000004  mc_w.l(entry5.o)
    0x080001b4   0x080001b4   0x00000000   Code   RO         6485    .ARM.Collect$$$$00000008  mc_w.l(entry7b.o)
    0x080001b4   0x080001b4   0x00000000   Code   RO         6487    .ARM.Collect$$$$0000000A  mc_w.l(entry8b.o)
    0x080001b4   0x080001b4   0x00000008   Code   RO         6488    .ARM.Collect$$$$0000000B  mc_w.l(entry9a.o)
    0x080001bc   0x080001bc   0x00000000   Code   RO         6490    .ARM.Collect$$$$0000000D  mc_w.l(entry10a.o)
    0x080001bc   0x080001bc   0x00000000   Code   RO         6492    .ARM.Collect$$$$0000000F  mc_w.l(entry11a.o)
    0x080001bc   0x080001bc   0x00000004   Code   RO         6481    .ARM.Collect$$$$00002712  mc_w.l(entry2.o)
    0x080001c0   0x080001c0   0x000000be   Code   RO         6084    .emb_text           port.o
    0x0800027e   0x0800027e   0x00000002   PAD
    0x08000280   0x08000280   0x00000024   Code   RO            4    .text               startup_stm32f427xx.o
    0x080002a4   0x080002a4   0x00000062   Code   RO         6392    .text               mc_w.l(uldiv.o)
    0x08000306   0x08000306   0x00000002   PAD
    0x08000308   0x08000308   0x00000024   Code   RO         6394    .text               mc_w.l(rand.o)
    0x0800032c   0x0800032c   0x00000024   Code   RO         6397    .text               mc_w.l(memcpya.o)
    0x08000350   0x08000350   0x00000024   Code   RO         6401    .text               mc_w.l(memseta.o)
    0x08000374   0x08000374   0x0000014e   Code   RO         6411    .text               mf_w.l(dadd.o)
    0x080004c2   0x080004c2   0x000000e4   Code   RO         6413    .text               mf_w.l(dmul.o)
    0x080005a6   0x080005a6   0x000000de   Code   RO         6415    .text               mf_w.l(ddiv.o)
    0x08000684   0x08000684   0x00000022   Code   RO         6419    .text               mf_w.l(dflti.o)
    0x080006a6   0x080006a6   0x0000003e   Code   RO         6421    .text               mf_w.l(dfixi.o)
    0x080006e4   0x080006e4   0x00000026   Code   RO         6423    .text               mf_w.l(f2d.o)
    0x0800070a   0x0800070a   0x00000002   PAD
    0x0800070c   0x0800070c   0x00000030   Code   RO         6425    .text               mf_w.l(cdrcmple.o)
    0x0800073c   0x0800073c   0x00000038   Code   RO         6427    .text               mf_w.l(d2f.o)
    0x08000774   0x08000774   0x0000001e   Code   RO         6494    .text               mc_w.l(llshl.o)
    0x08000792   0x08000792   0x00000020   Code   RO         6496    .text               mc_w.l(llushr.o)
    0x080007b2   0x080007b2   0x00000024   Code   RO         6498    .text               mc_w.l(llsshr.o)
    0x080007d6   0x080007d6   0x00000000   Code   RO         6507    .text               mc_w.l(iusefp.o)
    0x080007d6   0x080007d6   0x0000006e   Code   RO         6508    .text               mf_w.l(fepilogue.o)
    0x08000844   0x08000844   0x000000ba   Code   RO         6510    .text               mf_w.l(depilogue.o)
    0x080008fe   0x080008fe   0x000000a2   Code   RO         6512    .text               mf_w.l(dsqrt.o)
    0x080009a0   0x080009a0   0x00000024   Code   RO         6516    .text               mc_w.l(init.o)
    0x080009c4   0x080009c4   0x0000001a   Code   RO         6518    .text               mf_w.l(dfltui.o)
    0x080009de   0x080009de   0x0000003a   Code   RO         6528    .text               mc_w.l(__dczerorl.o)
    0x08000a18   0x08000a18   0x00000004   Code   RO         1534    i.BusFault_Handler  stm32f4xx_it.o
    0x08000a1c   0x08000a1c   0x00000010   Code   RO         1535    i.CAN1_RX0_IRQHandler  stm32f4xx_it.o
    0x08000a2c   0x08000a2c   0x00000010   Code   RO         1536    i.CAN2_RX1_IRQHandler  stm32f4xx_it.o
    0x08000a3c   0x08000a3c   0x00000050   Code   RO          920    i.CANTransmit       task_can.o
    0x08000a8c   0x08000a8c   0x0000005c   Code   RO          856    i.CAN_Init          task_init.o
    0x08000ae8   0x08000ae8   0x00000030   Code   RO          857    i.CAN_Recieve       task_init.o
    0x08000b18   0x08000b18   0x000000b0   Code   RO          968    i.ChassisPowerControl  task_chassis.o
    0x08000bc8   0x08000bc8   0x00000040   Code   RO          969    i.Chassis_CAN_Send  task_chassis.o
    0x08000c08   0x08000c08   0x00000048   Code   RO          970    i.Chassis_Ctrl_Init  task_chassis.o
    0x08000c50   0x08000c50   0x000000d4   Code   RO          971    i.Chassis_PID_Ctrl  task_chassis.o
    0x08000d24   0x08000d24   0x000002e0   Code   RO          972    i.Chassis_Speed_Set  task_chassis.o
    0x08001004   0x08001004   0x00000010   Code   RO         1537    i.DMA1_Stream0_IRQHandler  stm32f4xx_it.o
    0x08001014   0x08001014   0x00000010   Code   RO         1538    i.DMA1_Stream1_IRQHandler  stm32f4xx_it.o
    0x08001024   0x08001024   0x00000010   Code   RO         1539    i.DMA1_Stream3_IRQHandler  stm32f4xx_it.o
    0x08001034   0x08001034   0x00000010   Code   RO         1540    i.DMA1_Stream6_IRQHandler  stm32f4xx_it.o
    0x08001044   0x08001044   0x00000010   Code   RO         1541    i.DMA2_Stream1_IRQHandler  stm32f4xx_it.o
    0x08001054   0x08001054   0x00000010   Code   RO         1542    i.DMA2_Stream2_IRQHandler  stm32f4xx_it.o
    0x08001064   0x08001064   0x00000010   Code   RO         1543    i.DMA2_Stream6_IRQHandler  stm32f4xx_it.o
    0x08001074   0x08001074   0x00000034   Code   RO         2540    i.DMA_CalcBaseAndBitshift  stm32f4xx_hal_dma.o
    0x080010a8   0x080010a8   0x000000aa   Code   RO         2541    i.DMA_CheckFifoParam  stm32f4xx_hal_dma.o
    0x08001152   0x08001152   0x0000002c   Code   RO         2542    i.DMA_SetConfig     stm32f4xx_hal_dma.o
    0x0800117e   0x0800117e   0x00000002   Code   RO         1544    i.DebugMon_Handler  stm32f4xx_it.o
    0x08001180   0x08001180   0x00000002   Code   RO         1183    i.Error_Handler     main.o
    0x08001182   0x08001182   0x00000002   PAD
    0x08001184   0x08001184   0x000000a0   Code   RO          724    i.Fric_3508_Motor_Speed_Set  task_shoot.o
    0x08001224   0x08001224   0x00000034   Code   RO          483    i.Get_CRC16_Check_Sum  task_judgereceive .o
    0x08001258   0x08001258   0x00000024   Code   RO          484    i.Get_CRC8_Check_Sum  task_judgereceive .o
    0x0800127c   0x0800127c   0x00000ad0   Code   RO          247    i.GimbalMotor_AngleSet  task_gimbal.o
    0x08001d4c   0x08001d4c   0x00000604   Code   RO          248    i.GimbalMotor_PID   task_gimbal.o
    0x08002350   0x08002350   0x00000050   Code   RO          249    i.Gimbal_CAN_Pitch_Send  task_gimbal.o
    0x080023a0   0x080023a0   0x0000004c   Code   RO          250    i.Gimbal_CAN_Yaw_Send  task_gimbal.o
    0x080023ec   0x080023ec   0x0000009c   Code   RO          251    i.Gimbal_Init       task_gimbal.o
    0x08002488   0x08002488   0x0000002a   Code   RO         1746    i.HAL_CAN_ActivateNotification  stm32f4xx_hal_can.o
    0x080024b2   0x080024b2   0x00000156   Code   RO         1747    i.HAL_CAN_AddTxMessage  stm32f4xx_hal_can.o
    0x08002608   0x08002608   0x00000124   Code   RO         1748    i.HAL_CAN_ConfigFilter  stm32f4xx_hal_can.o
    0x0800272c   0x0800272c   0x00000002   Code   RO         1751    i.HAL_CAN_ErrorCallback  stm32f4xx_hal_can.o
    0x0800272e   0x0800272e   0x0000017c   Code   RO         1754    i.HAL_CAN_GetRxMessage  stm32f4xx_hal_can.o
    0x080028aa   0x080028aa   0x0000024e   Code   RO         1758    i.HAL_CAN_IRQHandler  stm32f4xx_hal_can.o
    0x08002af8   0x08002af8   0x00000174   Code   RO         1759    i.HAL_CAN_Init      stm32f4xx_hal_can.o
    0x08002c6c   0x08002c6c   0x00000164   Code   RO         1312    i.HAL_CAN_MspInit   can.o
    0x08002dd0   0x08002dd0   0x00000002   Code   RO         1766    i.HAL_CAN_RxFifo0FullCallback  stm32f4xx_hal_can.o
    0x08002dd2   0x08002dd2   0x00000002   PAD
    0x08002dd4   0x08002dd4   0x00000198   Code   RO          921    i.HAL_CAN_RxFifo0MsgPendingCallback  task_can.o
    0x08002f6c   0x08002f6c   0x00000002   Code   RO         1768    i.HAL_CAN_RxFifo1FullCallback  stm32f4xx_hal_can.o
    0x08002f6e   0x08002f6e   0x00000002   PAD
    0x08002f70   0x08002f70   0x0000012c   Code   RO          922    i.HAL_CAN_RxFifo1MsgPendingCallback  task_can.o
    0x0800309c   0x0800309c   0x00000002   Code   RO         1770    i.HAL_CAN_SleepCallback  stm32f4xx_hal_can.o
    0x0800309e   0x0800309e   0x0000005e   Code   RO         1771    i.HAL_CAN_Start     stm32f4xx_hal_can.o
    0x080030fc   0x080030fc   0x00000002   Code   RO         1773    i.HAL_CAN_TxMailbox0AbortCallback  stm32f4xx_hal_can.o
    0x080030fe   0x080030fe   0x00000002   Code   RO         1774    i.HAL_CAN_TxMailbox0CompleteCallback  stm32f4xx_hal_can.o
    0x08003100   0x08003100   0x00000002   Code   RO         1775    i.HAL_CAN_TxMailbox1AbortCallback  stm32f4xx_hal_can.o
    0x08003102   0x08003102   0x00000002   Code   RO         1776    i.HAL_CAN_TxMailbox1CompleteCallback  stm32f4xx_hal_can.o
    0x08003104   0x08003104   0x00000002   Code   RO         1777    i.HAL_CAN_TxMailbox2AbortCallback  stm32f4xx_hal_can.o
    0x08003106   0x08003106   0x00000002   Code   RO         1778    i.HAL_CAN_TxMailbox2CompleteCallback  stm32f4xx_hal_can.o
    0x08003108   0x08003108   0x00000002   Code   RO         1780    i.HAL_CAN_WakeUpFromRxMsgCallback  stm32f4xx_hal_can.o
    0x0800310a   0x0800310a   0x00000028   Code   RO         2544    i.HAL_DMA_Abort_IT  stm32f4xx_hal_dma.o
    0x08003132   0x08003132   0x00000002   PAD
    0x08003134   0x08003134   0x00000240   Code   RO         2548    i.HAL_DMA_IRQHandler  stm32f4xx_hal_dma.o
    0x08003374   0x08003374   0x000000ec   Code   RO         2549    i.HAL_DMA_Init      stm32f4xx_hal_dma.o
    0x08003460   0x08003460   0x0000009e   Code   RO         2553    i.HAL_DMA_Start_IT  stm32f4xx_hal_dma.o
    0x080034fe   0x080034fe   0x00000002   PAD
    0x08003500   0x08003500   0x00000028   Code   RO         2985    i.HAL_Delay         stm32f4xx_hal.o
    0x08003528   0x08003528   0x0000021c   Code   RO         2436    i.HAL_GPIO_Init     stm32f4xx_hal_gpio.o
    0x08003744   0x08003744   0x00000010   Code   RO         2438    i.HAL_GPIO_ReadPin  stm32f4xx_hal_gpio.o
    0x08003754   0x08003754   0x00000012   Code   RO         2439    i.HAL_GPIO_TogglePin  stm32f4xx_hal_gpio.o
    0x08003766   0x08003766   0x0000000c   Code   RO         2440    i.HAL_GPIO_WritePin  stm32f4xx_hal_gpio.o
    0x08003772   0x08003772   0x00000002   PAD
    0x08003774   0x08003774   0x0000000c   Code   RO         2993    i.HAL_GetTick       stm32f4xx_hal.o
    0x08003780   0x08003780   0x00000018   Code   RO         2999    i.HAL_IncTick       stm32f4xx_hal.o
    0x08003798   0x08003798   0x0000003c   Code   RO         3000    i.HAL_Init          stm32f4xx_hal.o
    0x080037d4   0x080037d4   0x00000088   Code   RO         1706    i.HAL_InitTick      stm32f4xx_hal_timebase_tim.o
    0x0800385c   0x0800385c   0x00000054   Code   RO         1682    i.HAL_MspInit       stm32f4xx_hal_msp.o
    0x080038b0   0x080038b0   0x00000020   Code   RO         2843    i.HAL_NVIC_EnableIRQ  stm32f4xx_hal_cortex.o
    0x080038d0   0x080038d0   0x0000007c   Code   RO         2849    i.HAL_NVIC_SetPriority  stm32f4xx_hal_cortex.o
    0x0800394c   0x0800394c   0x00000028   Code   RO         2850    i.HAL_NVIC_SetPriorityGrouping  stm32f4xx_hal_cortex.o
    0x08003974   0x08003974   0x00000180   Code   RO         1980    i.HAL_RCC_ClockConfig  stm32f4xx_hal_rcc.o
    0x08003af4   0x08003af4   0x00000044   Code   RO         1984    i.HAL_RCC_GetClockConfig  stm32f4xx_hal_rcc.o
    0x08003b38   0x08003b38   0x0000000c   Code   RO         1985    i.HAL_RCC_GetHCLKFreq  stm32f4xx_hal_rcc.o
    0x08003b44   0x08003b44   0x00000020   Code   RO         1987    i.HAL_RCC_GetPCLK1Freq  stm32f4xx_hal_rcc.o
    0x08003b64   0x08003b64   0x00000020   Code   RO         1988    i.HAL_RCC_GetPCLK2Freq  stm32f4xx_hal_rcc.o
    0x08003b84   0x08003b84   0x000000b0   Code   RO         1989    i.HAL_RCC_GetSysClockFreq  stm32f4xx_hal_rcc.o
    0x08003c34   0x08003c34   0x00000448   Code   RO         1992    i.HAL_RCC_OscConfig  stm32f4xx_hal_rcc.o
    0x0800407c   0x0800407c   0x0000008c   Code   RO         3256    i.HAL_SPI_Init      stm32f4xx_hal_spi.o
    0x08004108   0x08004108   0x00000088   Code   RO         1385    i.HAL_SPI_MspInit   spi.o
    0x08004190   0x08004190   0x0000022a   Code   RO         3265    i.HAL_SPI_TransmitReceive  stm32f4xx_hal_spi.o
    0x080043ba   0x080043ba   0x00000002   Code   RO         4255    i.HAL_TIMEx_BreakCallback  stm32f4xx_hal_tim_ex.o
    0x080043bc   0x080043bc   0x00000002   Code   RO         4256    i.HAL_TIMEx_CommutCallback  stm32f4xx_hal_tim_ex.o
    0x080043be   0x080043be   0x00000054   Code   RO         4273    i.HAL_TIMEx_MasterConfigSynchronization  stm32f4xx_hal_tim_ex.o
    0x08004412   0x08004412   0x00000034   Code   RO         3569    i.HAL_TIM_Base_Init  stm32f4xx_hal_tim.o
    0x08004446   0x08004446   0x00000002   Code   RO         3571    i.HAL_TIM_Base_MspInit  stm32f4xx_hal_tim.o
    0x08004448   0x08004448   0x0000002a   Code   RO         3574    i.HAL_TIM_Base_Start_IT  stm32f4xx_hal_tim.o
    0x08004472   0x08004472   0x00000002   Code   RO         3598    i.HAL_TIM_IC_CaptureCallback  stm32f4xx_hal_tim.o
    0x08004474   0x08004474   0x00000196   Code   RO         3612    i.HAL_TIM_IRQHandler  stm32f4xx_hal_tim.o
    0x0800460a   0x0800460a   0x00000002   PAD
    0x0800460c   0x0800460c   0x00000060   Code   RO         1426    i.HAL_TIM_MspPostInit  tim.o
    0x0800466c   0x0800466c   0x00000002   Code   RO         3615    i.HAL_TIM_OC_DelayElapsedCallback  stm32f4xx_hal_tim.o
    0x0800466e   0x0800466e   0x00000108   Code   RO         3636    i.HAL_TIM_PWM_ConfigChannel  stm32f4xx_hal_tim.o
    0x08004776   0x08004776   0x00000034   Code   RO         3639    i.HAL_TIM_PWM_Init  stm32f4xx_hal_tim.o
    0x080047aa   0x080047aa   0x00000002   PAD
    0x080047ac   0x080047ac   0x00000034   Code   RO         1428    i.HAL_TIM_PWM_MspInit  tim.o
    0x080047e0   0x080047e0   0x00000002   Code   RO         3642    i.HAL_TIM_PWM_PulseFinishedCallback  stm32f4xx_hal_tim.o
    0x080047e2   0x080047e2   0x00000002   PAD
    0x080047e4   0x080047e4   0x00000058   Code   RO         3644    i.HAL_TIM_PWM_Start  stm32f4xx_hal_tim.o
    0x0800483c   0x0800483c   0x00000012   Code   RO         1184    i.HAL_TIM_PeriodElapsedCallback  main.o
    0x0800484e   0x0800484e   0x00000002   Code   RO         3655    i.HAL_TIM_TriggerCallback  stm32f4xx_hal_tim.o
    0x08004850   0x08004850   0x00000002   Code   RO         4527    i.HAL_UART_ErrorCallback  stm32f4xx_hal_uart.o
    0x08004852   0x08004852   0x00000002   PAD
    0x08004854   0x08004854   0x0000014c   Code   RO         4530    i.HAL_UART_IRQHandler  stm32f4xx_hal_uart.o
    0x080049a0   0x080049a0   0x00000072   Code   RO         4531    i.HAL_UART_Init     stm32f4xx_hal_uart.o
    0x08004a12   0x08004a12   0x00000002   PAD
    0x08004a14   0x08004a14   0x00000404   Code   RO         1475    i.HAL_UART_MspInit  usart.o
    0x08004e18   0x08004e18   0x00000002   Code   RO         4537    i.HAL_UART_RxCpltCallback  stm32f4xx_hal_uart.o
    0x08004e1a   0x08004e1a   0x00000002   PAD
    0x08004e1c   0x08004e1c   0x0000009c   Code   RO         4540    i.HAL_UART_Transmit_DMA  stm32f4xx_hal_uart.o
    0x08004eb8   0x08004eb8   0x00000002   Code   RO         4542    i.HAL_UART_TxCpltCallback  stm32f4xx_hal_uart.o
    0x08004eba   0x08004eba   0x00000002   Code   RO         4543    i.HAL_UART_TxHalfCpltCallback  stm32f4xx_hal_uart.o
    0x08004ebc   0x08004ebc   0x00000004   Code   RO         1545    i.HardFault_Handler  stm32f4xx_it.o
    0x08004ec0   0x08004ec0   0x00000030   Code   RO          384    i.JetsonCommUart_Config  task_jetsoncomm.o
    0x08004ef0   0x08004ef0   0x000000a0   Code   RO          385    i.JetsonCommUart_ReConfig_In_IRQHandler  task_jetsoncomm.o
    0x08004f90   0x08004f90   0x00000424   Code   RO          386    i.JetsonComm_Control  task_jetsoncomm.o
    0x080053b4   0x080053b4   0x00000030   Code   RO          485    i.JudgeConnection_Init  task_judgereceive .o
    0x080053e4   0x080053e4   0x00000080   Code   RO          486    i.JudgeReceive      task_judgereceive .o
    0x08005464   0x08005464   0x0000009c   Code   RO          487    i.Judge_IDLECallback  task_judgereceive .o
    0x08005500   0x08005500   0x00000278   Code   RO          488    i.Judge_Receive_Data_Processing  task_judgereceive .o
    0x08005778   0x08005778   0x00000044   Code   RO         1313    i.MX_CAN1_Init      can.o
    0x080057bc   0x080057bc   0x00000044   Code   RO         1314    i.MX_CAN2_Init      can.o
    0x08005800   0x08005800   0x000000b8   Code   RO         1360    i.MX_DMA_Init       dma.o
    0x080058b8   0x080058b8   0x00000028   Code   RO         1261    i.MX_FREERTOS_Init  freertos.o
    0x080058e0   0x080058e0   0x00000198   Code   RO         1237    i.MX_GPIO_Init      gpio.o
    0x08005a78   0x08005a78   0x00000044   Code   RO         1386    i.MX_SPI5_Init      spi.o
    0x08005abc   0x08005abc   0x0000007c   Code   RO         1429    i.MX_TIM3_Init      tim.o
    0x08005b38   0x08005b38   0x00000038   Code   RO         1476    i.MX_UART7_Init     usart.o
    0x08005b70   0x08005b70   0x00000038   Code   RO         1477    i.MX_UART8_Init     usart.o
    0x08005ba8   0x08005ba8   0x00000040   Code   RO         1478    i.MX_USART1_UART_Init  usart.o
    0x08005be8   0x08005be8   0x00000038   Code   RO         1479    i.MX_USART6_UART_Init  usart.o
    0x08005c20   0x08005c20   0x00000004   Code   RO         1546    i.MemManage_Handler  stm32f4xx_it.o
    0x08005c24   0x08005c24   0x000000d4   Code   RO          725    i.Motor_3508_PID_Calculate  task_shoot.o
    0x08005cf8   0x08005cf8   0x00000044   Code   RO          726    i.Motor_3508_PID_Init  task_shoot.o
    0x08005d3c   0x08005d3c   0x00000002   Code   RO         1547    i.NMI_Handler       stm32f4xx_it.o
    0x08005d3e   0x08005d3e   0x00000002   PAD
    0x08005d40   0x08005d40   0x00000078   Code   RO          252    i.PitchGravityCompensation  task_gimbal.o
    0x08005db8   0x08005db8   0x000000f0   Code   RO          661    i.RC_UART_IRQHandler  task_rc.o
    0x08005ea8   0x08005ea8   0x00000028   Code   RO         3294    i.SPI_EndRxTxTransaction  stm32f4xx_hal_spi.o
    0x08005ed0   0x08005ed0   0x000000a8   Code   RO         3299    i.SPI_WaitFlagStateUntilTimeout  stm32f4xx_hal_spi.o
    0x08005f78   0x08005f78   0x00000044   Code   RO          727    i.Shoot_CAN_Send    task_shoot.o
    0x08005fbc   0x08005fbc   0x00000124   Code   RO          728    i.Shoot_Status_with_Heat  task_shoot.o
    0x080060e0   0x080060e0   0x00000028   Code   RO          253    i.SmoothFilter      task_gimbal.o
    0x08006108   0x08006108   0x00000028   Code   RO          810    i.StatusMachine_Init  task_statusmachine.o
    0x08006130   0x08006130   0x0000006c   Code   RO          811    i.StatusMachine_Update  task_statusmachine.o
    0x0800619c   0x0800619c   0x0000005c   Code   RO          729    i.StirMotor_Blocked_Detect  task_shoot.o
    0x080061f8   0x080061f8   0x0000019c   Code   RO          730    i.StirMotor_Control  task_shoot.o
    0x08006394   0x08006394   0x00000030   Code   RO          731    i.StirMotor_Init    task_shoot.o
    0x080063c4   0x080063c4   0x000000d4   Code   RO          732    i.Stir_Motor_Speed_Control  task_shoot.o
    0x08006498   0x08006498   0x00000034   Code   RO         6085    i.SysTick_Handler   port.o
    0x080064cc   0x080064cc   0x000000b4   Code   RO         1185    i.SystemClock_Config  main.o
    0x08006580   0x08006580   0x00000064   Code   RO         4838    i.SystemInit        system_stm32f4xx.o
    0x080065e4   0x080065e4   0x00000010   Code   RO         1548    i.TIM2_IRQHandler   stm32f4xx_it.o
    0x080065f4   0x080065f4   0x000000d8   Code   RO         3657    i.TIM_Base_SetConfig  stm32f4xx_hal_tim.o
    0x080066cc   0x080066cc   0x00000022   Code   RO         3658    i.TIM_CCxChannelCmd  stm32f4xx_hal_tim.o
    0x080066ee   0x080066ee   0x00000002   PAD
    0x080066f0   0x080066f0   0x00000070   Code   RO         3670    i.TIM_OC1_SetConfig  stm32f4xx_hal_tim.o
    0x08006760   0x08006760   0x0000007c   Code   RO         3671    i.TIM_OC2_SetConfig  stm32f4xx_hal_tim.o
    0x080067dc   0x080067dc   0x00000078   Code   RO         3672    i.TIM_OC3_SetConfig  stm32f4xx_hal_tim.o
    0x08006854   0x08006854   0x00000054   Code   RO         3673    i.TIM_OC4_SetConfig  stm32f4xx_hal_tim.o
    0x080068a8   0x080068a8   0x00000054   Code   RO          923    i.Task_CAN          task_can.o
    0x080068fc   0x080068fc   0x000000b8   Code   RO          973    i.Task_Chassis      task_chassis.o
    0x080069b4   0x080069b4   0x000000dc   Code   RO           13    i.Task_Communication  task_communication.o
    0x08006a90   0x08006a90   0x0000003c   Code   RO          603    i.Task_Detect       task_measure.o
    0x08006acc   0x08006acc   0x00000044   Code   RO          254    i.Task_Gimbal       task_gimbal.o
    0x08006b10   0x08006b10   0x00000024   Code   RO          360    i.Task_IMU          task_imu.o
    0x08006b34   0x08006b34   0x00000274   Code   RO          861    i.Task_Init         task_init.o
    0x08006da8   0x08006da8   0x00000018   Code   RO          389    i.Task_JetsonComm   task_jetsoncomm.o
    0x08006dc0   0x08006dc0   0x00000012   Code   RO          489    i.Task_JudgeReceive  task_judgereceive .o
    0x08006dd2   0x08006dd2   0x00000002   PAD
    0x08006dd4   0x08006dd4   0x00000044   Code   RO          573    i.Task_LEDBlink     task_ledblink.o
    0x08006e18   0x08006e18   0x0000008c   Code   RO          733    i.Task_Shoot        task_shoot.o
    0x08006ea4   0x08006ea4   0x0000001c   Code   RO          812    i.Task_StatusMachine  task_statusmachine.o
    0x08006ec0   0x08006ec0   0x00000014   Code   RO         1549    i.UART7_IRQHandler  stm32f4xx_it.o
    0x08006ed4   0x08006ed4   0x00000014   Code   RO         1550    i.UART8_IRQHandler  stm32f4xx_it.o
    0x08006ee8   0x08006ee8   0x00000014   Code   RO         4544    i.UART_DMAAbortOnError  stm32f4xx_hal_uart.o
    0x08006efc   0x08006efc   0x00000050   Code   RO         4545    i.UART_DMAError     stm32f4xx_hal_uart.o
    0x08006f4c   0x08006f4c   0x00000036   Code   RO         4550    i.UART_DMATransmitCplt  stm32f4xx_hal_uart.o
    0x08006f82   0x08006f82   0x0000000e   Code   RO         4552    i.UART_DMATxHalfCplt  stm32f4xx_hal_uart.o
    0x08006f90   0x08006f90   0x00000020   Code   RO         4554    i.UART_EndRxTransfer  stm32f4xx_hal_uart.o
    0x08006fb0   0x08006fb0   0x00000020   Code   RO         4555    i.UART_EndTransmit_IT  stm32f4xx_hal_uart.o
    0x08006fd0   0x08006fd0   0x00000014   Code   RO         4556    i.UART_EndTxTransfer  stm32f4xx_hal_uart.o
    0x08006fe4   0x08006fe4   0x000000a6   Code   RO         4557    i.UART_Receive_IT   stm32f4xx_hal_uart.o
    0x0800708a   0x0800708a   0x00000002   PAD
    0x0800708c   0x0800708c   0x00000368   Code   RO         4558    i.UART_SetConfig    stm32f4xx_hal_uart.o
    0x080073f4   0x080073f4   0x00000068   Code   RO         4559    i.UART_Transmit_IT  stm32f4xx_hal_uart.o
    0x0800745c   0x0800745c   0x00000014   Code   RO         1551    i.USART1_IRQHandler  stm32f4xx_it.o
    0x08007470   0x08007470   0x00000010   Code   RO         1552    i.USART6_IRQHandler  stm32f4xx_it.o
    0x08007480   0x08007480   0x00000004   Code   RO         1553    i.UsageFault_Handler  stm32f4xx_it.o
    0x08007484   0x08007484   0x00000040   Code   RO          490    i.Verify_CRC16_Check_Sum  task_judgereceive .o
    0x080074c4   0x080074c4   0x0000002e   Code   RO          491    i.Verify_CRC8_Check_Sum  task_judgereceive .o
    0x080074f2   0x080074f2   0x00000030   Code   RO         6464    i.__ARM_fpclassify  m_wm.l(fpclassify.o)
    0x08007522   0x08007522   0x00000002   PAD
    0x08007524   0x08007524   0x00000010   Code   RO         2856    i.__NVIC_GetPriorityGrouping  stm32f4xx_hal_cortex.o
    0x08007534   0x08007534   0x00000028   Code   RO         2857    i.__NVIC_SetPriority  stm32f4xx_hal_cortex.o
    0x0800755c   0x0800755c   0x00000004   PAD
    0x08007560   0x08007560   0x00000360   Code   RO         6333    i.__hardfp_asin     m_wm.l(asin.o)
    0x080078c0   0x080078c0   0x000002d8   Code   RO         6433    i.__hardfp_atan     m_wm.l(atan.o)
    0x08007b98   0x08007b98   0x000001f0   Code   RO         6347    i.__hardfp_atan2    m_wm.l(atan2.o)
    0x08007d88   0x08007d88   0x00000014   Code   RO         6359    i.__hardfp_fabs     m_wm.l(fabs.o)
    0x08007d9c   0x08007d9c   0x00000004   PAD
    0x08007da0   0x08007da0   0x000000c8   Code   RO         6365    i.__hardfp_sin      m_wm.l(sin.o)
    0x08007e68   0x08007e68   0x0000007a   Code   RO         6377    i.__hardfp_sqrt     m_wm.l(sqrt.o)
    0x08007ee2   0x08007ee2   0x00000006   PAD
    0x08007ee8   0x08007ee8   0x00000438   Code   RO         6469    i.__ieee754_rem_pio2  m_wm.l(rred.o)
    0x08008320   0x08008320   0x00000170   Code   RO         6447    i.__kernel_cos      m_wm.l(cos_i.o)
    0x08008490   0x08008490   0x000000f8   Code   RO         6466    i.__kernel_poly     m_wm.l(poly.o)
    0x08008588   0x08008588   0x00000130   Code   RO         6474    i.__kernel_sin      m_wm.l(sin_i.o)
    0x080086b8   0x080086b8   0x00000014   Code   RO         6451    i.__mathlib_dbl_infnan  m_wm.l(dunder.o)
    0x080086cc   0x080086cc   0x00000014   Code   RO         6452    i.__mathlib_dbl_infnan2  m_wm.l(dunder.o)
    0x080086e0   0x080086e0   0x00000020   Code   RO         6453    i.__mathlib_dbl_invalid  m_wm.l(dunder.o)
    0x08008700   0x08008700   0x00000020   Code   RO         6456    i.__mathlib_dbl_underflow  m_wm.l(dunder.o)
    0x08008720   0x08008720   0x0000000e   Code   RO         6522    i.__scatterload_copy  mc_w.l(handlers.o)
    0x0800872e   0x0800872e   0x00000002   Code   RO         6523    i.__scatterload_null  mc_w.l(handlers.o)
    0x08008730   0x08008730   0x0000000e   Code   RO         6524    i.__scatterload_zeroinit  mc_w.l(handlers.o)
    0x0800873e   0x0800873e   0x00000002   PAD
    0x08008740   0x08008740   0x0000000c   Code   RO         6502    i.__set_errno       mc_w.l(errno.o)
    0x0800874c   0x0800874c   0x00000010   Code   RO         6435    i.atan              m_wm.l(atan.o)
    0x0800875c   0x0800875c   0x00000018   Code   RO         6361    i.fabs              m_wm.l(fabs.o)
    0x08008774   0x08008774   0x0000076c   Code   RO         1036    i.imu_ahrs_update   func_imu_ob.o
    0x08008ee0   0x08008ee0   0x00000218   Code   RO         1037    i.imu_attitude_update  func_imu_ob.o
    0x080090f8   0x080090f8   0x00000054   Code   RO         1038    i.imu_temp_ctrl     func_imu_ob.o
    0x0800914c   0x0800914c   0x000002c4   Code   RO         1039    i.init_quaternion   func_imu_ob.o
    0x08009410   0x08009410   0x0000003c   Code   RO         1040    i.inv_sqrt          func_imu_ob.o
    0x0800944c   0x0800944c   0x00000010   Code   RO         1041    i.ist8310_get_data  func_imu_ob.o
    0x0800945c   0x0800945c   0x00000100   Code   RO         1042    i.ist8310_init      func_imu_ob.o
    0x0800955c   0x0800955c   0x0000003a   Code   RO         1043    i.ist_reg_read_by_mpu  func_imu_ob.o
    0x08009596   0x08009596   0x00000040   Code   RO         1044    i.ist_reg_write_by_mpu  func_imu_ob.o
    0x080095d6   0x080095d6   0x0000003c   Code   RO         1186    i.main              main.o
    0x08009612   0x08009612   0x0000000e   Code   RO         5656    i.makeFreeRtosPriority  cmsis_os.o
    0x08009620   0x08009620   0x00000068   Code   RO         1045    i.mpu_device_init   func_imu_ob.o
    0x08009688   0x08009688   0x00000170   Code   RO         1046    i.mpu_get_data      func_imu_ob.o
    0x080097f8   0x080097f8   0x0000008c   Code   RO         1047    i.mpu_master_i2c_auto_read_config  func_imu_ob.o
    0x08009884   0x08009884   0x00000130   Code   RO         1048    i.mpu_offset_call   func_imu_ob.o
    0x080099b4   0x080099b4   0x00000054   Code   RO         1049    i.mpu_read_byte     func_imu_ob.o
    0x08009a08   0x08009a08   0x00000064   Code   RO         1050    i.mpu_read_bytes    func_imu_ob.o
    0x08009a6c   0x08009a6c   0x00000010   Code   RO         1051    i.mpu_set_accel_fsr  func_imu_ob.o
    0x08009a7c   0x08009a7c   0x00000010   Code   RO         1052    i.mpu_set_gyro_fsr  func_imu_ob.o
    0x08009a8c   0x08009a8c   0x00000058   Code   RO         1053    i.mpu_write_byte    func_imu_ob.o
    0x08009ae4   0x08009ae4   0x0000000a   Code   RO         5661    i.osKernelStart     cmsis_os.o
    0x08009aee   0x08009aee   0x0000005e   Code   RO         5695    i.osThreadCreate    cmsis_os.o
    0x08009b4c   0x08009b4c   0x00000098   Code   RO         5325    i.prvAddCurrentTaskToDelayedList  tasks.o
    0x08009be4   0x08009be4   0x000000b4   Code   RO         5326    i.prvAddNewTaskToReadyList  tasks.o
    0x08009c98   0x08009c98   0x00000048   Code   RO         5327    i.prvCheckTasksWaitingTermination  tasks.o
    0x08009ce0   0x08009ce0   0x0000002a   Code   RO         5003    i.prvCopyDataFromQueue  queue.o
    0x08009d0a   0x08009d0a   0x0000007c   Code   RO         5004    i.prvCopyDataToQueue  queue.o
    0x08009d86   0x08009d86   0x00000050   Code   RO         5328    i.prvDeleteTCB      tasks.o
    0x08009dd6   0x08009dd6   0x00000002   PAD
    0x08009dd8   0x08009dd8   0x0000007c   Code   RO         6023    i.prvHeapInit       heap_4.o
    0x08009e54   0x08009e54   0x00000028   Code   RO         5329    i.prvIdleTask       tasks.o
    0x08009e7c   0x08009e7c   0x00000026   Code   RO         5007    i.prvInitialiseNewQueue  queue.o
    0x08009ea2   0x08009ea2   0x000000b4   Code   RO         5330    i.prvInitialiseNewTask  tasks.o
    0x08009f56   0x08009f56   0x00000002   PAD
    0x08009f58   0x08009f58   0x00000068   Code   RO         5331    i.prvInitialiseTaskLists  tasks.o
    0x08009fc0   0x08009fc0   0x00000068   Code   RO         6024    i.prvInsertBlockIntoFreeList  heap_4.o
    0x0800a028   0x0800a028   0x0000001a   Code   RO         5008    i.prvIsQueueEmpty   queue.o
    0x0800a042   0x0800a042   0x0000001e   Code   RO         5009    i.prvIsQueueFull    queue.o
    0x0800a060   0x0800a060   0x00000034   Code   RO         5332    i.prvResetNextTaskUnblockTime  tasks.o
    0x0800a094   0x0800a094   0x00000040   Code   RO         6086    i.prvTaskExitError  port.o
    0x0800a0d4   0x0800a0d4   0x0000007e   Code   RO         5010    i.prvUnlockQueue    queue.o
    0x0800a152   0x0800a152   0x00000002   PAD
    0x0800a154   0x0800a154   0x0000013c   Code   RO         6025    i.pvPortMalloc      heap_4.o
    0x0800a290   0x0800a290   0x0000002c   Code   RO         6087    i.pxPortInitialiseStack  port.o
    0x0800a2bc   0x0800a2bc   0x00000068   Code   RO           14    i.send              task_communication.o
    0x0800a324   0x0800a324   0x0000006e   Code   RO         6379    i.sqrt              m_wm.l(sqrt.o)
    0x0800a392   0x0800a392   0x00000002   PAD
    0x0800a394   0x0800a394   0x00000074   Code   RO         5336    i.ulTaskNotifyTake  tasks.o
    0x0800a408   0x0800a408   0x00000028   Code   RO         4966    i.uxListRemove      list.o
    0x0800a430   0x0800a430   0x00000018   Code   RO         1263    i.vApplicationGetIdleTaskMemory  freertos.o
    0x0800a448   0x0800a448   0x0000001a   Code   RO         4967    i.vListInitialise   list.o
    0x0800a462   0x0800a462   0x00000006   Code   RO         4968    i.vListInitialiseItem  list.o
    0x0800a468   0x0800a468   0x00000034   Code   RO         4969    i.vListInsert       list.o
    0x0800a49c   0x0800a49c   0x00000018   Code   RO         4970    i.vListInsertEnd    list.o
    0x0800a4b4   0x0800a4b4   0x00000054   Code   RO         6089    i.vPortEnterCritical  port.o
    0x0800a508   0x0800a508   0x0000003c   Code   RO         6090    i.vPortExitCritical  port.o
    0x0800a544   0x0800a544   0x00000094   Code   RO         6026    i.vPortFree         heap_4.o
    0x0800a5d8   0x0800a5d8   0x00000028   Code   RO         6091    i.vPortSetupTimerInterrupt  port.o
    0x0800a600   0x0800a600   0x00000078   Code   RO         6092    i.vPortValidateInterruptPriority  port.o
    0x0800a678   0x0800a678   0x0000005c   Code   RO         5342    i.vTaskDelay        tasks.o
    0x0800a6d4   0x0800a6d4   0x000000d4   Code   RO         5343    i.vTaskDelayUntil   tasks.o
    0x0800a7a8   0x0800a7a8   0x000000f4   Code   RO         5344    i.vTaskDelete       tasks.o
    0x0800a89c   0x0800a89c   0x00000018   Code   RO         5346    i.vTaskInternalSetTimeOutState  tasks.o
    0x0800a8b4   0x0800a8b4   0x0000000c   Code   RO         5347    i.vTaskMissedYield  tasks.o
    0x0800a8c0   0x0800a8c0   0x000000f0   Code   RO         5348    i.vTaskNotifyGiveFromISR  tasks.o
    0x0800a9b0   0x0800a9b0   0x00000038   Code   RO         5349    i.vTaskPlaceOnEventList  tasks.o
    0x0800a9e8   0x0800a9e8   0x000000b0   Code   RO         5356    i.vTaskStartScheduler  tasks.o
    0x0800aa98   0x0800aa98   0x00000010   Code   RO         5358    i.vTaskSuspendAll   tasks.o
    0x0800aaa8   0x0800aaa8   0x0000008c   Code   RO         5359    i.vTaskSwitchContext  tasks.o
    0x0800ab34   0x0800ab34   0x00000168   Code   RO         6093    i.xPortStartScheduler  port.o
    0x0800ac9c   0x0800ac9c   0x0000005e   Code   RO         5019    i.xQueueGenericCreate  queue.o
    0x0800acfa   0x0800acfa   0x00000002   PAD
    0x0800acfc   0x0800acfc   0x00000098   Code   RO         5021    i.xQueueGenericReset  queue.o
    0x0800ad94   0x0800ad94   0x000001a8   Code   RO         5022    i.xQueueGenericSend  queue.o
    0x0800af3c   0x0800af3c   0x00000168   Code   RO         5029    i.xQueueReceive     queue.o
    0x0800b0a4   0x0800b0a4   0x0000008c   Code   RO         5360    i.xTaskCheckForTimeOut  tasks.o
    0x0800b130   0x0800b130   0x00000064   Code   RO         5361    i.xTaskCreate       tasks.o
    0x0800b194   0x0800b194   0x000000b8   Code   RO         5362    i.xTaskCreateStatic  tasks.o
    0x0800b24c   0x0800b24c   0x00000020   Code   RO         5366    i.xTaskGetSchedulerState  tasks.o
    0x0800b26c   0x0800b26c   0x0000000c   Code   RO         5367    i.xTaskGetTickCount  tasks.o
    0x0800b278   0x0800b278   0x00000148   Code   RO         5369    i.xTaskIncrementTick  tasks.o
    0x0800b3c0   0x0800b3c0   0x000000c8   Code   RO         5372    i.xTaskPriorityDisinherit  tasks.o
    0x0800b488   0x0800b488   0x00000098   Code   RO         5374    i.xTaskRemoveFromEventList  tasks.o
    0x0800b520   0x0800b520   0x00000104   Code   RO         5375    i.xTaskResumeAll    tasks.o
    0x0800b624   0x0800b624   0x00000302   Data   RO          493    .constdata          task_judgereceive .o
    0x0800b926   0x0800b926   0x00000002   PAD
    0x0800b928   0x0800b928   0x00000014   Data   RO         1055    .constdata          func_imu_ob.o
    0x0800b93c   0x0800b93c   0x0000001c   Data   RO         1265    .constdata          freertos.o
    0x0800b958   0x0800b958   0x00000008   Data   RO         2555    .constdata          stm32f4xx_hal_dma.o
    0x0800b960   0x0800b960   0x00000018   Data   RO         4839    .constdata          system_stm32f4xx.o
    0x0800b978   0x0800b978   0x00000050   Data   RO         6336    .constdata          m_wm.l(asin.o)
    0x0800b9c8   0x0800b9c8   0x00000098   Data   RO         6436    .constdata          m_wm.l(atan.o)
    0x0800ba60   0x0800ba60   0x00000030   Data   RO         6448    .constdata          m_wm.l(cos_i.o)
    0x0800ba90   0x0800ba90   0x00000008   Data   RO         6468    .constdata          m_wm.l(qnan.o)
    0x0800ba98   0x0800ba98   0x000000c8   Data   RO         6471    .constdata          m_wm.l(rred.o)
    0x0800bb60   0x0800bb60   0x00000028   Data   RO         6475    .constdata          m_wm.l(sin_i.o)
    0x0800bb88   0x0800bb88   0x0000000c   Data   RO         1266    .conststring        freertos.o
    0x0800bb94   0x0800bb94   0x00000020   Data   RO         6520    Region$$Table       anon$$obj.o


    Execution Region RW_IRAM2 (Exec base: 0x10000000, Load base: 0x0800bc0c, Size: 0x00000000, Max: 0x00010000, ABSOLUTE)

    **** No section assigned to this execution region ****


    Execution Region RW_IRAM1 (Exec base: 0x20000000, Load base: 0x0800bbb4, Size: 0x00005198, Max: 0x00030000, ABSOLUTE, COMPRESSED[0x00000058])

    Exec Addr    Load Addr    Size         Type   Attr      Idx    E Section Name        Object

    0x20000000   COMPRESSED   0x0000000a   Data   RW           16    .data               task_communication.o
    0x2000000a   COMPRESSED   0x00000002   PAD
    0x2000000c   COMPRESSED   0x0000003c   Data   RW          256    .data               task_gimbal.o
    0x20000048   COMPRESSED   0x00000054   Data   RW          395    .data               task_jetsoncomm.o
    0x2000009c   COMPRESSED   0x0000003e   Data   RW          494    .data               task_judgereceive .o
    0x200000da   COMPRESSED   0x00000004   Data   RW          574    .data               task_ledblink.o
    0x200000de   COMPRESSED   0x00000002   PAD
    0x200000e0   COMPRESSED   0x00000010   Data   RW          606    .data               task_measure.o
    0x200000f0   COMPRESSED   0x00000002   Data   RW          664    .data               task_rc.o
    0x200000f2   COMPRESSED   0x00000002   PAD
    0x200000f4   COMPRESSED   0x00000016   Data   RW          735    .data               task_shoot.o
    0x2000010a   COMPRESSED   0x00000005   Data   RW          813    .data               task_statusmachine.o
    0x2000010f   COMPRESSED   0x00000001   PAD
    0x20000110   COMPRESSED   0x0000003c   Data   RW          862    .data               task_init.o
    0x2000014c   COMPRESSED   0x0000002a   Data   RW          976    .data               task_chassis.o
    0x20000176   COMPRESSED   0x00000002   PAD
    0x20000178   COMPRESSED   0x000000c4   Data   RW         1056    .data               func_imu_ob.o
    0x2000023c   COMPRESSED   0x00000004   Data   RW         1267    .data               freertos.o
    0x20000240   COMPRESSED   0x00000004   Data   RW         1316    .data               can.o
    0x20000244   COMPRESSED   0x00000009   Data   RW         3007    .data               stm32f4xx_hal.o
    0x2000024d   COMPRESSED   0x00000003   PAD
    0x20000250   COMPRESSED   0x00000004   Data   RW         4840    .data               system_stm32f4xx.o
    0x20000254   COMPRESSED   0x0000003c   Data   RW         5378    .data               tasks.o
    0x20000290   COMPRESSED   0x00000018   Data   RW         6031    .data               heap_4.o
    0x200002a8   COMPRESSED   0x0000000c   Data   RW         6094    .data               port.o
    0x200002b4   COMPRESSED   0x00000004   Data   RW         6395    .data               mc_w.l(rand.o)
    0x200002b8   COMPRESSED   0x00000004   Data   RW         6503    .data               mc_w.l(errno.o)
    0x200002bc        -       0x0000001c   Zero   RW           15    .bss                task_communication.o
    0x200002d8        -       0x000000a8   Zero   RW          255    .bss                task_gimbal.o
    0x20000380        -       0x000003e4   Zero   RW          394    .bss                task_jetsoncomm.o
    0x20000764        -       0x00000100   Zero   RW          492    .bss                task_judgereceive .o
    0x20000864        -       0x00000088   Zero   RW          734    .bss                task_shoot.o
    0x200008ec        -       0x00000010   Zero   RW          924    .bss                task_can.o
    0x200008fc        -       0x00000060   Zero   RW          974    .bss                task_chassis.o
    0x2000095c        -       0x0000002e   Zero   RW         1054    .bss                func_imu_ob.o
    0x2000098a   COMPRESSED   0x00000002   PAD
    0x2000098c        -       0x00000254   Zero   RW         1264    .bss                freertos.o
    0x20000be0        -       0x00000050   Zero   RW         1315    .bss                can.o
    0x20000c30        -       0x00000058   Zero   RW         1387    .bss                spi.o
    0x20000c88        -       0x00000040   Zero   RW         1430    .bss                tim.o
    0x20000cc8        -       0x000003a0   Zero   RW         1480    .bss                usart.o
    0x20001068        -       0x00000040   Zero   RW         1709    .bss                stm32f4xx_hal_timebase_tim.o
    0x200010a8        -       0x000000f0   Zero   RW         5377    .bss                tasks.o
    0x20001198        -       0x00003c00   Zero   RW         6030    .bss                heap_4.o
    0x20004d98        -       0x00000400   Zero   RW            1    STACK               startup_stm32f427xx.o


==============================================================================

Image component sizes


      Code (inc. data)   RO Data    RW Data    ZI Data      Debug   Object Name

       492         46          0          4         80       2402   can.o
       118          0          0          0          0      21465   cmsis_os.o
       184          6          0          0          0        842   dma.o
         0          0          0          0          0      16632   event_groups.o
        64         20         40          4        596       1951   freertos.o
      4902        396         20        196         46      15103   func_imu_ob.o
       408         20          0          0          0       1155   gpio.o
       692         62          0         24      15360       7359   heap_4.o
       148          0          0          0          0       3598   list.o
       260         10          0          0          0      16252   main.o
      1014         92          0         12          0      12101   port.o
      1416         14          0          0          0      11043   queue.o
       204         22          0          0         88       1645   spi.o
        36          8        428          0       1024        840   startup_stm32f427xx.o
       136         24          0          9          0       3914   stm32f4xx_hal.o
      2134          6          0          0          0      13827   stm32f4xx_hal_can.o
       252         22          0          0          0      33706   stm32f4xx_hal_cortex.o
      1276         16          8          0          0       6246   stm32f4xx_hal_dma.o
       586         54          0          0          0       3648   stm32f4xx_hal_gpio.o
        84          6          0          0          0        846   stm32f4xx_hal_msp.o
      1800         94          0          0          0       6225   stm32f4xx_hal_rcc.o
       902          0          0          0          0       4437   stm32f4xx_hal_spi.o
      1604         90          0          0          0      12381   stm32f4xx_hal_tim.o
        88          0          0          0          0       2461   stm32f4xx_hal_tim_ex.o
       136         12          0          0         64       1463   stm32f4xx_hal_timebase_tim.o
      2004         26          0          0          0      11717   stm32f4xx_hal_uart.o
       256         78          0          0          0       9775   stm32f4xx_it.o
         0          0          0          0          0        384   stream_buffer.o
       100         18         24          4          0       1167   system_stm32f4xx.o
       872         66          0          0         16       3750   task_can.o
      1444        144          0         42         96       6376   task_chassis.o
       324         46          0         10         28     780813   task_communication.o
      4848        402          0         60        168      23763   task_gimbal.o
        36          0          0          0          0        579   task_imu.o
       768        304          0         60          0       3546   task_init.o
      1292        142          0         84        996       7053   task_jetsoncomm.o
      1180        146        770         62        256      13630   task_judgereceive .o
        68         16          0          4          0        832   task_ledblink.o
        60         12          0         16          0       1520   task_measure.o
       240         30          0          2          0       2309   task_rc.o
      1704        208          0         22        136       8101   task_shoot.o
       176         40          0          5          0       2820   task_statusmachine.o
      3596        432          0         60        240      27888   tasks.o
       272         30          0          0         64       2299   tim.o
      1260        110          0          0        928       4310   usart.o

    ----------------------------------------------------------------------
     39482       3274       1324        692      20188    1114174   Object Totals
         0          0         32          0          0          0   (incl. Generated)
        46          4          2         12          2          0   (incl. Padding)

    ----------------------------------------------------------------------

      Code (inc. data)   RO Data    RW Data    ZI Data      Debug   Library Member Name

       864         94         80          0          0        280   asin.o
       744        106        152          0          0        352   atan.o
       496         64          0          0          0        192   atan2.o
       368         46         48          0          0        200   cos_i.o
       104         16          0          0          0        496   dunder.o
        44          0          0          0          0        248   fabs.o
        48          0          0          0          0        124   fpclassify.o
       248          0          0          0          0        152   poly.o
         0          0          8          0          0          0   qnan.o
      1080        142        200          0          0        188   rred.o
       200         20          0          0          0        164   sin.o
       304         24         40          0          0        208   sin_i.o
       232          0          0          0          0        296   sqrt.o
        58          0          0          0          0          0   __dczerorl.o
         0          0          0          0          0          0   entry.o
         0          0          0          0          0          0   entry10a.o
         0          0          0          0          0          0   entry11a.o
         8          4          0          0          0          0   entry2.o
         4          0          0          0          0          0   entry5.o
         0          0          0          0          0          0   entry7b.o
         0          0          0          0          0          0   entry8b.o
         8          4          0          0          0          0   entry9a.o
        12          6          0          4          0         68   errno.o
        30          0          0          0          0          0   handlers.o
        36          8          0          0          0         68   init.o
         0          0          0          0          0          0   iusefp.o
        30          0          0          0          0         68   llshl.o
        36          0          0          0          0         68   llsshr.o
        32          0          0          0          0         68   llushr.o
        36          0          0          0          0         68   memcpya.o
        36          0          0          0          0        108   memseta.o
        36         10          0          4          0        136   rand.o
        98          0          0          0          0         92   uldiv.o
        48          0          0          0          0         68   cdrcmple.o
        56          0          0          0          0         88   d2f.o
       334          0          0          0          0        148   dadd.o
       222          0          0          0          0        100   ddiv.o
       186          0          0          0          0        176   depilogue.o
        62          0          0          0          0         80   dfixi.o
        34          0          0          0          0         76   dflti.o
        26          0          0          0          0         76   dfltui.o
       228          0          0          0          0         96   dmul.o
       162          0          0          0          0        100   dsqrt.o
        38          0          0          0          0         68   f2d.o
       110          0          0          0          0        168   fepilogue.o

    ----------------------------------------------------------------------
      6718        544        528          8          0       4888   Library Totals
        20          0          0          0          0          0   (incl. Padding)

    ----------------------------------------------------------------------

      Code (inc. data)   RO Data    RW Data    ZI Data      Debug   Library Name

      4732        512        528          0          0       2900   m_wm.l
       460         32          0          8          0        744   mc_w.l
      1506          0          0          0          0       1244   mf_w.l

    ----------------------------------------------------------------------
      6718        544        528          8          0       4888   Library Totals

    ----------------------------------------------------------------------

==============================================================================


      Code (inc. data)   RO Data    RW Data    ZI Data      Debug   

     46200       3818       1852        700      20188    1091858   Grand Totals
     46200       3818       1852         88      20188    1091858   ELF Image Totals (compressed)
     46200       3818       1852         88          0          0   ROM Totals

==============================================================================

    Total RO  Size (Code + RO Data)                48052 (  46.93kB)
    Total RW  Size (RW Data + ZI Data)             20888 (  20.40kB)
    Total ROM Size (Code + RO Data + RW Data)      48140 (  47.01kB)

==============================================================================

