<html>
<body>
<pre>
<h1>µVision Build Log</h1>
<h2>Tool Versions:</h2>
IDE-Version: ¶ÃVision V5.24.2.0
Copyright (C) 2017 ARM Ltd and ARM Germany GmbH. All rights reserved.
License Information: s q, sq, LIC=TA3WF-6ZAPQ-FZHWU-SGRLR-K6DJ9-D0QGQ
 
Tool Versions:
Toolchain:       MDK-ARM Professional  Version: 5.24.1
Toolchain Path:  D:\keil\ARM\ARMCC\Bin
C Compiler:      Armcc.exe V5.06 update 5 (build 528)
Assembler:       Armasm.exe V5.06 update 5 (build 528)
Linker/Locator:  ArmLink.exe V5.06 update 5 (build 528)
Library Manager: ArmAr.exe V5.06 update 5 (build 528)
Hex Converter:   FromElf.exe V5.06 update 5 (build 528)
CPU DLL:         SARMCM3.DLL V5.24.1
Dialog DLL:      DCM.DLL V1.16.0.0
Target DLL:      CMSIS_AGDI.dll V1.28.3.0
Dialog DLL:      TCM.DLL V1.32.0.0
 
<h2>Project:</h2>
D:\Sentry_2021\Sentry_Tasks\Sentry_2021_Down\MDK-ARM\Sentry_2021_Down.uvprojx
Project File Date:  04/04/2021

<h2>Output:</h2>
*** Using Compiler 'V5.06 update 5 (build 528)', folder: 'D:\keil\ARM\ARMCC\Bin'
Build target 'Sentry_2021_Down'
compiling spi.c...
compiling can.c...
compiling dma.c...
compiling freertos.c...
compiling gpio.c...
compiling tim.c...
compiling main.c...
compiling stm32f4xx_hal_timebase_tim.c...
compiling stm32f4xx_hal_msp.c...
compiling stm32f4xx_hal_rcc.c...
compiling usart.c...
compiling stm32f4xx_hal_rcc_ex.c...
compiling stm32f4xx_it.c...
compiling stm32f4xx_hal_can.c...
compiling stm32f4xx_hal_flash_ramfunc.c...
compiling stm32f4xx_hal_pwr.c...
compiling stm32f4xx_hal_flash_ex.c...
compiling stm32f4xx_hal_dma.c...
compiling stm32f4xx_hal_flash.c...
compiling stm32f4xx_hal_gpio.c...
compiling stm32f4xx_hal_dma_ex.c...
compiling stm32f4xx_hal_pwr_ex.c...
compiling stm32f4xx_hal_cortex.c...
compiling stm32f4xx_hal.c...
compiling croutine.c...
compiling stm32f4xx_hal_exti.c...
compiling stm32f4xx_hal_tim_ex.c...
compiling event_groups.c...
compiling list.c...
compiling stm32f4xx_hal_spi.c...
compiling stream_buffer.c...
compiling queue.c...
compiling timers.c...
compiling tasks.c...
compiling stm32f4xx_hal_tim.c...
compiling heap_4.c...
compiling cmsis_os.c...
compiling port.c...
compiling stm32f4xx_hal_uart.c...
compiling system_stm32f4xx.c...
compiling Task_Measure.c...
..\Task\Src\Task_Measure.c(75): warning:  #186-D: pointless comparison of unsigned integer with zero
  		if(counter >= 0) //*** ”–Œ Ã‚
..\Task\Src\Task_Measure.c: 1 warning, 0 errors
compiling Task_Init.c...
compiling Task_Communication.c...
compiling Task_Can.c...
..\Task\Src\Task_Can.c(86): warning:  #188-D: enumerated type mixed with another type
  				RxMessage.Is_gaming=aData[0];
..\Task\Src\Task_Can.c: 1 warning, 0 errors
compiling Task_LEDBlink.c...
compiling Task_Shoot.c...
compiling Task_RC.c...
compiling Task_IMU.c...
compiling Func_Imu_OB.c...
compiling Task_JetsonComm.c...
..\Task\Src\Task_JetsonComm.c(315): warning:  #550-D: variable "result1"  was set but never used
    float *result1;
..\Task\Src\Task_JetsonComm.c(398): warning:  #177-D: variable "TEMP211"  was declared but never referenced
    mat TEMP, TEMP21, TEMP211;
..\Task\Src\Task_JetsonComm.c: 2 warnings, 0 errors
compiling Task_StatusMachine.c...
compiling Task_Gimbal.c...
linking...
Program Size: Code=34288 RO-data=1084 RW-data=476 ZI-data=19540  
FromELF: creating hex file...
"Sentry_2021_Down\Sentry_2021_Down.axf" - 0 Error(s), 4 Warning(s).

<h2>Software Packages used:</h2>

Package Vendor: ARM
                http://www.keil.com/pack/ARM.CMSIS.5.0.1.pack
                ARM.CMSIS.5.0.1
                CMSIS (Cortex Microcontroller Software Interface Standard)
   * Component: CORE Version: 5.0.1

Package Vendor: Keil
                http://www.keil.com/pack/Keil.STM32F4xx_DFP.2.13.0.pack
                Keil.STM32F4xx_DFP.2.13.0
                STMicroelectronics STM32F4 Series Device Support, Drivers and Examples

<h2>Collection of Component include folders:</h2>
  .\RTE\_Sentry_2021_Down
  D:\keil\ARM\CMSIS\5.0.1\CMSIS\Include
  D:\keil\Keil\STM32F4xx_DFP\2.13.0\Drivers\CMSIS\Device\ST\STM32F4xx\Include

<h2>Collection of Component Files used:</h2>

   * Component: ARM::CMSIS:CORE:5.0.1
Build Time Elapsed:  00:01:00
</pre>
</body>
</html>
