Component: ARM Compiler 5.06 update 5 (build 528) Tool: armlink [4d35e2]

==============================================================================

Section Cross References

    startup_stm32f427xx.o(RESET) refers to startup_stm32f427xx.o(STACK) for __initial_sp
    startup_stm32f427xx.o(RESET) refers to startup_stm32f427xx.o(.text) for Reset_Handler
    startup_stm32f427xx.o(RESET) refers to stm32f4xx_it.o(i.NMI_Handler) for NMI_Handler
    startup_stm32f427xx.o(RESET) refers to stm32f4xx_it.o(i.HardFault_Handler) for HardFault_Handler
    startup_stm32f427xx.o(RESET) refers to stm32f4xx_it.o(i.MemManage_Handler) for MemManage_Handler
    startup_stm32f427xx.o(RESET) refers to stm32f4xx_it.o(i.BusFault_Handler) for BusFault_Handler
    startup_stm32f427xx.o(RESET) refers to stm32f4xx_it.o(i.UsageFault_Handler) for UsageFault_Handler
    startup_stm32f427xx.o(RESET) refers to port.o(.emb_text) for SVC_Handler
    startup_stm32f427xx.o(RESET) refers to stm32f4xx_it.o(i.DebugMon_Handler) for DebugMon_Handler
    startup_stm32f427xx.o(RESET) refers to port.o(i.SysTick_Handler) for SysTick_Handler
    startup_stm32f427xx.o(RESET) refers to stm32f4xx_it.o(i.DMA1_Stream0_IRQHandler) for DMA1_Stream0_IRQHandler
    startup_stm32f427xx.o(RESET) refers to stm32f4xx_it.o(i.DMA1_Stream6_IRQHandler) for DMA1_Stream6_IRQHandler
    startup_stm32f427xx.o(RESET) refers to stm32f4xx_it.o(i.CAN1_RX0_IRQHandler) for CAN1_RX0_IRQHandler
    startup_stm32f427xx.o(RESET) refers to stm32f4xx_it.o(i.TIM2_IRQHandler) for TIM2_IRQHandler
    startup_stm32f427xx.o(RESET) refers to stm32f4xx_it.o(i.USART1_IRQHandler) for USART1_IRQHandler
    startup_stm32f427xx.o(RESET) refers to stm32f4xx_it.o(i.DMA2_Stream1_IRQHandler) for DMA2_Stream1_IRQHandler
    startup_stm32f427xx.o(RESET) refers to stm32f4xx_it.o(i.CAN2_RX1_IRQHandler) for CAN2_RX1_IRQHandler
    startup_stm32f427xx.o(RESET) refers to stm32f4xx_it.o(i.DMA2_Stream5_IRQHandler) for DMA2_Stream5_IRQHandler
    startup_stm32f427xx.o(RESET) refers to stm32f4xx_it.o(i.DMA2_Stream6_IRQHandler) for DMA2_Stream6_IRQHandler
    startup_stm32f427xx.o(RESET) refers to stm32f4xx_it.o(i.USART6_IRQHandler) for USART6_IRQHandler
    startup_stm32f427xx.o(RESET) refers to stm32f4xx_it.o(i.UART8_IRQHandler) for UART8_IRQHandler
    startup_stm32f427xx.o(.text) refers to system_stm32f4xx.o(i.SystemInit) for SystemInit
    startup_stm32f427xx.o(.text) refers to entry.o(.ARM.Collect$$$$00000000) for __main
    main.o(i.HAL_TIM_PeriodElapsedCallback) refers to stm32f4xx_hal.o(i.HAL_IncTick) for HAL_IncTick
    main.o(i.SystemClock_Config) refers to memseta.o(.text) for __aeabi_memclr4
    main.o(i.SystemClock_Config) refers to stm32f4xx_hal_rcc.o(i.HAL_RCC_OscConfig) for HAL_RCC_OscConfig
    main.o(i.SystemClock_Config) refers to stm32f4xx_hal_rcc.o(i.HAL_RCC_ClockConfig) for HAL_RCC_ClockConfig
    main.o(i.main) refers to stm32f4xx_hal.o(i.HAL_Init) for HAL_Init
    main.o(i.main) refers to main.o(i.SystemClock_Config) for SystemClock_Config
    main.o(i.main) refers to gpio.o(i.MX_GPIO_Init) for MX_GPIO_Init
    main.o(i.main) refers to dma.o(i.MX_DMA_Init) for MX_DMA_Init
    main.o(i.main) refers to can.o(i.MX_CAN1_Init) for MX_CAN1_Init
    main.o(i.main) refers to can.o(i.MX_CAN2_Init) for MX_CAN2_Init
    main.o(i.main) refers to usart.o(i.MX_USART1_UART_Init) for MX_USART1_UART_Init
    main.o(i.main) refers to tim.o(i.MX_TIM3_Init) for MX_TIM3_Init
    main.o(i.main) refers to spi.o(i.MX_SPI5_Init) for MX_SPI5_Init
    main.o(i.main) refers to usart.o(i.MX_UART8_Init) for MX_UART8_Init
    main.o(i.main) refers to usart.o(i.MX_USART6_UART_Init) for MX_USART6_UART_Init
    main.o(i.main) refers to freertos.o(i.MX_FREERTOS_Init) for MX_FREERTOS_Init
    main.o(i.main) refers to cmsis_os.o(i.osKernelStart) for osKernelStart
    gpio.o(i.MX_GPIO_Init) refers to memseta.o(.text) for __aeabi_memclr4
    gpio.o(i.MX_GPIO_Init) refers to stm32f4xx_hal_gpio.o(i.HAL_GPIO_WritePin) for HAL_GPIO_WritePin
    gpio.o(i.MX_GPIO_Init) refers to stm32f4xx_hal_gpio.o(i.HAL_GPIO_Init) for HAL_GPIO_Init
    freertos.o(i.MX_FREERTOS_Init) refers to memcpya.o(.text) for __aeabi_memcpy4
    freertos.o(i.MX_FREERTOS_Init) refers to cmsis_os.o(i.osThreadCreate) for osThreadCreate
    freertos.o(i.MX_FREERTOS_Init) refers to freertos.o(.constdata) for .constdata
    freertos.o(i.MX_FREERTOS_Init) refers to freertos.o(.data) for .data
    freertos.o(i.Task_Init) refers to cmsis_os.o(i.osDelay) for osDelay
    freertos.o(i.vApplicationGetIdleTaskMemory) refers to freertos.o(.bss) for .bss
    freertos.o(.constdata) refers to freertos.o(.conststring) for .conststring
    freertos.o(.constdata) refers to task_init.o(i.Task_Init) for Task_Init
    can.o(i.HAL_CAN_MspDeInit) refers to stm32f4xx_hal_gpio.o(i.HAL_GPIO_DeInit) for HAL_GPIO_DeInit
    can.o(i.HAL_CAN_MspDeInit) refers to stm32f4xx_hal_cortex.o(i.HAL_NVIC_DisableIRQ) for HAL_NVIC_DisableIRQ
[...]
    DMA2_Stream3_IRQHandler                  0x0800029b   Thumb Code     0  startup_stm32f427xx.o(.text)
    DMA2_Stream4_IRQHandler                  0x0800029b   Thumb Code     0  startup_stm32f427xx.o(.text)
    DMA2_Stream7_IRQHandler                  0x0800029b   Thumb Code     0  startup_stm32f427xx.o(.text)
    ETH_IRQHandler                           0x0800029b   Thumb Code     0  startup_stm32f427xx.o(.text)
    ETH_WKUP_IRQHandler                      0x0800029b   Thumb Code     0  startup_stm32f427xx.o(.text)
    EXTI0_IRQHandler                         0x0800029b   Thumb Code     0  startup_stm32f427xx.o(.text)
    EXTI15_10_IRQHandler                     0x0800029b   Thumb Code     0  startup_stm32f427xx.o(.text)
    EXTI1_IRQHandler                         0x0800029b   Thumb Code     0  startup_stm32f427xx.o(.text)
    EXTI2_IRQHandler                         0x0800029b   Thumb Code     0  startup_stm32f427xx.o(.text)
    EXTI3_IRQHandler                         0x0800029b   Thumb Code     0  startup_stm32f427xx.o(.text)
    EXTI4_IRQHandler                         0x0800029b   Thumb Code     0  startup_stm32f427xx.o(.text)
    EXTI9_5_IRQHandler                       0x0800029b   Thumb Code     0  startup_stm32f427xx.o(.text)
    FLASH_IRQHandler                         0x0800029b   Thumb Code     0  startup_stm32f427xx.o(.text)
    FMC_IRQHandler                           0x0800029b   Thumb Code     0  startup_stm32f427xx.o(.text)
    FPU_IRQHandler                           0x0800029b   Thumb Code     0  startup_stm32f427xx.o(.text)
    HASH_RNG_IRQHandler                      0x0800029b   Thumb Code     0  startup_stm32f427xx.o(.text)
    I2C1_ER_IRQHandler                       0x0800029b   Thumb Code     0  startup_stm32f427xx.o(.text)
    I2C1_EV_IRQHandler                       0x0800029b   Thumb Code     0  startup_stm32f427xx.o(.text)
    I2C2_ER_IRQHandler                       0x0800029b   Thumb Code     0  startup_stm32f427xx.o(.text)
    I2C2_EV_IRQHandler                       0x0800029b   Thumb Code     0  startup_stm32f427xx.o(.text)
    I2C3_ER_IRQHandler                       0x0800029b   Thumb Code     0  startup_stm32f427xx.o(.text)
    I2C3_EV_IRQHandler                       0x0800029b   Thumb Code     0  startup_stm32f427xx.o(.text)
    OTG_FS_IRQHandler                        0x0800029b   Thumb Code     0  startup_stm32f427xx.o(.text)
    OTG_FS_WKUP_IRQHandler                   0x0800029b   Thumb Code     0  startup_stm32f427xx.o(.text)
    OTG_HS_EP1_IN_IRQHandler                 0x0800029b   Thumb Code     0  startup_stm32f427xx.o(.text)
    OTG_HS_EP1_OUT_IRQHandler                0x0800029b   Thumb Code     0  startup_stm32f427xx.o(.text)
    OTG_HS_IRQHandler                        0x0800029b   Thumb Code     0  startup_stm32f427xx.o(.text)
    OTG_HS_WKUP_IRQHandler                   0x0800029b   Thumb Code     0  startup_stm32f427xx.o(.text)
    PVD_IRQHandler                           0x0800029b   Thumb Code     0  startup_stm32f427xx.o(.text)
    RCC_IRQHandler                           0x0800029b   Thumb Code     0  startup_stm32f427xx.o(.text)
    RTC_Alarm_IRQHandler                     0x0800029b   Thumb Code     0  startup_stm32f427xx.o(.text)
    RTC_WKUP_IRQHandler                      0x0800029b   Thumb Code     0  startup_stm32f427xx.o(.text)
    SAI1_IRQHandler                          0x0800029b   Thumb Code     0  startup_stm32f427xx.o(.text)
    SDIO_IRQHandler                          0x0800029b   Thumb Code     0  startup_stm32f427xx.o(.text)
    SPI1_IRQHandler                          0x0800029b   Thumb Code     0  startup_stm32f427xx.o(.text)
    SPI2_IRQHandler                          0x0800029b   Thumb Code     0  startup_stm32f427xx.o(.text)
    SPI3_IRQHandler                          0x0800029b   Thumb Code     0  startup_stm32f427xx.o(.text)
    SPI4_IRQHandler                          0x0800029b   Thumb Code     0  startup_stm32f427xx.o(.text)
    SPI5_IRQHandler                          0x0800029b   Thumb Code     0  startup_stm32f427xx.o(.text)
    SPI6_IRQHandler                          0x0800029b   Thumb Code     0  startup_stm32f427xx.o(.text)
    TAMP_STAMP_IRQHandler                    0x0800029b   Thumb Code     0  startup_stm32f427xx.o(.text)
    TIM1_BRK_TIM9_IRQHandler                 0x0800029b   Thumb Code     0  startup_stm32f427xx.o(.text)
    TIM1_CC_IRQHandler                       0x0800029b   Thumb Code     0  startup_stm32f427xx.o(.text)
    TIM1_TRG_COM_TIM11_IRQHandler            0x0800029b   Thumb Code     0  startup_stm32f427xx.o(.text)
    TIM1_UP_TIM10_IRQHandler                 0x0800029b   Thumb Code     0  startup_stm32f427xx.o(.text)
    TIM3_IRQHandler                          0x0800029b   Thumb Code     0  startup_stm32f427xx.o(.text)
    TIM4_IRQHandler                          0x0800029b   Thumb Code     0  startup_stm32f427xx.o(.text)
    TIM5_IRQHandler                          0x0800029b   Thumb Code     0  startup_stm32f427xx.o(.text)
    TIM6_DAC_IRQHandler                      0x0800029b   Thumb Code     0  startup_stm32f427xx.o(.text)
    TIM7_IRQHandler                          0x0800029b   Thumb Code     0  startup_stm32f427xx.o(.text)
    TIM8_BRK_TIM12_IRQHandler                0x0800029b   Thumb Code     0  startup_stm32f427xx.o(.text)
    TIM8_CC_IRQHandler                       0x0800029b   Thumb Code     0  startup_stm32f427xx.o(.text)
    TIM8_TRG_COM_TIM14_IRQHandler            0x0800029b   Thumb Code     0  startup_stm32f427xx.o(.text)
    TIM8_UP_TIM13_IRQHandler                 0x0800029b   Thumb Code     0  startup_stm32f427xx.o(.text)
    UART4_IRQHandler                         0x0800029b   Thumb Code     0  startup_stm32f427xx.o(.text)
    UART5_IRQHandler                         0x0800029b   Thumb Code     0  startup_stm32f427xx.o(.text)
    UART7_IRQHandler                         0x0800029b   Thumb Code     0  startup_stm32f427xx.o(.text)
    USART2_IRQHandler                        0x0800029b   Thumb Code     0  startup_stm32f427xx.o(.text)
    USART3_IRQHandler                        0x0800029b   Thumb Code     0  startup_stm32f427xx.o(.text)
    WWDG_IRQHandler                          0x0800029b   Thumb Code     0  startup_stm32f427xx.o(.text)
    arm_mat_init_f32                         0x080002a5   Thumb Code     8  arm_mat_init_f32.o(.text)
    arm_mat_trans_f32                        0x080002ad   Thumb Code   252  arm_mat_trans_f32.o(.text)
    __aeabi_uldivmod                         0x080003a9   Thumb Code    98  uldiv.o(.text)
    __aeabi_memcpy                           0x0800040b   Thumb Code    36  memcpya.o(.text)
    __aeabi_memcpy4                          0x0800040b   Thumb Code     0  memcpya.o(.text)
    __aeabi_memcpy8                          0x0800040b   Thumb Code     0  memcpya.o(.text)
    __aeabi_memset                           0x0800042f   Thumb Code    14  memseta.o(.text)
    __aeabi_memset4                          0x0800042f   Thumb Code     0  memseta.o(.text)
    __aeabi_memset8                          0x0800042f   Thumb Code     0  memseta.o(.text)
    __aeabi_memclr                           0x0800043d   Thumb Code     4  memseta.o(.text)
    __aeabi_memclr4                          0x0800043d   Thumb Code     0  memseta.o(.text)
    __aeabi_memclr8                          0x0800043d   Thumb Code     0  memseta.o(.text)
    memset                                   0x08000441   Thumb Code    18  memseta.o(.text)
    __aeabi_dadd                             0x08000453   Thumb Code   322  dadd.o(.text)
    __aeabi_dsub                             0x08000595   Thumb Code     6  dadd.o(.text)
    __aeabi_drsub                            0x0800059b   Thumb Code     6  dadd.o(.text)
    __aeabi_dmul                             0x080005a1   Thumb Code   228  dmul.o(.text)
    __aeabi_ddiv                             0x08000685   Thumb Code   222  ddiv.o(.text)
    __aeabi_i2d                              0x08000763   Thumb Code    34  dflti.o(.text)
    __aeabi_d2iz                             0x08000785   Thumb Code    62  dfixi.o(.text)
    __aeabi_f2d                              0x080007c3   Thumb Code    38  f2d.o(.text)
    __aeabi_cdrcmple                         0x080007e9   Thumb Code    48  cdrcmple.o(.text)
    __aeabi_d2f                              0x08000819   Thumb Code    56  d2f.o(.text)
    __aeabi_llsl                             0x08000851   Thumb Code    30  llshl.o(.text)
    _ll_shift_l                              0x08000851   Thumb Code     0  llshl.o(.text)
    __aeabi_llsr                             0x0800086f   Thumb Code    32  llushr.o(.text)
    _ll_ushift_r                             0x0800086f   Thumb Code     0  llushr.o(.text)
    __aeabi_lasr                             0x0800088f   Thumb Code    36  llsshr.o(.text)
    _ll_sshift_r                             0x0800088f   Thumb Code     0  llsshr.o(.text)
    __I$use$fp                               0x080008b3   Thumb Code     0  iusefp.o(.text)
    _float_round                             0x080008b3   Thumb Code    18  fepilogue.o(.text)
    _float_epilogue                          0x080008c5   Thumb Code    92  fepilogue.o(.text)
    _double_round                            0x08000921   Thumb Code    30  depilogue.o(.text)
    _double_epilogue                         0x0800093f   Thumb Code   156  depilogue.o(.text)
    _dsqrt                                   0x080009db   Thumb Code   162  dsqrt.o(.text)
    __scatterload                            0x08000a7d   Thumb Code    28  init.o(.text)
    __scatterload_rt2                        0x08000a7d   Thumb Code     0  init.o(.text)
    __aeabi_ui2d                             0x08000aa1   Thumb Code    26  dfltui.o(.text)
    __decompress                             0x08000abb   Thumb Code     0  __dczerorl.o(.text)
    __decompress0                            0x08000abb   Thumb Code    58  __dczerorl.o(.text)
    BusFault_Handler                         0x08000af5   Thumb Code     2  stm32f4xx_it.o(i.BusFault_Handler)
    CAN1_RX0_IRQHandler                      0x08000af9   Thumb Code     6  stm32f4xx_it.o(i.CAN1_RX0_IRQHandler)
    CAN2_RX1_IRQHandler                      0x08000b05   Thumb Code     6  stm32f4xx_it.o(i.CAN2_RX1_IRQHandler)
    CANTransmit                              0x08000b11   Thumb Code    44  task_can.o(i.CANTransmit)
    CAN_Com_Send                             0x08000b45   Thumb Code    68  task_communication.o(i.CAN_Com_Send)
    CAN_Init                                 0x08000b95   Thumb Code    72  task_init.o(i.CAN_Init)
    CAN_Recieve                              0x08000be5   Thumb Code    24  task_init.o(i.CAN_Recieve)
    DMA1_Stream0_IRQHandler                  0x08000c05   Thumb Code     6  stm32f4xx_it.o(i.DMA1_Stream0_IRQHandler)
    DMA1_Stream6_IRQHandler                  0x08000c11   Thumb Code     6  stm32f4xx_it.o(i.DMA1_Stream6_IRQHandler)
    DMA2_Stream1_IRQHandler                  0x08000c1d   Thumb Code     6  stm32f4xx_it.o(i.DMA2_Stream1_IRQHandler)
    DMA2_Stream5_IRQHandler                  0x08000c29   Thumb Code     6  stm32f4xx_it.o(i.DMA2_Stream5_IRQHandler)
    DMA2_Stream6_IRQHandler                  0x08000c35   Thumb Code     6  stm32f4xx_it.o(i.DMA2_Stream6_IRQHandler)
    DebugMon_Handler                         0x08000d03   Thumb Code     2  stm32f4xx_it.o(i.DebugMon_Handler)
    Error_Handler                            0x08000d05   Thumb Code     2  main.o(i.Error_Handler)
    Fric_3508_Motor_Speed_Set                0x08000d09   Thumb Code    38  task_shoot.o(i.Fric_3508_Motor_Speed_Set)
    Get_Channel_Val                          0x08000d39   Thumb Code    54  task_rc.o(i.Get_Channel_Val)
    Get_Switch_Val                           0x08000d6f   Thumb Code    18  task_rc.o(i.Get_Switch_Val)
    GimbalMotor_AngleSet                     0x08000d81   Thumb Code   868  task_gimbal.o(i.GimbalMotor_AngleSet)
    GimbalMotor_PID                          0x08001155   Thumb Code   836  task_gimbal.o(i.GimbalMotor_PID)
    Gimbal_CAN_Pitch_Send                    0x0800151d   Thumb Code    52  task_gimbal.o(i.Gimbal_CAN_Pitch_Send)
    Gimbal_CAN_Send                          0x08001555   Thumb Code    68  task_gimbal.o(i.Gimbal_CAN_Send)
    Gimbal_Init                              0x0800159d   Thumb Code   110  task_gimbal.o(i.Gimbal_Init)
    HAL_CAN_ActivateNotification             0x08001625   Thumb Code    36  stm32f4xx_hal_can.o(i.HAL_CAN_ActivateNotification)
    HAL_CAN_AddTxMessage                     0x08001649   Thumb Code   200  stm32f4xx_hal_can.o(i.HAL_CAN_AddTxMessage)
    HAL_CAN_ConfigFilter                     0x08001711   Thumb Code   262  stm32f4xx_hal_can.o(i.HAL_CAN_ConfigFilter)
    HAL_CAN_ErrorCallback                    0x0800181d   Thumb Code     2  stm32f4xx_hal_can.o(i.HAL_CAN_ErrorCallback)
    HAL_CAN_GetRxMessage                     0x0800181f   Thumb Code   232  stm32f4xx_hal_can.o(i.HAL_CAN_GetRxMessage)
    HAL_CAN_IRQHandler                       0x08001907   Thumb Code   508  stm32f4xx_hal_can.o(i.HAL_CAN_IRQHandler)
    HAL_CAN_Init                             0x08001b03   Thumb Code   282  stm32f4xx_hal_can.o(i.HAL_CAN_Init)
    HAL_CAN_MspInit                          0x08001c1d   Thumb Code   228  can.o(i.HAL_CAN_MspInit)
    HAL_CAN_RxFifo0FullCallback              0x08001d19   Thumb Code     2  stm32f4xx_hal_can.o(i.HAL_CAN_RxFifo0FullCallback)
    HAL_CAN_RxFifo0MsgPendingCallback        0x08001d1d   Thumb Code   146  task_can.o(i.HAL_CAN_RxFifo0MsgPendingCallback)
    HAL_CAN_RxFifo1FullCallback              0x08001dc1   Thumb Code     2  stm32f4xx_hal_can.o(i.HAL_CAN_RxFifo1FullCallback)
    HAL_CAN_RxFifo1MsgPendingCallback        0x08001dc5   Thumb Code   136  task_can.o(i.HAL_CAN_RxFifo1MsgPendingCallback)
    HAL_CAN_SleepCallback                    0x08001e59   Thumb Code     2  stm32f4xx_hal_can.o(i.HAL_CAN_SleepCallback)
    HAL_CAN_Start                            0x08001e5d   Thumb Code    88  stm32f4xx_hal_can.o(i.HAL_CAN_Start)
    HAL_CAN_TxMailbox0AbortCallback          0x08001eb5   Thumb Code     2  stm32f4xx_hal_can.o(i.HAL_CAN_TxMailbox0AbortCallback)
    HAL_CAN_TxMailbox0CompleteCallback       0x08001eb7   Thumb Code     2  stm32f4xx_hal_can.o(i.HAL_CAN_TxMailbox0CompleteCallback)
    HAL_CAN_TxMailbox1AbortCallback          0x08001eb9   Thumb Code     2  stm32f4xx_hal_can.o(i.HAL_CAN_TxMailbox1AbortCallback)
    HAL_CAN_TxMailbox1CompleteCallback       0x08001ebb   Thumb Code     2  stm32f4xx_hal_can.o(i.HAL_CAN_TxMailbox1CompleteCallback)
    HAL_CAN_TxMailbox2AbortCallback          0x08001ebd   Thumb Code     2  stm32f4xx_hal_can.o(i.HAL_CAN_TxMailbox2AbortCallback)
    HAL_CAN_TxMailbox2CompleteCallback       0x08001ebf   Thumb Code     2  stm32f4xx_hal_can.o(i.HAL_CAN_TxMailbox2CompleteCallback)
    HAL_CAN_WakeUpFromRxMsgCallback          0x08001ec1   Thumb Code     2  stm32f4xx_hal_can.o(i.HAL_CAN_WakeUpFromRxMsgCallback)
    HAL_DMAEx_MultiBufferStart               0x08001ec3   Thumb Code   100  stm32f4xx_hal_dma_ex.o(i.HAL_DMAEx_MultiBufferStart)
    HAL_DMA_Abort_IT                         0x08001f27   Thumb Code    36  stm32f4xx_hal_dma.o(i.HAL_DMA_Abort_IT)
    HAL_DMA_IRQHandler                       0x08001f4d   Thumb Code   412  stm32f4xx_hal_dma.o(i.HAL_DMA_IRQHandler)
    HAL_DMA_Init                             0x080020ed   Thumb Code   206  stm32f4xx_hal_dma.o(i.HAL_DMA_Init)
    HAL_DMA_Start_IT                         0x080021c1   Thumb Code   110  stm32f4xx_hal_dma.o(i.HAL_DMA_Start_IT)
    HAL_Delay                                0x08002231   Thumb Code    32  stm32f4xx_hal.o(i.HAL_Delay)
    HAL_GPIO_Init                            0x08002255   Thumb Code   414  stm32f4xx_hal_gpio.o(i.HAL_GPIO_Init)
    HAL_GPIO_TogglePin                       0x08002429   Thumb Code    14  stm32f4xx_hal_gpio.o(i.HAL_GPIO_TogglePin)
    HAL_GPIO_WritePin                        0x08002437   Thumb Code    10  stm32f4xx_hal_gpio.o(i.HAL_GPIO_WritePin)
    HAL_GetTick                              0x08002441   Thumb Code     6  stm32f4xx_hal.o(i.HAL_GetTick)
    HAL_IncTick                              0x0800244d   Thumb Code    12  stm32f4xx_hal.o(i.HAL_IncTick)
    HAL_Init                                 0x0800245d   Thumb Code    48  stm32f4xx_hal.o(i.HAL_Init)
    HAL_InitTick                             0x08002491   Thumb Code   102  stm32f4xx_hal_timebase_tim.o(i.HAL_InitTick)
    HAL_MspInit                              0x08002505   Thumb Code    42  stm32f4xx_hal_msp.o(i.HAL_MspInit)
    HAL_NVIC_EnableIRQ                       0x08002535   Thumb Code    26  stm32f4xx_hal_cortex.o(i.HAL_NVIC_EnableIRQ)
    HAL_NVIC_SetPriority                     0x08002551   Thumb Code    60  stm32f4xx_hal_cortex.o(i.HAL_NVIC_SetPriority)
    HAL_NVIC_SetPriorityGrouping             0x08002591   Thumb Code    26  stm32f4xx_hal_cortex.o(i.HAL_NVIC_SetPriorityGrouping)
    HAL_RCC_ClockConfig                      0x080025b5   Thumb Code   288  stm32f4xx_hal_rcc.o(i.HAL_RCC_ClockConfig)
    HAL_RCC_GetClockConfig                   0x080026e9   Thumb Code    54  stm32f4xx_hal_rcc.o(i.HAL_RCC_GetClockConfig)
    HAL_RCC_GetPCLK1Freq                     0x08002729   Thumb Code    20  stm32f4xx_hal_rcc.o(i.HAL_RCC_GetPCLK1Freq)
    HAL_RCC_GetPCLK2Freq                     0x08002749   Thumb Code    20  stm32f4xx_hal_rcc.o(i.HAL_RCC_GetPCLK2Freq)
    HAL_RCC_GetSysClockFreq                  0x08002769   Thumb Code    88  stm32f4xx_hal_rcc.o(i.HAL_RCC_GetSysClockFreq)
    HAL_RCC_OscConfig                        0x080027cd   Thumb Code   840  stm32f4xx_hal_rcc.o(i.HAL_RCC_OscConfig)
    HAL_SPI_Init                             0x08002b29   Thumb Code   128  stm32f4xx_hal_spi.o(i.HAL_SPI_Init)
    HAL_SPI_MspInit                          0x08002ba9   Thumb Code    94  spi.o(i.HAL_SPI_MspInit)
    HAL_SPI_TransmitReceive                  0x08002c15   Thumb Code   482  stm32f4xx_hal_spi.o(i.HAL_SPI_TransmitReceive)
    HAL_TIMEx_BreakCallback                  0x08002df7   Thumb Code     2  stm32f4xx_hal_tim_ex.o(i.HAL_TIMEx_BreakCallback)
    HAL_TIMEx_CommutCallback                 0x08002df9   Thumb Code     2  stm32f4xx_hal_tim_ex.o(i.HAL_TIMEx_CommutCallback)
    HAL_TIMEx_MasterConfigSynchronization    0x08002dfd   Thumb Code   116  stm32f4xx_hal_tim_ex.o(i.HAL_TIMEx_MasterConfigSynchronization)
    HAL_TIM_Base_Init                        0x08002e8d   Thumb Code    54  stm32f4xx_hal_tim.o(i.HAL_TIM_Base_Init)
    HAL_TIM_Base_MspInit                     0x08002ec3   Thumb Code     2  stm32f4xx_hal_tim.o(i.HAL_TIM_Base_MspInit)
    HAL_TIM_Base_Start_IT                    0x08002ec5   Thumb Code    34  stm32f4xx_hal_tim.o(i.HAL_TIM_Base_Start_IT)
    HAL_TIM_IC_CaptureCallback               0x08002ee7   Thumb Code     2  stm32f4xx_hal_tim.o(i.HAL_TIM_IC_CaptureCallback)
    HAL_TIM_IRQHandler                       0x08002ee9   Thumb Code   358  stm32f4xx_hal_tim.o(i.HAL_TIM_IRQHandler)
    HAL_TIM_MspPostInit                      0x08003051   Thumb Code    68  tim.o(i.HAL_TIM_MspPostInit)
    HAL_TIM_OC_DelayElapsedCallback          0x080030a1   Thumb Code     2  stm32f4xx_hal_tim.o(i.HAL_TIM_OC_DelayElapsedCallback)
    HAL_TIM_PWM_ConfigChannel                0x080030a3   Thumb Code   208  stm32f4xx_hal_tim.o(i.HAL_TIM_PWM_ConfigChannel)
    HAL_TIM_PWM_Init                         0x08003173   Thumb Code    54  stm32f4xx_hal_tim.o(i.HAL_TIM_PWM_Init)
    HAL_TIM_PWM_MspInit                      0x080031a9   Thumb Code    30  tim.o(i.HAL_TIM_PWM_MspInit)
    HAL_TIM_PWM_PulseFinishedCallback        0x080031d1   Thumb Code     2  stm32f4xx_hal_tim.o(i.HAL_TIM_PWM_PulseFinishedCallback)
    HAL_TIM_PWM_Start                        0x080031d5   Thumb Code    58  stm32f4xx_hal_tim.o(i.HAL_TIM_PWM_Start)
    HAL_TIM_PeriodElapsedCallback            0x08003219   Thumb Code    14  main.o(i.HAL_TIM_PeriodElapsedCallback)
    HAL_TIM_TriggerCallback                  0x08003227   Thumb Code     2  stm32f4xx_hal_tim.o(i.HAL_TIM_TriggerCallback)
    HAL_UART_ErrorCallback                   0x08003229   Thumb Code     2  stm32f4xx_hal_uart.o(i.HAL_UART_ErrorCallback)
    HAL_UART_IRQHandler                      0x0800322d   Thumb Code   270  stm32f4xx_hal_uart.o(i.HAL_UART_IRQHandler)
    HAL_UART_Init                            0x08003341   Thumb Code    98  stm32f4xx_hal_uart.o(i.HAL_UART_Init)
    HAL_UART_MspInit                         0x080033a5   Thumb Code   558  usart.o(i.HAL_UART_MspInit)
    HAL_UART_RxCpltCallback                  0x08003601   Thumb Code     2  stm32f4xx_hal_uart.o(i.HAL_UART_RxCpltCallback)
    HAL_UART_Transmit_DMA                    0x08003605   Thumb Code   114  stm32f4xx_hal_uart.o(i.HAL_UART_Transmit_DMA)
    HAL_UART_TxCpltCallback                  0x08003685   Thumb Code     2  stm32f4xx_hal_uart.o(i.HAL_UART_TxCpltCallback)
    HAL_UART_TxHalfCpltCallback              0x08003687   Thumb Code     2  stm32f4xx_hal_uart.o(i.HAL_UART_TxHalfCpltCallback)
    HardFault_Handler                        0x08003689   Thumb Code     2  stm32f4xx_it.o(i.HardFault_Handler)
    JetsonCommUart_Config                    0x0800368d   Thumb Code    40  task_jetsoncomm.o(i.JetsonCommUart_Config)
    JetsonCommUart_ReConfig_In_IRQHandler    0x080036b9   Thumb Code   118  task_jetsoncomm.o(i.JetsonCommUart_ReConfig_In_IRQHandler)
    JetsonComm_Control                       0x08003741   Thumb Code   578  task_jetsoncomm.o(i.JetsonComm_Control)
    KF_Init                                  0x080039c5   Thumb Code   272  task_jetsoncomm.o(i.KF_Init)
    MX_CAN1_Init                             0x08003b05   Thumb Code    60  can.o(i.MX_CAN1_Init)
    MX_CAN2_Init                             0x08003b49   Thumb Code    60  can.o(i.MX_CAN2_Init)
    MX_DMA_Init                              0x08003b8d   Thumb Code   120  dma.o(i.MX_DMA_Init)
    MX_FREERTOS_Init                         0x08003c09   Thumb Code    30  freertos.o(i.MX_FREERTOS_Init)
    MX_GPIO_Init                             0x08003c31   Thumb Code   290  gpio.o(i.MX_GPIO_Init)
    MX_SPI5_Init                             0x08003d69   Thumb Code    60  spi.o(i.MX_SPI5_Init)
    MX_TIM3_Init                             0x08003dad   Thumb Code   104  tim.o(i.MX_TIM3_Init)
    MX_UART8_Init                            0x08003e1d   Thumb Code    48  usart.o(i.MX_UART8_Init)
    MX_USART1_UART_Init                      0x08003e55   Thumb Code    54  usart.o(i.MX_USART1_UART_Init)
    MX_USART6_UART_Init                      0x08003e99   Thumb Code    48  usart.o(i.MX_USART6_UART_Init)
    MemManage_Handler                        0x08003ed1   Thumb Code     2  stm32f4xx_it.o(i.MemManage_Handler)
    Motor_3508_PID_Calculate                 0x08003ed5   Thumb Code   140  task_shoot.o(i.Motor_3508_PID_Calculate)
    Motor_3508_PID_Init                      0x08003f75   Thumb Code    30  task_shoot.o(i.Motor_3508_PID_Init)
    Motor_3508_Send                          0x08003fa1   Thumb Code    46  task_shoot.o(i.Motor_3508_Send)
    NMI_Handler                              0x08003fd9   Thumb Code     2  stm32f4xx_it.o(i.NMI_Handler)
    PitchGravityCompensation                 0x08003fdd   Thumb Code    74  task_gimbal.o(i.PitchGravityCompensation)
    RC_Data_Update                           0x08004035   Thumb Code   158  task_rc.o(i.RC_Data_Update)
    RC_InitConfig                            0x080040dd   Thumb Code    42  task_rc.o(i.RC_InitConfig)
    RC_Receive_Enable                        0x08004111   Thumb Code    50  task_rc.o(i.RC_Receive_Enable)
    RC_UART_IRQHandler                       0x08004149   Thumb Code   144  task_rc.o(i.RC_UART_IRQHandler)
    SmoothFilter                             0x080042dd   Thumb Code    24  task_gimbal.o(i.SmoothFilter)
    StatusMachine_Init                       0x080042f9   Thumb Code    18  task_statusmachine.o(i.StatusMachine_Init)
    StatusMachine_Update                     0x08004311   Thumb Code   268  task_statusmachine.o(i.StatusMachine_Update)
    StirMotor_Blocked_Detect                 0x0800442d   Thumb Code    62  task_shoot.o(i.StirMotor_Blocked_Detect)
    StirMotor_Control                        0x08004471   Thumb Code   214  task_shoot.o(i.StirMotor_Control)
    StirMotor_Init                           0x08004561   Thumb Code    32  task_shoot.o(i.StirMotor_Init)
    Stir_Motor_Speed_Control                 0x0800458d   Thumb Code   140  task_shoot.o(i.Stir_Motor_Speed_Control)
    SysTick_Handler                          0x0800462d   Thumb Code    38  port.o(i.SysTick_Handler)
    SystemClock_Config                       0x08004659   Thumb Code   124  main.o(i.SystemClock_Config)
    SystemInit                               0x080046dd   Thumb Code    22  system_stm32f4xx.o(i.SystemInit)
    TIM2_IRQHandler                          0x080046f9   Thumb Code     6  stm32f4xx_it.o(i.TIM2_IRQHandler)
    TIM_Base_SetConfig                       0x08004705   Thumb Code   156  stm32f4xx_hal_tim.o(i.TIM_Base_SetConfig)
    TIM_CCxChannelCmd                        0x080047cd   Thumb Code    26  stm32f4xx_hal_tim.o(i.TIM_CCxChannelCmd)
    TIM_OC2_SetConfig                        0x08004849   Thumb Code    98  stm32f4xx_hal_tim.o(i.TIM_OC2_SetConfig)
    Task_CAN                                 0x0800496d   Thumb Code    54  task_can.o(i.Task_CAN)
    Task_Communication                       0x080049b5   Thumb Code   146  task_communication.o(i.Task_Communication)
    Task_Gimbal                              0x08004a59   Thumb Code    80  task_gimbal.o(i.Task_Gimbal)
    Task_IMU                                 0x08004ab5   Thumb Code    34  task_imu.o(i.Task_IMU)
    Task_Init                                0x08004ad9   Thumb Code   306  task_init.o(i.Task_Init)
    Task_JetsonComm                          0x08004ccd   Thumb Code    28  task_jetsoncomm.o(i.Task_JetsonComm)
    Task_LEDBlink                            0x08004cf1   Thumb Code    32  task_ledblink.o(i.Task_LEDBlink)
    Task_RC                                  0x08004d15   Thumb Code    32  task_rc.o(i.Task_RC)
    Task_Shoot                               0x08004d39   Thumb Code   112  task_shoot.o(i.Task_Shoot)
    Task_StatusMachine                       0x08004dc1   Thumb Code    26  task_statusmachine.o(i.Task_StatusMachine)
    UART8_IRQHandler                         0x08004ddd   Thumb Code     6  stm32f4xx_it.o(i.UART8_IRQHandler)
    USART1_IRQHandler                        0x080050cd   Thumb Code    18  stm32f4xx_it.o(i.USART1_IRQHandler)
    USART6_IRQHandler                        0x080050e5   Thumb Code    18  stm32f4xx_it.o(i.USART6_IRQHandler)
    UsageFault_Handler                       0x080050fd   Thumb Code     2  stm32f4xx_it.o(i.UsageFault_Handler)
    Version_Init                             0x08005101   Thumb Code   132  task_jetsoncomm.o(i.Version_Init)
    __ARM_fpclassify                         0x080051a1   Thumb Code    48  fpclassify.o(i.__ARM_fpclassify)
    __hardfp_asin                            0x080051f1   Thumb Code   770  asin.o(i.__hardfp_asin)
    __hardfp_atan                            0x08005551   Thumb Code   622  atan.o(i.__hardfp_atan)
    __hardfp_atan2                           0x08005829   Thumb Code   432  atan2.o(i.__hardfp_atan2)
    __hardfp_fabs                            0x08005a19   Thumb Code    20  fabs.o(i.__hardfp_fabs)
    __hardfp_sin                             0x08005a31   Thumb Code   180  sin.o(i.__hardfp_sin)
    __hardfp_sqrt                            0x08005af9   Thumb Code   122  sqrt.o(i.__hardfp_sqrt)
    __ieee754_rem_pio2                       0x08005b79   Thumb Code   938  rred.o(i.__ieee754_rem_pio2)
    __kernel_cos                             0x08005fb1   Thumb Code   322  cos_i.o(i.__kernel_cos)
    __kernel_poly                            0x08006121   Thumb Code   248  poly.o(i.__kernel_poly)
    __kernel_sin                             0x08006219   Thumb Code   280  sin_i.o(i.__kernel_sin)
    __mathlib_dbl_infnan                     0x08006349   Thumb Code    20  dunder.o(i.__mathlib_dbl_infnan)
    __mathlib_dbl_infnan2                    0x0800635d   Thumb Code    20  dunder.o(i.__mathlib_dbl_infnan2)
    __mathlib_dbl_invalid                    0x08006371   Thumb Code    24  dunder.o(i.__mathlib_dbl_invalid)
    __mathlib_dbl_underflow                  0x08006391   Thumb Code    24  dunder.o(i.__mathlib_dbl_underflow)
    __scatterload_copy                       0x080063b1   Thumb Code    14  handlers.o(i.__scatterload_copy)
    __scatterload_null                       0x080063bf   Thumb Code     2  handlers.o(i.__scatterload_null)
    __scatterload_zeroinit                   0x080063c1   Thumb Code    14  handlers.o(i.__scatterload_zeroinit)
    __set_errno                              0x080063d1   Thumb Code     6  errno.o(i.__set_errno)
    atan                                     0x080063dd   Thumb Code    16  atan.o(i.atan)
    fabs                                     0x080063ed   Thumb Code    24  fabs.o(i.fabs)
    imu_ahrs_update                          0x08006405   Thumb Code  1134  func_imu_ob.o(i.imu_ahrs_update)
    imu_attitude_update                      0x08006875   Thumb Code   348  func_imu_ob.o(i.imu_attitude_update)
    imu_temp_ctrl                            0x080069e5   Thumb Code    62  func_imu_ob.o(i.imu_temp_ctrl)
    init_quaternion                          0x08006a2d   Thumb Code   362  func_imu_ob.o(i.init_quaternion)
    inv_sqrt                                 0x08006bf9   Thumb Code    40  func_imu_ob.o(i.inv_sqrt)
    ist8310_get_data                         0x08006c25   Thumb Code    10  func_imu_ob.o(i.ist8310_get_data)
    ist8310_init                             0x08006c2f   Thumb Code   256  func_imu_ob.o(i.ist8310_init)
    kalman_filter_init                       0x08006da9   Thumb Code   258  task_jetsoncomm.o(i.kalman_filter_init)
    main                                     0x08006eab   Thumb Code    54  main.o(i.main)
    mpu_device_init                          0x08006eed   Thumb Code    90  func_imu_ob.o(i.mpu_device_init)
    mpu_get_data                             0x08006f51   Thumb Code   226  func_imu_ob.o(i.mpu_get_data)
    mpu_offset_call                          0x080070d9   Thumb Code   160  func_imu_ob.o(i.mpu_offset_call)
    mpu_read_byte                            0x0800717d   Thumb Code    68  func_imu_ob.o(i.mpu_read_byte)
    mpu_read_bytes                           0x080071cd   Thumb Code    80  func_imu_ob.o(i.mpu_read_bytes)
    mpu_set_accel_fsr                        0x08007229   Thumb Code    10  func_imu_ob.o(i.mpu_set_accel_fsr)
    mpu_set_gyro_fsr                         0x08007233   Thumb Code    10  func_imu_ob.o(i.mpu_set_gyro_fsr)
    mpu_write_byte                           0x0800723d   Thumb Code    72  func_imu_ob.o(i.mpu_write_byte)
    osKernelStart                            0x08007291   Thumb Code    10  cmsis_os.o(i.osKernelStart)
    osThreadCreate                           0x0800729b   Thumb Code    84  cmsis_os.o(i.osThreadCreate)
    pvPortMalloc                             0x08007789   Thumb Code   210  heap_4.o(i.pvPortMalloc)
    pxPortInitialiseStack                    0x08007861   Thumb Code    40  port.o(i.pxPortInitialiseStack)
    sqrt                                     0x0800788d   Thumb Code   110  sqrt.o(i.sqrt)
    ulTaskNotifyTake                         0x080078fd   Thumb Code    96  tasks.o(i.ulTaskNotifyTake)
    uxListRemove                             0x08007965   Thumb Code    38  list.o(i.uxListRemove)
    vApplicationGetIdleTaskMemory            0x0800798d   Thumb Code    16  freertos.o(i.vApplicationGetIdleTaskMemory)
    vListInitialise                          0x080079a1   Thumb Code    22  list.o(i.vListInitialise)
    vListInitialiseItem                      0x080079b7   Thumb Code     6  list.o(i.vListInitialiseItem)
    vListInsert                              0x080079bd   Thumb Code    48  list.o(i.vListInsert)
    vListInsertEnd                           0x080079ed   Thumb Code    24  list.o(i.vListInsertEnd)
    vPortEnterCritical                       0x08007a05   Thumb Code    54  port.o(i.vPortEnterCritical)
    vPortExitCritical                        0x08007a45   Thumb Code    34  port.o(i.vPortExitCritical)
    vPortFree                                0x08007a6d   Thumb Code    88  heap_4.o(i.vPortFree)
    vPortSetupTimerInterrupt                 0x08007ac9   Thumb Code    32  port.o(i.vPortSetupTimerInterrupt)
    vPortValidateInterruptPriority           0x08007aed   Thumb Code    74  port.o(i.vPortValidateInterruptPriority)
    vTaskDelay                               0x08007b41   Thumb Code    66  tasks.o(i.vTaskDelay)
    vTaskDelayUntil                          0x08007b8d   Thumb Code   132  tasks.o(i.vTaskDelayUntil)
    vTaskDelete                              0x08007c19   Thumb Code   158  tasks.o(i.vTaskDelete)
    vTaskInternalSetTimeOutState             0x08007cc5   Thumb Code    12  tasks.o(i.vTaskInternalSetTimeOutState)
    vTaskMissedYield                         0x08007cd5   Thumb Code     8  tasks.o(i.vTaskMissedYield)
    vTaskNotifyGiveFromISR                   0x08007ce1   Thumb Code   172  tasks.o(i.vTaskNotifyGiveFromISR)
    vTaskPlaceOnEventList                    0x08007d95   Thumb Code    44  tasks.o(i.vTaskPlaceOnEventList)
    vTaskStartScheduler                      0x08007dc5   Thumb Code    90  tasks.o(i.vTaskStartScheduler)
    vTaskSuspendAll                          0x08007e31   Thumb Code    10  tasks.o(i.vTaskSuspendAll)
    vTaskSwitchContext                       0x08007e41   Thumb Code    82  tasks.o(i.vTaskSwitchContext)
    xPortStartScheduler                      0x08007e9d   Thumb Code   222  port.o(i.xPortStartScheduler)
    xQueueGenericCreate                      0x08007f91   Thumb Code    72  queue.o(i.xQueueGenericCreate)
    xQueueGenericReset                       0x08007fd9   Thumb Code   132  queue.o(i.xQueueGenericReset)
    xQueueGenericSend                        0x08008061   Thumb Code   346  queue.o(i.xQueueGenericSend)
    xQueueReceive                            0x080081c1   Thumb Code   308  queue.o(i.xQueueReceive)
    xTaskCheckForTimeOut                     0x080082f9   Thumb Code   112  tasks.o(i.xTaskCheckForTimeOut)
    xTaskCreate                              0x0800836d   Thumb Code    90  tasks.o(i.xTaskCreate)
    xTaskCreateStatic                        0x080083c7   Thumb Code    86  tasks.o(i.xTaskCreateStatic)
    xTaskGenericNotify                       0x0800841d   Thumb Code   212  tasks.o(i.xTaskGenericNotify)
    xTaskGetSchedulerState                   0x080084fd   Thumb Code    22  tasks.o(i.xTaskGetSchedulerState)
    xTaskGetTickCount                        0x08008519   Thumb Code     6  tasks.o(i.xTaskGetTickCount)
    xTaskIncrementTick                       0x08008525   Thumb Code   192  tasks.o(i.xTaskIncrementTick)
    xTaskPriorityDisinherit                  0x080085ed   Thumb Code   144  tasks.o(i.xTaskPriorityDisinherit)
    xTaskRemoveFromEventList                 0x08008685   Thumb Code   108  tasks.o(i.xTaskRemoveFromEventList)
    xTaskResumeAll                           0x080086f9   Thumb Code   182  tasks.o(i.xTaskResumeAll)
    AHBPrescTable                            0x080087e0   Data          16  system_stm32f4xx.o(.constdata)
    APBPrescTable                            0x080087f0   Data           8  system_stm32f4xx.o(.constdata)
    __mathlib_zero                           0x08008928   Data           8  qnan.o(.constdata)
    Region$$Table$$Base                      0x08008a2c   Number         0  anon$$obj.o(Region$$Table)
    Region$$Table$$Limit                     0x08008a4c   Number         0  anon$$obj.o(Region$$Table)
    defaultTaskHandle                        0x20000000   Data           4  freertos.o(.data)
    uwTickFreq                               0x20000008   Data           1  stm32f4xx_hal.o(.data)
    uwTickPrio                               0x2000000c   Data           4  stm32f4xx_hal.o(.data)
    uwTick                                   0x20000010   Data           4  stm32f4xx_hal.o(.data)
    SystemCoreClock                          0x20000014   Data           4  system_stm32f4xx.o(.data)
    pxCurrentTCB                             0x20000018   Data           4  tasks.o(.data)
    TaskHandle_Shoot                         0x20000078   Data           4  task_init.o(.data)
    TaskHandle_CAN                           0x2000007c   Data           4  task_init.o(.data)
    TaskHandle_LEDBlink                      0x20000080   Data           4  task_init.o(.data)
    TaskHandle_RC                            0x20000084   Data           4  task_init.o(.data)
    TaskHandle_IMU                           0x20000088   Data           4  task_init.o(.data)
    TaskHandle_StatusMachine                 0x2000008c   Data           4  task_init.o(.data)
    TaskHandle_JetsonComm                    0x20000090   Data           4  task_init.o(.data)
    TaskHandle_Gimbal                        0x20000094   Data           4  task_init.o(.data)
    TaskHandle_Communication                 0x20000098   Data           4  task_init.o(.data)
    Queue_CANSend                            0x2000009c   Data           4  task_init.o(.data)
    Distance                                 0x200000a0   Data           4  task_measure.o(.data)
    L1_Measure_counter                       0x200000a4   Data           4  task_measure.o(.data)
    RC_Rx_Mem                                0x200000a9   Data           1  task_rc.o(.data)
    HeatFlag                                 0x200000ac   Data           1  task_shoot.o(.data)
    ShootCounter                             0x200000ad   Data           1  task_shoot.o(.data)
    targetspeed                              0x200000b0   Data           2  task_shoot.o(.data)
    HeatControl                              0x200000b4   Data           4  task_shoot.o(.data)
    HeatStatus                               0x200000b8   Data           4  task_shoot.o(.data)
    ControlMode                              0x200000bd   Data           1  task_statusmachine.o(.data)
    FricStatus                               0x200000be   Data           1  task_statusmachine.o(.data)
    StirMotorStatus                          0x200000bf   Data           1  task_statusmachine.o(.data)
    ShootStatus                              0x200000c0   Data           1  task_statusmachine.o(.data)
    Aimbot_RotatinPatrol_pitchmode           0x200000c6   Data           1  task_gimbal.o(.data)
    Aimbot_RotatinPatrol_yawmode             0x200000c7   Data           1  task_gimbal.o(.data)
    P_Angle                                  0x200000c8   Data           2  task_gimbal.o(.data)
    Y_Angle                                  0x200000ca   Data           2  task_gimbal.o(.data)
    P_DeltaAngle                             0x200000cc   Data           2  task_gimbal.o(.data)
    Y_DeltaAngle                             0x200000ce   Data           2  task_gimbal.o(.data)
    P_KFoutput                               0x200000d0   Data           2  task_gimbal.o(.data)
    Y_KFoutput                               0x200000d2   Data           2  task_gimbal.o(.data)
    KF_Versioninit                           0x200000d4   Data           4  task_gimbal.o(.data)
    Gravity                                  0x200000d8   Data           4  task_gimbal.o(.data)
    temp_p                                   0x200000e0   Data           8  task_gimbal.o(.data)
    temp_y                                   0x200000e8   Data           8  task_gimbal.o(.data)
    debug_len                                0x200000f0   Data           1  task_jetsoncomm.o(.data)
    Jetson_Seq                               0x200000f1   Data           1  task_jetsoncomm.o(.data)
    cirule_num                               0x200000f4   Data           4  task_jetsoncomm.o(.data)
    set_num                                  0x200000f8   Data           4  task_jetsoncomm.o(.data)
    Jetson_AnglePitch                        0x200000fc   Data           4  task_jetsoncomm.o(.data)
    Jetson_AngleYaw                          0x20000100   Data           4  task_jetsoncomm.o(.data)
    Jetson_VelocityPitch                     0x20000104   Data           4  task_jetsoncomm.o(.data)
    Jetson_VelocityYaw                       0x20000108   Data           4  task_jetsoncomm.o(.data)
    Jetson_AccelerationPitch                 0x2000010c   Data           4  task_jetsoncomm.o(.data)
    Jetson_AccelerationYaw                   0x20000110   Data           4  task_jetsoncomm.o(.data)
    Last_YAW_Desire                          0x20000114   Data           4  task_jetsoncomm.o(.data)
    CommStatus                               0x20000118   Data           4  task_jetsoncomm.o(.data)
    Pitch_Desire                             0x20000128   Data           4  task_jetsoncomm.o(.data)
    Yaw_Desire                               0x2000012c   Data           4  task_jetsoncomm.o(.data)
    DataSendToJetson_gyro                    0x20000130   Data           8  task_jetsoncomm.o(.data)
    DataSendToJetson                         0x20000138   Data          20  task_jetsoncomm.o(.data)
    id                                       0x2000014e   Data           1  func_imu_ob.o(.data)
    q0                                       0x20000150   Data           4  func_imu_ob.o(.data)
    q1                                       0x20000154   Data           4  func_imu_ob.o(.data)
    q2                                       0x20000158   Data           4  func_imu_ob.o(.data)
    q3                                       0x2000015c   Data           4  func_imu_ob.o(.data)
    exInt                                    0x20000160   Data           4  func_imu_ob.o(.data)
    eyInt                                    0x20000164   Data           4  func_imu_ob.o(.data)
    ezInt                                    0x20000168   Data           4  func_imu_ob.o(.data)
    last_update                              0x20000190   Data           4  func_imu_ob.o(.data)
    now_update                               0x20000194   Data           4  func_imu_ob.o(.data)
    ist_buff                                 0x20000198   Data           6  func_imu_ob.o(.data)
    imu                                      0x200001ac   Data          56  func_imu_ob.o(.data)
    hcan1                                    0x2000043c   Data          40  can.o(.bss)
    hcan2                                    0x20000464   Data          40  can.o(.bss)
    hspi5                                    0x2000048c   Data          88  spi.o(.bss)
    htim3                                    0x200004e4   Data          64  tim.o(.bss)
    huart8                                   0x20000524   Data          64  usart.o(.bss)
    huart1                                   0x20000564   Data          64  usart.o(.bss)
    huart6                                   0x200005a4   Data          64  usart.o(.bss)
    hdma_uart8_rx                            0x200005e4   Data          96  usart.o(.bss)
    hdma_uart8_tx                            0x20000644   Data          96  usart.o(.bss)
    hdma_usart1_rx                           0x200006a4   Data          96  usart.o(.bss)
    hdma_usart6_rx                           0x20000704   Data          96  usart.o(.bss)
    hdma_usart6_tx                           0x20000764   Data          96  usart.o(.bss)
    htim2                                    0x200007c4   Data          64  stm32f4xx_hal_timebase_tim.o(.bss)
    CAN_Tx_Msg                               0x200044f4   Data          16  task_can.o(.bss)
    TxMessage                                0x20004514   Data          10  task_communication.o(.bss)
    RxMessage                                0x2000451e   Data          14  task_communication.o(.bss)
    RC_ReceiveData                           0x2000452c   Data          12  task_rc.o(.bss)
    LastRC_ReceiveData                       0x20004538   Data          12  task_rc.o(.bss)
    RCBuffer                                 0x20004544   Data          50  task_rc.o(.bss)
    Fric_3508_Motor                          0x20004588   Data          80  task_shoot.o(.bss)
    StirMotor                                0x200045d8   Data          40  task_shoot.o(.bss)
    Pitch                                    0x20004600   Data          84  task_gimbal.o(.bss)
    Yaw                                      0x20004654   Data          84  task_gimbal.o(.bss)
    KF_Gimbal_Pitch                          0x200046a8   Data         124  task_jetsoncomm.o(.bss)
    KF_Gimbal_Yaw                            0x20004724   Data         124  task_jetsoncomm.o(.bss)
    KF_Gimbal_Pitch_init                     0x200047a0   Data         192  task_jetsoncomm.o(.bss)
    KF_Gimbal_Yaw_init                       0x20004860   Data         192  task_jetsoncomm.o(.bss)
    JetsonFlag                               0x20004920   Data         400  task_jetsoncomm.o(.bss)
    DataRecFromJetson_Temp                   0x20004ab0   Data          16  task_jetsoncomm.o(.bss)
    DataRecFromJetson                        0x20004ac0   Data          16  task_jetsoncomm.o(.bss)
    mpu_buff                                 0x20004ad0   Data          14  func_imu_ob.o(.bss)
    mpu_data                                 0x20004ade   Data          32  func_imu_ob.o(.bss)
    __initial_sp                             0x20004f00   Data           0  startup_stm32f427xx.o(STACK)



==============================================================================

Memory Map of the image

  Image Entry point : 0x080001ad

  Load Region LR_IROM1 (Base: 0x08000000, Size: 0x00008c34, Max: 0x00200000, ABSOLUTE, COMPRESSED[0x00008a80])

    Execution Region ER_IROM1 (Exec base: 0x08000000, Load base: 0x08000000, Size: 0x00008a4c, Max: 0x00200000, ABSOLUTE)

    Exec Addr    Load Addr    Size         Type   Attr      Idx    E Section Name        Object

    0x08000000   0x08000000   0x000001ac   Data   RO            3    RESET               startup_stm32f427xx.o
    0x080001ac   0x080001ac   0x00000000   Code   RO         6068  * .ARM.Collect$$$$00000000  mc_w.l(entry.o)
    0x080001ac   0x080001ac   0x00000004   Code   RO         6154    .ARM.Collect$$$$00000001  mc_w.l(entry2.o)
    0x080001b0   0x080001b0   0x00000004   Code   RO         6157    .ARM.Collect$$$$00000004  mc_w.l(entry5.o)
    0x080001b4   0x080001b4   0x00000000   Code   RO         6159    .ARM.Collect$$$$00000008  mc_w.l(entry7b.o)
    0x080001b4   0x080001b4   0x00000000   Code   RO         6161    .ARM.Collect$$$$0000000A  mc_w.l(entry8b.o)
    0x080001b4   0x080001b4   0x00000008   Code   RO         6162    .ARM.Collect$$$$0000000B  mc_w.l(entry9a.o)
    0x080001bc   0x080001bc   0x00000000   Code   RO         6164    .ARM.Collect$$$$0000000D  mc_w.l(entry10a.o)
    0x080001bc   0x080001bc   0x00000000   Code   RO         6166    .ARM.Collect$$$$0000000F  mc_w.l(entry11a.o)
    0x080001bc   0x080001bc   0x00000004   Code   RO         6155    .ARM.Collect$$$$00002712  mc_w.l(entry2.o)
    0x080001c0   0x080001c0   0x000000be   Code   RO         5012    .emb_text           port.o
    0x0800027e   0x0800027e   0x00000002   PAD
    0x08000280   0x08000280   0x00000024   Code   RO            4    .text               startup_stm32f427xx.o
    0x080002a4   0x080002a4   0x00000008   Code   RO         5895    .text               arm_cortexM4l_math.lib(arm_mat_init_f32.o)
    0x080002ac   0x080002ac   0x000000fc   Code   RO         5991    .text               arm_cortexM4l_math.lib(arm_mat_trans_f32.o)
    0x080003a8   0x080003a8   0x00000062   Code   RO         6071    .text               mc_w.l(uldiv.o)
    0x0800040a   0x0800040a   0x00000024   Code   RO         6073    .text               mc_w.l(memcpya.o)
    0x0800042e   0x0800042e   0x00000024   Code   RO         6077    .text               mc_w.l(memseta.o)
    0x08000452   0x08000452   0x0000014e   Code   RO         6087    .text               mf_w.l(dadd.o)
    0x080005a0   0x080005a0   0x000000e4   Code   RO         6089    .text               mf_w.l(dmul.o)
    0x08000684   0x08000684   0x000000de   Code   RO         6091    .text               mf_w.l(ddiv.o)
    0x08000762   0x08000762   0x00000022   Code   RO         6093    .text               mf_w.l(dflti.o)
    0x08000784   0x08000784   0x0000003e   Code   RO         6095    .text               mf_w.l(dfixi.o)
    0x080007c2   0x080007c2   0x00000026   Code   RO         6097    .text               mf_w.l(f2d.o)
    0x080007e8   0x080007e8   0x00000030   Code   RO         6099    .text               mf_w.l(cdrcmple.o)
    0x08000818   0x08000818   0x00000038   Code   RO         6101    .text               mf_w.l(d2f.o)
    0x08000850   0x08000850   0x0000001e   Code   RO         6168    .text               mc_w.l(llshl.o)
    0x0800086e   0x0800086e   0x00000020   Code   RO         6170    .text               mc_w.l(llushr.o)
    0x0800088e   0x0800088e   0x00000024   Code   RO         6172    .text               mc_w.l(llsshr.o)
    0x080008b2   0x080008b2   0x00000000   Code   RO         6181    .text               mc_w.l(iusefp.o)
    0x080008b2   0x080008b2   0x0000006e   Code   RO         6182    .text               mf_w.l(fepilogue.o)
    0x08000920   0x08000920   0x000000ba   Code   RO         6184    .text               mf_w.l(depilogue.o)
    0x080009da   0x080009da   0x000000a2   Code   RO         6188    .text               mf_w.l(dsqrt.o)
    0x08000a7c   0x08000a7c   0x00000024   Code   RO         6192    .text               mc_w.l(init.o)
    0x08000aa0   0x08000aa0   0x0000001a   Code   RO         6194    .text               mf_w.l(dfltui.o)
    0x08000aba   0x08000aba   0x0000003a   Code   RO         6204    .text               mc_w.l(__dczerorl.o)
    0x08000af4   0x08000af4   0x00000002   Code   RO          513    i.BusFault_Handler  stm32f4xx_it.o
    0x08000af6   0x08000af6   0x00000002   PAD
    0x08000af8   0x08000af8   0x0000000c   Code   RO          514    i.CAN1_RX0_IRQHandler  stm32f4xx_it.o
    0x08000b04   0x08000b04   0x0000000c   Code   RO          515    i.CAN2_RX1_IRQHandler  stm32f4xx_it.o
    0x08000b10   0x08000b10   0x00000034   Code   RO         5092    i.CANTransmit       task_can.o
    0x08000b44   0x08000b44   0x00000050   Code   RO         5159    i.CAN_Com_Send      task_communication.o
    0x08000b94   0x08000b94   0x00000050   Code   RO         5204    i.CAN_Init          task_init.o
    0x08000be4   0x08000be4   0x00000020   Code   RO         5205    i.CAN_Recieve       task_init.o
    0x08000c04   0x08000c04   0x0000000c   Code   RO          516    i.DMA1_Stream0_IRQHandler  stm32f4xx_it.o
    0x08000c10   0x08000c10   0x0000000c   Code   RO          517    i.DMA1_Stream6_IRQHandler  stm32f4xx_it.o
    0x08000c1c   0x08000c1c   0x0000000c   Code   RO          518    i.DMA2_Stream1_IRQHandler  stm32f4xx_it.o
    0x08000c28   0x08000c28   0x0000000c   Code   RO          519    i.DMA2_Stream5_IRQHandler  stm32f4xx_it.o
    0x08000c34   0x08000c34   0x0000000c   Code   RO          520    i.DMA2_Stream6_IRQHandler  stm32f4xx_it.o
    0x08000c40   0x08000c40   0x00000028   Code   RO         1484    i.DMA_CalcBaseAndBitshift  stm32f4xx_hal_dma.o
    0x08000c68   0x08000c68   0x00000054   Code   RO         1485    i.DMA_CheckFifoParam  stm32f4xx_hal_dma.o
    0x08000cbc   0x08000cbc   0x0000001e   Code   RO         1443    i.DMA_MultiBufferSetConfig  stm32f4xx_hal_dma_ex.o
    0x08000cda   0x08000cda   0x00000028   Code   RO         1486    i.DMA_SetConfig     stm32f4xx_hal_dma.o
    0x08000d02   0x08000d02   0x00000002   Code   RO          521    i.DebugMon_Handler  stm32f4xx_it.o
    0x08000d04   0x08000d04   0x00000002   Code   RO           13    i.Error_Handler     main.o
    0x08000d06   0x08000d06   0x00000002   PAD
    0x08000d08   0x08000d08   0x00000030   Code   RO         5388    i.Fric_3508_Motor_Speed_Set  task_shoot.o
    0x08000d38   0x08000d38   0x00000036   Code   RO         5320    i.Get_Channel_Val   task_rc.o
    0x08000d6e   0x08000d6e   0x00000012   Code   RO         5321    i.Get_Switch_Val    task_rc.o
    0x08000d80   0x08000d80   0x000003d4   Code   RO         5538    i.GimbalMotor_AngleSet  task_gimbal.o
    0x08001154   0x08001154   0x000003c8   Code   RO         5539    i.GimbalMotor_PID   task_gimbal.o
    0x0800151c   0x0800151c   0x00000038   Code   RO         5540    i.Gimbal_CAN_Pitch_Send  task_gimbal.o
    0x08001554   0x08001554   0x00000048   Code   RO         5541    i.Gimbal_CAN_Send   task_gimbal.o
    0x0800159c   0x0800159c   0x00000088   Code   RO         5542    i.Gimbal_Init       task_gimbal.o
    0x08001624   0x08001624   0x00000024   Code   RO          740    i.HAL_CAN_ActivateNotification  stm32f4xx_hal_can.o
    0x08001648   0x08001648   0x000000c8   Code   RO          741    i.HAL_CAN_AddTxMessage  stm32f4xx_hal_can.o
    0x08001710   0x08001710   0x0000010c   Code   RO          742    i.HAL_CAN_ConfigFilter  stm32f4xx_hal_can.o
    0x0800181c   0x0800181c   0x00000002   Code   RO          745    i.HAL_CAN_ErrorCallback  stm32f4xx_hal_can.o
    0x0800181e   0x0800181e   0x000000e8   Code   RO          748    i.HAL_CAN_GetRxMessage  stm32f4xx_hal_can.o
    0x08001906   0x08001906   0x000001fc   Code   RO          752    i.HAL_CAN_IRQHandler  stm32f4xx_hal_can.o
    0x08001b02   0x08001b02   0x0000011a   Code   RO          753    i.HAL_CAN_Init      stm32f4xx_hal_can.o
    0x08001c1c   0x08001c1c   0x000000fc   Code   RO          297    i.HAL_CAN_MspInit   can.o
    0x08001d18   0x08001d18   0x00000002   Code   RO          760    i.HAL_CAN_RxFifo0FullCallback  stm32f4xx_hal_can.o
    0x08001d1a   0x08001d1a   0x00000002   PAD
    0x08001d1c   0x08001d1c   0x000000a4   Code   RO         5093    i.HAL_CAN_RxFifo0MsgPendingCallback  task_can.o
    0x08001dc0   0x08001dc0   0x00000002   Code   RO          762    i.HAL_CAN_RxFifo1FullCallback  stm32f4xx_hal_can.o
    0x08001dc2   0x08001dc2   0x00000002   PAD
    0x08001dc4   0x08001dc4   0x00000094   Code   RO         5094    i.HAL_CAN_RxFifo1MsgPendingCallback  task_can.o
    0x08001e58   0x08001e58   0x00000002   Code   RO          764    i.HAL_CAN_SleepCallback  stm32f4xx_hal_can.o
    0x08001e5a   0x08001e5a   0x00000002   PAD
    0x08001e5c   0x08001e5c   0x00000058   Code   RO          765    i.HAL_CAN_Start     stm32f4xx_hal_can.o
    0x08001eb4   0x08001eb4   0x00000002   Code   RO          767    i.HAL_CAN_TxMailbox0AbortCallback  stm32f4xx_hal_can.o
    0x08001eb6   0x08001eb6   0x00000002   Code   RO          768    i.HAL_CAN_TxMailbox0CompleteCallback  stm32f4xx_hal_can.o
    0x08001eb8   0x08001eb8   0x00000002   Code   RO          769    i.HAL_CAN_TxMailbox1AbortCallback  stm32f4xx_hal_can.o
    0x08001eba   0x08001eba   0x00000002   Code   RO          770    i.HAL_CAN_TxMailbox1CompleteCallback  stm32f4xx_hal_can.o
    0x08001ebc   0x08001ebc   0x00000002   Code   RO          771    i.HAL_CAN_TxMailbox2AbortCallback  stm32f4xx_hal_can.o
    0x08001ebe   0x08001ebe   0x00000002   Code   RO          772    i.HAL_CAN_TxMailbox2CompleteCallback  stm32f4xx_hal_can.o
    0x08001ec0   0x08001ec0   0x00000002   Code   RO          774    i.HAL_CAN_WakeUpFromRxMsgCallback  stm32f4xx_hal_can.o
    0x08001ec2   0x08001ec2   0x00000064   Code   RO         1445    i.HAL_DMAEx_MultiBufferStart  stm32f4xx_hal_dma_ex.o
    0x08001f26   0x08001f26   0x00000024   Code   RO         1488    i.HAL_DMA_Abort_IT  stm32f4xx_hal_dma.o
    0x08001f4a   0x08001f4a   0x00000002   PAD
    0x08001f4c   0x08001f4c   0x000001a0   Code   RO         1492    i.HAL_DMA_IRQHandler  stm32f4xx_hal_dma.o
    0x080020ec   0x080020ec   0x000000d4   Code   RO         1493    i.HAL_DMA_Init      stm32f4xx_hal_dma.o
    0x080021c0   0x080021c0   0x0000006e   Code   RO         1497    i.HAL_DMA_Start_IT  stm32f4xx_hal_dma.o
    0x0800222e   0x0800222e   0x00000002   PAD
    0x08002230   0x08002230   0x00000024   Code   RO         1924    i.HAL_Delay         stm32f4xx_hal.o
    0x08002254   0x08002254   0x000001d4   Code   RO         1380    i.HAL_GPIO_Init     stm32f4xx_hal_gpio.o
    0x08002428   0x08002428   0x0000000e   Code   RO         1383    i.HAL_GPIO_TogglePin  stm32f4xx_hal_gpio.o
    0x08002436   0x08002436   0x0000000a   Code   RO         1384    i.HAL_GPIO_WritePin  stm32f4xx_hal_gpio.o
    0x08002440   0x08002440   0x0000000c   Code   RO         1932    i.HAL_GetTick       stm32f4xx_hal.o
    0x0800244c   0x0800244c   0x00000010   Code   RO         1938    i.HAL_IncTick       stm32f4xx_hal.o
    0x0800245c   0x0800245c   0x00000034   Code   RO         1939    i.HAL_Init          stm32f4xx_hal.o
    0x08002490   0x08002490   0x00000074   Code   RO          700    i.HAL_InitTick      stm32f4xx_hal_timebase_tim.o
    0x08002504   0x08002504   0x00000030   Code   RO          676    i.HAL_MspInit       stm32f4xx_hal_msp.o
    0x08002534   0x08002534   0x0000001a   Code   RO         1787    i.HAL_NVIC_EnableIRQ  stm32f4xx_hal_cortex.o
    0x0800254e   0x0800254e   0x00000002   PAD
    0x08002550   0x08002550   0x00000040   Code   RO         1793    i.HAL_NVIC_SetPriority  stm32f4xx_hal_cortex.o
    0x08002590   0x08002590   0x00000024   Code   RO         1794    i.HAL_NVIC_SetPriorityGrouping  stm32f4xx_hal_cortex.o
    0x080025b4   0x080025b4   0x00000134   Code   RO          974    i.HAL_RCC_ClockConfig  stm32f4xx_hal_rcc.o
    0x080026e8   0x080026e8   0x00000040   Code   RO          978    i.HAL_RCC_GetClockConfig  stm32f4xx_hal_rcc.o
    0x08002728   0x08002728   0x00000020   Code   RO          981    i.HAL_RCC_GetPCLK1Freq  stm32f4xx_hal_rcc.o
    0x08002748   0x08002748   0x00000020   Code   RO          982    i.HAL_RCC_GetPCLK2Freq  stm32f4xx_hal_rcc.o
    0x08002768   0x08002768   0x00000064   Code   RO          983    i.HAL_RCC_GetSysClockFreq  stm32f4xx_hal_rcc.o
    0x080027cc   0x080027cc   0x0000035c   Code   RO          986    i.HAL_RCC_OscConfig  stm32f4xx_hal_rcc.o
    0x08002b28   0x08002b28   0x00000080   Code   RO         2198    i.HAL_SPI_Init      stm32f4xx_hal_spi.o
    0x08002ba8   0x08002ba8   0x0000006c   Code   RO          370    i.HAL_SPI_MspInit   spi.o
    0x08002c14   0x08002c14   0x000001e2   Code   RO         2207    i.HAL_SPI_TransmitReceive  stm32f4xx_hal_spi.o
    0x08002df6   0x08002df6   0x00000002   Code   RO         3186    i.HAL_TIMEx_BreakCallback  stm32f4xx_hal_tim_ex.o
    0x08002df8   0x08002df8   0x00000002   Code   RO         3187    i.HAL_TIMEx_CommutCallback  stm32f4xx_hal_tim_ex.o
    0x08002dfa   0x08002dfa   0x00000002   PAD
    0x08002dfc   0x08002dfc   0x00000090   Code   RO         3204    i.HAL_TIMEx_MasterConfigSynchronization  stm32f4xx_hal_tim_ex.o
    0x08002e8c   0x08002e8c   0x00000036   Code   RO         2511    i.HAL_TIM_Base_Init  stm32f4xx_hal_tim.o
    0x08002ec2   0x08002ec2   0x00000002   Code   RO         2513    i.HAL_TIM_Base_MspInit  stm32f4xx_hal_tim.o
    0x08002ec4   0x08002ec4   0x00000022   Code   RO         2516    i.HAL_TIM_Base_Start_IT  stm32f4xx_hal_tim.o
    0x08002ee6   0x08002ee6   0x00000002   Code   RO         2540    i.HAL_TIM_IC_CaptureCallback  stm32f4xx_hal_tim.o
    0x08002ee8   0x08002ee8   0x00000166   Code   RO         2554    i.HAL_TIM_IRQHandler  stm32f4xx_hal_tim.o
    0x0800304e   0x0800304e   0x00000002   PAD
    0x08003050   0x08003050   0x00000050   Code   RO          411    i.HAL_TIM_MspPostInit  tim.o
    0x080030a0   0x080030a0   0x00000002   Code   RO         2557    i.HAL_TIM_OC_DelayElapsedCallback  stm32f4xx_hal_tim.o
    0x080030a2   0x080030a2   0x000000d0   Code   RO         2578    i.HAL_TIM_PWM_ConfigChannel  stm32f4xx_hal_tim.o
    0x08003172   0x08003172   0x00000036   Code   RO         2581    i.HAL_TIM_PWM_Init  stm32f4xx_hal_tim.o
    0x080031a8   0x080031a8   0x00000028   Code   RO          413    i.HAL_TIM_PWM_MspInit  tim.o
    0x080031d0   0x080031d0   0x00000002   Code   RO         2584    i.HAL_TIM_PWM_PulseFinishedCallback  stm32f4xx_hal_tim.o
    0x080031d2   0x080031d2   0x00000002   PAD
    0x080031d4   0x080031d4   0x00000044   Code   RO         2586    i.HAL_TIM_PWM_Start  stm32f4xx_hal_tim.o
    0x08003218   0x08003218   0x0000000e   Code   RO           14    i.HAL_TIM_PeriodElapsedCallback  main.o
    0x08003226   0x08003226   0x00000002   Code   RO         2597    i.HAL_TIM_TriggerCallback  stm32f4xx_hal_tim.o
    0x08003228   0x08003228   0x00000002   Code   RO         3458    i.HAL_UART_ErrorCallback  stm32f4xx_hal_uart.o
    0x0800322a   0x0800322a   0x00000002   PAD
    0x0800322c   0x0800322c   0x00000114   Code   RO         3461    i.HAL_UART_IRQHandler  stm32f4xx_hal_uart.o
    0x08003340   0x08003340   0x00000062   Code   RO         3462    i.HAL_UART_Init     stm32f4xx_hal_uart.o
    0x080033a2   0x080033a2   0x00000002   PAD
    0x080033a4   0x080033a4   0x0000025c   Code   RO          460    i.HAL_UART_MspInit  usart.o
    0x08003600   0x08003600   0x00000002   Code   RO         3468    i.HAL_UART_RxCpltCallback  stm32f4xx_hal_uart.o
    0x08003602   0x08003602   0x00000002   PAD
    0x08003604   0x08003604   0x00000080   Code   RO         3471    i.HAL_UART_Transmit_DMA  stm32f4xx_hal_uart.o
    0x08003684   0x08003684   0x00000002   Code   RO         3473    i.HAL_UART_TxCpltCallback  stm32f4xx_hal_uart.o
    0x08003686   0x08003686   0x00000002   Code   RO         3474    i.HAL_UART_TxHalfCpltCallback  stm32f4xx_hal_uart.o
    0x08003688   0x08003688   0x00000002   Code   RO          522    i.HardFault_Handler  stm32f4xx_it.o
    0x0800368a   0x0800368a   0x00000002   PAD
    0x0800368c   0x0800368c   0x0000002c   Code   RO         5613    i.JetsonCommUart_Config  task_jetsoncomm.o
    0x080036b8   0x080036b8   0x00000088   Code   RO         5614    i.JetsonCommUart_ReConfig_In_IRQHandler  task_jetsoncomm.o
    0x08003740   0x08003740   0x00000284   Code   RO         5615    i.JetsonComm_Control  task_jetsoncomm.o
    0x080039c4   0x080039c4   0x00000140   Code   RO         5617    i.KF_Init           task_jetsoncomm.o
    0x08003b04   0x08003b04   0x00000044   Code   RO          298    i.MX_CAN1_Init      can.o
    0x08003b48   0x08003b48   0x00000044   Code   RO          299    i.MX_CAN2_Init      can.o
    0x08003b8c   0x08003b8c   0x0000007c   Code   RO          345    i.MX_DMA_Init       dma.o
    0x08003c08   0x08003c08   0x00000028   Code   RO          246    i.MX_FREERTOS_Init  freertos.o
    0x08003c30   0x08003c30   0x00000138   Code   RO          222    i.MX_GPIO_Init      gpio.o
    0x08003d68   0x08003d68   0x00000044   Code   RO          371    i.MX_SPI5_Init      spi.o
    0x08003dac   0x08003dac   0x00000070   Code   RO          414    i.MX_TIM3_Init      tim.o
    0x08003e1c   0x08003e1c   0x00000038   Code   RO          461    i.MX_UART8_Init     usart.o
    0x08003e54   0x08003e54   0x00000044   Code   RO          462    i.MX_USART1_UART_Init  usart.o
    0x08003e98   0x08003e98   0x00000038   Code   RO          463    i.MX_USART6_UART_Init  usart.o
    0x08003ed0   0x08003ed0   0x00000002   Code   RO          523    i.MemManage_Handler  stm32f4xx_it.o
    0x08003ed2   0x08003ed2   0x00000002   PAD
    0x08003ed4   0x08003ed4   0x000000a0   Code   RO         5389    i.Motor_3508_PID_Calculate  task_shoot.o
    0x08003f74   0x08003f74   0x0000002c   Code   RO         5390    i.Motor_3508_PID_Init  task_shoot.o
    0x08003fa0   0x08003fa0   0x00000038   Code   RO         5391    i.Motor_3508_Send   task_shoot.o
    0x08003fd8   0x08003fd8   0x00000002   Code   RO          524    i.NMI_Handler       stm32f4xx_it.o
    0x08003fda   0x08003fda   0x00000002   PAD
    0x08003fdc   0x08003fdc   0x00000058   Code   RO         5543    i.PitchGravityCompensation  task_gimbal.o
    0x08004034   0x08004034   0x000000a8   Code   RO         5322    i.RC_Data_Update    task_rc.o
    0x080040dc   0x080040dc   0x00000034   Code   RO         5323    i.RC_InitConfig     task_rc.o
    0x08004110   0x08004110   0x00000038   Code   RO         5324    i.RC_Receive_Enable  task_rc.o
    0x08004148   0x08004148   0x000000a8   Code   RO         5325    i.RC_UART_IRQHandler  task_rc.o
    0x080041f0   0x080041f0   0x00000058   Code   RO         2236    i.SPI_EndRxTxTransaction  stm32f4xx_hal_spi.o
    0x08004248   0x08004248   0x00000094   Code   RO         2241    i.SPI_WaitFlagStateUntilTimeout  stm32f4xx_hal_spi.o
    0x080042dc   0x080042dc   0x0000001c   Code   RO         5544    i.SmoothFilter      task_gimbal.o
    0x080042f8   0x080042f8   0x00000018   Code   RO         5468    i.StatusMachine_Init  task_statusmachine.o
    0x08004310   0x08004310   0x0000011c   Code   RO         5469    i.StatusMachine_Update  task_statusmachine.o
    0x0800442c   0x0800442c   0x00000044   Code   RO         5392    i.StirMotor_Blocked_Detect  task_shoot.o
    0x08004470   0x08004470   0x000000f0   Code   RO         5393    i.StirMotor_Control  task_shoot.o
    0x08004560   0x08004560   0x0000002c   Code   RO         5394    i.StirMotor_Init    task_shoot.o
    0x0800458c   0x0800458c   0x000000a0   Code   RO         5395    i.Stir_Motor_Speed_Control  task_shoot.o
    0x0800462c   0x0800462c   0x0000002c   Code   RO         5013    i.SysTick_Handler   port.o
    0x08004658   0x08004658   0x00000084   Code   RO           15    i.SystemClock_Config  main.o
    0x080046dc   0x080046dc   0x0000001c   Code   RO         3764    i.SystemInit        system_stm32f4xx.o
    0x080046f8   0x080046f8   0x0000000c   Code   RO          525    i.TIM2_IRQHandler   stm32f4xx_it.o
    0x08004704   0x08004704   0x000000c8   Code   RO         2599    i.TIM_Base_SetConfig  stm32f4xx_hal_tim.o
    0x080047cc   0x080047cc   0x0000001a   Code   RO         2600    i.TIM_CCxChannelCmd  stm32f4xx_hal_tim.o
    0x080047e6   0x080047e6   0x00000002   PAD
    0x080047e8   0x080047e8   0x00000060   Code   RO         2612    i.TIM_OC1_SetConfig  stm32f4xx_hal_tim.o
    0x08004848   0x08004848   0x0000006c   Code   RO         2613    i.TIM_OC2_SetConfig  stm32f4xx_hal_tim.o
    0x080048b4   0x080048b4   0x00000068   Code   RO         2614    i.TIM_OC3_SetConfig  stm32f4xx_hal_tim.o
    0x0800491c   0x0800491c   0x00000050   Code   RO         2615    i.TIM_OC4_SetConfig  stm32f4xx_hal_tim.o
    0x0800496c   0x0800496c   0x00000048   Code   RO         5095    i.Task_CAN          task_can.o
    0x080049b4   0x080049b4   0x000000a4   Code   RO         5160    i.Task_Communication  task_communication.o
    0x08004a58   0x08004a58   0x0000005c   Code   RO         5545    i.Task_Gimbal       task_gimbal.o
    0x08004ab4   0x08004ab4   0x00000022   Code   RO         5514    i.Task_IMU          task_imu.o
    0x08004ad6   0x08004ad6   0x00000002   PAD
    0x08004ad8   0x08004ad8   0x000001f4   Code   RO         5206    i.Task_Init         task_init.o
    0x08004ccc   0x08004ccc   0x00000024   Code   RO         5618    i.Task_JetsonComm   task_jetsoncomm.o
    0x08004cf0   0x08004cf0   0x00000024   Code   RO         5247    i.Task_LEDBlink     task_ledblink.o
    0x08004d14   0x08004d14   0x00000024   Code   RO         5326    i.Task_RC           task_rc.o
    0x08004d38   0x08004d38   0x00000088   Code   RO         5396    i.Task_Shoot        task_shoot.o
    0x08004dc0   0x08004dc0   0x0000001a   Code   RO         5470    i.Task_StatusMachine  task_statusmachine.o
    0x08004dda   0x08004dda   0x00000002   PAD
    0x08004ddc   0x08004ddc   0x0000000c   Code   RO          526    i.UART8_IRQHandler  stm32f4xx_it.o
    0x08004de8   0x08004de8   0x00000010   Code   RO         3475    i.UART_DMAAbortOnError  stm32f4xx_hal_uart.o
    0x08004df8   0x08004df8   0x0000004a   Code   RO         3476    i.UART_DMAError     stm32f4xx_hal_uart.o
    0x08004e42   0x08004e42   0x0000002e   Code   RO         3481    i.UART_DMATransmitCplt  stm32f4xx_hal_uart.o
    0x08004e70   0x08004e70   0x0000000a   Code   RO         3483    i.UART_DMATxHalfCplt  stm32f4xx_hal_uart.o
    0x08004e7a   0x08004e7a   0x0000001c   Code   RO         3485    i.UART_EndRxTransfer  stm32f4xx_hal_uart.o
    0x08004e96   0x08004e96   0x00000012   Code   RO         3486    i.UART_EndTxTransfer  stm32f4xx_hal_uart.o
    0x08004ea8   0x08004ea8   0x00000096   Code   RO         3487    i.UART_Receive_IT   stm32f4xx_hal_uart.o
    0x08004f3e   0x08004f3e   0x00000002   PAD
    0x08004f40   0x08004f40   0x00000128   Code   RO         3488    i.UART_SetConfig    stm32f4xx_hal_uart.o
    0x08005068   0x08005068   0x00000062   Code   RO         3489    i.UART_Transmit_IT  stm32f4xx_hal_uart.o
    0x080050ca   0x080050ca   0x00000002   PAD
    0x080050cc   0x080050cc   0x00000018   Code   RO          527    i.USART1_IRQHandler  stm32f4xx_it.o
    0x080050e4   0x080050e4   0x00000018   Code   RO          528    i.USART6_IRQHandler  stm32f4xx_it.o
    0x080050fc   0x080050fc   0x00000002   Code   RO          529    i.UsageFault_Handler  stm32f4xx_it.o
    0x080050fe   0x080050fe   0x00000002   PAD
    0x08005100   0x08005100   0x000000a0   Code   RO         5619    i.Version_Init      task_jetsoncomm.o
    0x080051a0   0x080051a0   0x00000030   Code   RO         6138    i.__ARM_fpclassify  m_wm.l(fpclassify.o)
    0x080051d0   0x080051d0   0x00000020   Code   RO         1800    i.__NVIC_SetPriority  stm32f4xx_hal_cortex.o
    0x080051f0   0x080051f0   0x00000360   Code   RO         6012    i.__hardfp_asin     m_wm.l(asin.o)
    0x08005550   0x08005550   0x000002d8   Code   RO         6107    i.__hardfp_atan     m_wm.l(atan.o)
    0x08005828   0x08005828   0x000001f0   Code   RO         6026    i.__hardfp_atan2    m_wm.l(atan2.o)
    0x08005a18   0x08005a18   0x00000014   Code   RO         6038    i.__hardfp_fabs     m_wm.l(fabs.o)
    0x08005a2c   0x08005a2c   0x00000004   PAD
    0x08005a30   0x08005a30   0x000000c8   Code   RO         6044    i.__hardfp_sin      m_wm.l(sin.o)
    0x08005af8   0x08005af8   0x0000007a   Code   RO         6056    i.__hardfp_sqrt     m_wm.l(sqrt.o)
    0x08005b72   0x08005b72   0x00000006   PAD
    0x08005b78   0x08005b78   0x00000438   Code   RO         6143    i.__ieee754_rem_pio2  m_wm.l(rred.o)
    0x08005fb0   0x08005fb0   0x00000170   Code   RO         6121    i.__kernel_cos      m_wm.l(cos_i.o)
    0x08006120   0x08006120   0x000000f8   Code   RO         6140    i.__kernel_poly     m_wm.l(poly.o)
    0x08006218   0x08006218   0x00000130   Code   RO         6148    i.__kernel_sin      m_wm.l(sin_i.o)
    0x08006348   0x08006348   0x00000014   Code   RO         6125    i.__mathlib_dbl_infnan  m_wm.l(dunder.o)
    0x0800635c   0x0800635c   0x00000014   Code   RO         6126    i.__mathlib_dbl_infnan2  m_wm.l(dunder.o)
    0x08006370   0x08006370   0x00000020   Code   RO         6127    i.__mathlib_dbl_invalid  m_wm.l(dunder.o)
    0x08006390   0x08006390   0x00000020   Code   RO         6130    i.__mathlib_dbl_underflow  m_wm.l(dunder.o)
    0x080063b0   0x080063b0   0x0000000e   Code   RO         6198    i.__scatterload_copy  mc_w.l(handlers.o)
    0x080063be   0x080063be   0x00000002   Code   RO         6199    i.__scatterload_null  mc_w.l(handlers.o)
    0x080063c0   0x080063c0   0x0000000e   Code   RO         6200    i.__scatterload_zeroinit  mc_w.l(handlers.o)
    0x080063ce   0x080063ce   0x00000002   PAD
    0x080063d0   0x080063d0   0x0000000c   Code   RO         6176    i.__set_errno       mc_w.l(errno.o)
    0x080063dc   0x080063dc   0x00000010   Code   RO         6109    i.atan              m_wm.l(atan.o)
    0x080063ec   0x080063ec   0x00000018   Code   RO         6040    i.fabs              m_wm.l(fabs.o)
    0x08006404   0x08006404   0x0000046e   Code   RO         5708    i.imu_ahrs_update   func_imu_ob.o
    0x08006872   0x08006872   0x00000002   PAD
    0x08006874   0x08006874   0x00000170   Code   RO         5709    i.imu_attitude_update  func_imu_ob.o
    0x080069e4   0x080069e4   0x00000048   Code   RO         5710    i.imu_temp_ctrl     func_imu_ob.o
    0x08006a2c   0x08006a2c   0x000001cc   Code   RO         5711    i.init_quaternion   func_imu_ob.o
    0x08006bf8   0x08006bf8   0x0000002c   Code   RO         5712    i.inv_sqrt          func_imu_ob.o
    0x08006c24   0x08006c24   0x0000000a   Code   RO         5713    i.ist8310_get_data  func_imu_ob.o
    0x08006c2e   0x08006c2e   0x00000100   Code   RO         5714    i.ist8310_init      func_imu_ob.o
    0x08006d2e   0x08006d2e   0x00000038   Code   RO         5715    i.ist_reg_read_by_mpu  func_imu_ob.o
    0x08006d66   0x08006d66   0x00000042   Code   RO         5716    i.ist_reg_write_by_mpu  func_imu_ob.o
    0x08006da8   0x08006da8   0x00000102   Code   RO         5622    i.kalman_filter_init  task_jetsoncomm.o
    0x08006eaa   0x08006eaa   0x00000036   Code   RO           16    i.main              main.o
    0x08006ee0   0x08006ee0   0x0000000c   Code   RO         4584    i.makeFreeRtosPriority  cmsis_os.o
    0x08006eec   0x08006eec   0x00000064   Code   RO         5717    i.mpu_device_init   func_imu_ob.o
    0x08006f50   0x08006f50   0x000000f8   Code   RO         5718    i.mpu_get_data      func_imu_ob.o
    0x08007048   0x08007048   0x0000008e   Code   RO         5719    i.mpu_master_i2c_auto_read_config  func_imu_ob.o
    0x080070d6   0x080070d6   0x00000002   PAD
    0x080070d8   0x080070d8   0x000000a4   Code   RO         5720    i.mpu_offset_call   func_imu_ob.o
    0x0800717c   0x0800717c   0x00000050   Code   RO         5721    i.mpu_read_byte     func_imu_ob.o
    0x080071cc   0x080071cc   0x0000005c   Code   RO         5722    i.mpu_read_bytes    func_imu_ob.o
    0x08007228   0x08007228   0x0000000a   Code   RO         5723    i.mpu_set_accel_fsr  func_imu_ob.o
    0x08007232   0x08007232   0x0000000a   Code   RO         5724    i.mpu_set_gyro_fsr  func_imu_ob.o
    0x0800723c   0x0800723c   0x00000054   Code   RO         5725    i.mpu_write_byte    func_imu_ob.o
    0x08007290   0x08007290   0x0000000a   Code   RO         4589    i.osKernelStart     cmsis_os.o
    0x0800729a   0x0800729a   0x00000054   Code   RO         4623    i.osThreadCreate    cmsis_os.o
    0x080072ee   0x080072ee   0x00000002   PAD
    0x080072f0   0x080072f0   0x00000070   Code   RO         4266    i.prvAddCurrentTaskToDelayedList  tasks.o
    0x08007360   0x08007360   0x000000d0   Code   RO         4267    i.prvAddNewTaskToReadyList  tasks.o
    0x08007430   0x08007430   0x00000026   Code   RO         3942    i.prvCopyDataFromQueue  queue.o
    0x08007456   0x08007456   0x0000006c   Code   RO         3943    i.prvCopyDataToQueue  queue.o
    0x080074c2   0x080074c2   0x00000034   Code   RO         4268    i.prvDeleteTCB      tasks.o
    0x080074f6   0x080074f6   0x00000002   PAD
    0x080074f8   0x080074f8   0x0000004c   Code   RO         4951    i.prvHeapInit       heap_4.o
    0x08007544   0x08007544   0x00000060   Code   RO         4269    i.prvIdleTask       tasks.o
    0x080075a4   0x080075a4   0x00000016   Code   RO         3945    i.prvInitialiseNewQueue  queue.o
    0x080075ba   0x080075ba   0x00000002   PAD
    0x080075bc   0x080075bc   0x000000b0   Code   RO         4270    i.prvInitialiseNewTask  tasks.o
    0x0800766c   0x0800766c   0x0000004c   Code   RO         4952    i.prvInsertBlockIntoFreeList  heap_4.o
    0x080076b8   0x080076b8   0x0000001c   Code   RO         3946    i.prvIsQueueEmpty   queue.o
    0x080076d4   0x080076d4   0x00000020   Code   RO         4271    i.prvResetNextTaskUnblockTime  tasks.o
    0x080076f4   0x080076f4   0x00000028   Code   RO         5014    i.prvTaskExitError  port.o
    0x0800771c   0x0800771c   0x0000006a   Code   RO         3947    i.prvUnlockQueue    queue.o
    0x08007786   0x08007786   0x00000002   PAD
    0x08007788   0x08007788   0x000000d8   Code   RO         4953    i.pvPortMalloc      heap_4.o
    0x08007860   0x08007860   0x0000002c   Code   RO         5015    i.pxPortInitialiseStack  port.o
    0x0800788c   0x0800788c   0x0000006e   Code   RO         6058    i.sqrt              m_wm.l(sqrt.o)
    0x080078fa   0x080078fa   0x00000002   PAD
    0x080078fc   0x080078fc   0x00000068   Code   RO         4274    i.ulTaskNotifyTake  tasks.o
    0x08007964   0x08007964   0x00000026   Code   RO         3902    i.uxListRemove      list.o
    0x0800798a   0x0800798a   0x00000002   PAD
    0x0800798c   0x0800798c   0x00000014   Code   RO          248    i.vApplicationGetIdleTaskMemory  freertos.o
    0x080079a0   0x080079a0   0x00000016   Code   RO         3903    i.vListInitialise   list.o
    0x080079b6   0x080079b6   0x00000006   Code   RO         3904    i.vListInitialiseItem  list.o
    0x080079bc   0x080079bc   0x00000030   Code   RO         3905    i.vListInsert       list.o
    0x080079ec   0x080079ec   0x00000018   Code   RO         3906    i.vListInsertEnd    list.o
    0x08007a04   0x08007a04   0x00000040   Code   RO         5017    i.vPortEnterCritical  port.o
    0x08007a44   0x08007a44   0x00000028   Code   RO         5018    i.vPortExitCritical  port.o
    0x08007a6c   0x08007a6c   0x0000005c   Code   RO         4954    i.vPortFree         heap_4.o
    0x08007ac8   0x08007ac8   0x00000024   Code   RO         5019    i.vPortSetupTimerInterrupt  port.o
    0x08007aec   0x08007aec   0x00000054   Code   RO         5020    i.vPortValidateInterruptPriority  port.o
    0x08007b40   0x08007b40   0x0000004c   Code   RO         4280    i.vTaskDelay        tasks.o
    0x08007b8c   0x08007b8c   0x0000008c   Code   RO         4281    i.vTaskDelayUntil   tasks.o
    0x08007c18   0x08007c18   0x000000ac   Code   RO         4282    i.vTaskDelete       tasks.o
    0x08007cc4   0x08007cc4   0x00000010   Code   RO         4284    i.vTaskInternalSetTimeOutState  tasks.o
    0x08007cd4   0x08007cd4   0x0000000c   Code   RO         4285    i.vTaskMissedYield  tasks.o
    0x08007ce0   0x08007ce0   0x000000b4   Code   RO         4286    i.vTaskNotifyGiveFromISR  tasks.o
    0x08007d94   0x08007d94   0x00000030   Code   RO         4287    i.vTaskPlaceOnEventList  tasks.o
    0x08007dc4   0x08007dc4   0x0000006c   Code   RO         4294    i.vTaskStartScheduler  tasks.o
    0x08007e30   0x08007e30   0x00000010   Code   RO         4296    i.vTaskSuspendAll   tasks.o
    0x08007e40   0x08007e40   0x0000005c   Code   RO         4297    i.vTaskSwitchContext  tasks.o
    0x08007e9c   0x08007e9c   0x000000f4   Code   RO         5021    i.xPortStartScheduler  port.o
    0x08007f90   0x08007f90   0x00000048   Code   RO         3956    i.xQueueGenericCreate  queue.o
    0x08007fd8   0x08007fd8   0x00000088   Code   RO         3958    i.xQueueGenericReset  queue.o
    0x08008060   0x08008060   0x00000160   Code   RO         3959    i.xQueueGenericSend  queue.o
    0x080081c0   0x080081c0   0x00000138   Code   RO         3966    i.xQueueReceive     queue.o
    0x080082f8   0x080082f8   0x00000074   Code   RO         4298    i.xTaskCheckForTimeOut  tasks.o
    0x0800836c   0x0800836c   0x0000005a   Code   RO         4299    i.xTaskCreate       tasks.o
    0x080083c6   0x080083c6   0x00000056   Code   RO         4300    i.xTaskCreateStatic  tasks.o
    0x0800841c   0x0800841c   0x000000e0   Code   RO         4301    i.xTaskGenericNotify  tasks.o
    0x080084fc   0x080084fc   0x0000001c   Code   RO         4304    i.xTaskGetSchedulerState  tasks.o
    0x08008518   0x08008518   0x0000000c   Code   RO         4305    i.xTaskGetTickCount  tasks.o
    0x08008524   0x08008524   0x000000c8   Code   RO         4307    i.xTaskIncrementTick  tasks.o
    0x080085ec   0x080085ec   0x00000098   Code   RO         4310    i.xTaskPriorityDisinherit  tasks.o
    0x08008684   0x08008684   0x00000074   Code   RO         4312    i.xTaskRemoveFromEventList  tasks.o
    0x080086f8   0x080086f8   0x000000c4   Code   RO         4313    i.xTaskResumeAll    tasks.o
    0x080087bc   0x080087bc   0x0000001c   Data   RO          250    .constdata          freertos.o
    0x080087d8   0x080087d8   0x00000008   Data   RO         1499    .constdata          stm32f4xx_hal_dma.o
    0x080087e0   0x080087e0   0x00000010   Data   RO         3765    .constdata          system_stm32f4xx.o
    0x080087f0   0x080087f0   0x00000008   Data   RO         3766    .constdata          system_stm32f4xx.o
    0x080087f8   0x080087f8   0x00000014   Data   RO         5727    .constdata          func_imu_ob.o
    0x0800880c   0x0800880c   0x00000004   PAD
    0x08008810   0x08008810   0x00000050   Data   RO         6015    .constdata          m_wm.l(asin.o)
    0x08008860   0x08008860   0x00000098   Data   RO         6110    .constdata          m_wm.l(atan.o)
    0x080088f8   0x080088f8   0x00000030   Data   RO         6122    .constdata          m_wm.l(cos_i.o)
    0x08008928   0x08008928   0x00000008   Data   RO         6142    .constdata          m_wm.l(qnan.o)
    0x08008930   0x08008930   0x000000c8   Data   RO         6145    .constdata          m_wm.l(rred.o)
    0x080089f8   0x080089f8   0x00000028   Data   RO         6149    .constdata          m_wm.l(sin_i.o)
    0x08008a20   0x08008a20   0x0000000c   Data   RO          251    .conststring        freertos.o
    0x08008a2c   0x08008a2c   0x00000020   Data   RO         6196    Region$$Table       anon$$obj.o


    Execution Region RW_IRAM2 (Exec base: 0x10000000, Load base: 0x08008a80, Size: 0x00000000, Max: 0x00010000, ABSOLUTE)

    **** No section assigned to this execution region ****


    Execution Region RW_IRAM1 (Exec base: 0x20000000, Load base: 0x08008a4c, Size: 0x00004f00, Max: 0x00030000, ABSOLUTE, COMPRESSED[0x00000034])

    Exec Addr    Load Addr    Size         Type   Attr      Idx    E Section Name        Object

    0x20000000   COMPRESSED   0x00000004   Data   RW          252    .data               freertos.o
    0x20000004   COMPRESSED   0x00000004   Data   RW          301    .data               can.o
    0x20000008   COMPRESSED   0x0000000c   Data   RW         1946    .data               stm32f4xx_hal.o
    0x20000014   COMPRESSED   0x00000004   Data   RW         3767    .data               system_stm32f4xx.o
    0x20000018   COMPRESSED   0x0000003c   Data   RW         4316    .data               tasks.o
    0x20000054   COMPRESSED   0x00000018   Data   RW         4959    .data               heap_4.o
    0x2000006c   COMPRESSED   0x0000000c   Data   RW         5022    .data               port.o
    0x20000078   COMPRESSED   0x00000028   Data   RW         5207    .data               task_init.o
    0x200000a0   COMPRESSED   0x00000008   Data   RW         5276    .data               task_measure.o
    0x200000a8   COMPRESSED   0x00000002   Data   RW         5328    .data               task_rc.o
    0x200000aa   COMPRESSED   0x00000002   PAD
    0x200000ac   COMPRESSED   0x00000010   Data   RW         5399    .data               task_shoot.o
    0x200000bc   COMPRESSED   0x00000005   Data   RW         5471    .data               task_statusmachine.o
    0x200000c1   COMPRESSED   0x00000003   PAD
    0x200000c4   COMPRESSED   0x0000002c   Data   RW         5547    .data               task_gimbal.o
    0x200000f0   COMPRESSED   0x0000005c   Data   RW         5624    .data               task_jetsoncomm.o
    0x2000014c   COMPRESSED   0x00000098   Data   RW         5728    .data               func_imu_ob.o
    0x200001e4   COMPRESSED   0x00000004   Data   RW         6177    .data               mc_w.l(errno.o)
    0x200001e8        -       0x00000254   Zero   RW          249    .bss                freertos.o
    0x2000043c        -       0x00000050   Zero   RW          300    .bss                can.o
    0x2000048c        -       0x00000058   Zero   RW          372    .bss                spi.o
    0x200004e4        -       0x00000040   Zero   RW          415    .bss                tim.o
    0x20000524        -       0x000002a0   Zero   RW          464    .bss                usart.o
    0x200007c4        -       0x00000040   Zero   RW          703    .bss                stm32f4xx_hal_timebase_tim.o
    0x20000804        -       0x000000f0   Zero   RW         4315    .bss                tasks.o
    0x200008f4        -       0x00003c00   Zero   RW         4958    .bss                heap_4.o
    0x200044f4        -       0x00000010   Zero   RW         5096    .bss                task_can.o
    0x20004504        -       0x00000028   Zero   RW         5161    .bss                task_communication.o
    0x2000452c        -       0x0000004a   Zero   RW         5327    .bss                task_rc.o
    0x20004576   COMPRESSED   0x00000002   PAD
    0x20004578        -       0x00000088   Zero   RW         5397    .bss                task_shoot.o
    0x20004600        -       0x000000a8   Zero   RW         5546    .bss                task_gimbal.o
    0x200046a8        -       0x00000428   Zero   RW         5623    .bss                task_jetsoncomm.o
    0x20004ad0        -       0x0000002e   Zero   RW         5726    .bss                func_imu_ob.o
    0x20004afe   COMPRESSED   0x00000002   PAD
    0x20004b00        -       0x00000400   Zero   RW            1    STACK               startup_stm32f427xx.o


==============================================================================

Image component sizes


      Code (inc. data)   RO Data    RW Data    ZI Data      Debug   Object Name

       388         40          0          4         80       2470   can.o
       106          0          0          0          0      22487   cmsis_os.o
       124          4          0          0          0        838   dma.o
         0          0          0          0          0      18828   event_groups.o
        60         14         40          4        596       1951   freertos.o
      3396        220         20        152         46      14392   func_imu_ob.o
       312         22          0          0          0       1107   gpio.o
       460         24          0         24      15360       7371   heap_4.o
       138          0          0          0          0       3590   list.o
       202          8          0          0          0     786776   main.o
       786         82          0         12          0      12037   port.o
      1174         14          0          0          0      13807   queue.o
       176         22          0          0         88       1681   spi.o
        36          8        428          0       1024        844   startup_stm32f427xx.o
       116         18          0         12          0       8914   stm32f4xx_hal.o
      1636          6          0          0          0      13843   stm32f4xx_hal_can.o
       158         14          0          0          0      33194   stm32f4xx_hal_cortex.o
       938         16          8          0          0       6522   stm32f4xx_hal_dma.o
       130          0          0          0          0       2173   stm32f4xx_hal_dma_ex.o
       492         54          0          0          0       3065   stm32f4xx_hal_gpio.o
        48          6          0          0          0        846   stm32f4xx_hal_msp.o
      1396         86          0          0          0       5941   stm32f4xx_hal_rcc.o
       846          8          0          0          0       4773   stm32f4xx_hal_spi.o
      1400         90          0          0          0      13343   stm32f4xx_hal_tim.o
       148         28          0          0          0       2485   stm32f4xx_hal_tim_ex.o
       116         14          0          0         64       1423   stm32f4xx_hal_timebase_tim.o
      1246         30          0          0          0      11353   stm32f4xx_hal_uart.o
       168         66          0          0          0      23284   stm32f4xx_it.o
         0          0          0          0          0        384   stream_buffer.o
        28          6         24          4          0       1155   system_stm32f4xx.o
       436         62          0          0         16       4579   task_can.o
       244         30          0          0         40       2869   task_communication.o
      2420        308          0         44        168       9012   task_gimbal.o
        34          0          0          0          0        555   task_imu.o
       612        210          0         40          0       3151   task_init.o
      1598        172          0         92       1064      10066   task_jetsoncomm.o
        36          4          0          0          0        560   task_ledblink.o
         0          0          0          8          0        871   task_measure.o
       552         54          0          2         74       5683   task_rc.o
       956        142          0         16        136       6453   task_shoot.o
       334         22          0          5          0       3442   task_statusmachine.o
      2860        210          0         60        240      31523   tasks.o
       232         30          0          0         64       2283   tim.o
       784         76          0          0        672       3611   usart.o

    ----------------------------------------------------------------------
     27384       2220        556        484      19736    1105535   Object Totals
         0          0         32          0          0          0   (incl. Generated)
        62          0          4          5          4          0   (incl. Padding)

    ----------------------------------------------------------------------

      Code (inc. data)   RO Data    RW Data    ZI Data      Debug   Library Member Name

         0          0          0          0          0      16312   arm_mat_add_f32.o
         8          0          0          0          0        883   arm_mat_init_f32.o
       252          0          0          0          0       2116   arm_mat_trans_f32.o
       864         94         80          0          0        280   asin.o
       744        106        152          0          0        352   atan.o
       496         64          0          0          0        192   atan2.o
       368         46         48          0          0        200   cos_i.o
       104         16          0          0          0        496   dunder.o
        44          0          0          0          0        248   fabs.o
        48          0          0          0          0        124   fpclassify.o
       248          0          0          0          0        152   poly.o
         0          0          8          0          0          0   qnan.o
      1080        142        200          0          0        188   rred.o
       200         20          0          0          0        164   sin.o
       304         24         40          0          0        208   sin_i.o
       232          0          0          0          0        296   sqrt.o
        58          0          0          0          0          0   __dczerorl.o
         0          0          0          0          0          0   entry.o
         0          0          0          0          0          0   entry10a.o
         0          0          0          0          0          0   entry11a.o
         8          4          0          0          0          0   entry2.o
         4          0          0          0          0          0   entry5.o
         0          0          0          0          0          0   entry7b.o
         0          0          0          0          0          0   entry8b.o
         8          4          0          0          0          0   entry9a.o
        12          6          0          4          0         68   errno.o
        30          0          0          0          0          0   handlers.o
        36          8          0          0          0         68   init.o
         0          0          0          0          0          0   iusefp.o
        30          0          0          0          0         68   llshl.o
        36          0          0          0          0         68   llsshr.o
        32          0          0          0          0         68   llushr.o
        36          0          0          0          0         68   memcpya.o
        36          0          0          0          0        108   memseta.o
        98          0          0          0          0         92   uldiv.o
        48          0          0          0          0         68   cdrcmple.o
        56          0          0          0          0         88   d2f.o
       334          0          0          0          0        148   dadd.o
       222          0          0          0          0        100   ddiv.o
       186          0          0          0          0        176   depilogue.o
        62          0          0          0          0         80   dfixi.o
        34          0          0          0          0         76   dflti.o
        26          0          0          0          0         76   dfltui.o
       228          0          0          0          0         96   dmul.o
       162          0          0          0          0        100   dsqrt.o
        38          0          0          0          0         68   f2d.o
       110          0          0          0          0        168   fepilogue.o

    ----------------------------------------------------------------------
      6936        534        528          4          0      24063   Library Totals
        14          0          0          0          0          0   (incl. Padding)

    ----------------------------------------------------------------------

      Code (inc. data)   RO Data    RW Data    ZI Data      Debug   Library Name

       260          0          0          0          0      19311   arm_cortexM4l_math.lib
      4732        512        528          0          0       2900   m_wm.l
       424         22          0          4          0        608   mc_w.l
      1506          0          0          0          0       1244   mf_w.l

    ----------------------------------------------------------------------
      6936        534        528          4          0      24063   Library Totals

    ----------------------------------------------------------------------

==============================================================================


      Code (inc. data)   RO Data    RW Data    ZI Data      Debug   

     34320       2754       1084        488      19736    1104094   Grand Totals
     34320       2754       1084         52      19736    1104094   ELF Image Totals (compressed)
     34320       2754       1084         52          0          0   ROM Totals

==============================================================================

    Total RO  Size (Code + RO Data)                35404 (  34.57kB)
    Total RW  Size (RW Data + ZI Data)             20224 (  19.75kB)
    Total ROM Size (Code + RO Data + RW Data)      35456 (  34.63kB)

==============================================================================

